[OK] cells/html-converter: 5 files (Program.cs, README.md, example.manifest.json, expected-output.json, html-converter.csproj)
[OK] cells/image-converter: 5 files (Program.cs, README.md, example.manifest.json, expected-output.json, image-converter.csproj)
[OK] cells/json-converter: 5 files (Program.cs, README.md, example.manifest.json, expected-output.json, json-converter.csproj)
[OK] cells/pdf-converter: 5 files (Program.cs, README.md, example.manifest.json, expected-output.json, pdf-converter.csproj)
[OK] cells/spreadsheet-converter: 5 files (Program.cs, README.md, example.manifest.json, expected-output.json, spreadsheet-converter.csproj)
[OK] cells/spreadsheet-locker: 5 files (Program.cs, README.md, example.manifest.json, expected-output.json, spreadsheet-locker.csproj)
[OK] cells/spreadsheet-merger: 5 files (Program.cs, README.md, example.manifest.json, expected-output.json, spreadsheet-merger.csproj)
[OK] cells/spreadsheet-splitter: 5 files (Program.cs, README.md, example.manifest.json, expected-output.json, spreadsheet-splitter.csproj)
[OK] cells/text-converter: 5 files (Program.cs, README.md, example.manifest.json, expected-output.json, text-converter.csproj)
[OK] diagram/diagram-converter: 5 files (Program.cs, README.md, diagram-converter.csproj, example.manifest.json, expected-output.json)
[OK] diagram/pdf-converter: 5 files (Program.cs, README.md, example.manifest.json, expected-output.json, pdf-converter.csproj)
[OK] email/converter: 5 files (Program.cs, README.md, converter.csproj, example.manifest.json, expected-output.json)
[OK] pdf/doc-converter: 5 files (Program.cs, README.md, example.manifest.json, expected-output.json, pdf-doc-converter.csproj)
[OK] pdf/html: 5 files (Program.cs, README.md, example.manifest.json, expected-output.json, pdf-html.csproj)
[OK] pdf/xls-converter: 5 files (Program.cs, README.md, example.manifest.json, expected-output.json, pdf-xls-converter.csproj)
[OK] pdf/jpeg: 5 files (Program.cs, README.md, example.manifest.json, expected-output.json, pdf-jpeg.csproj)
[OK] pdf/png: 5 files (Program.cs, README.md, example.manifest.json, expected-output.json, pdf-png.csproj)
[OK] pdf/tiff: 5 files (Program.cs, README.md, example.manifest.json, expected-output.json, pdf-tiff.csproj)
[OK] pdf/image-extractor: 5 files (Program.cs, README.md, example.manifest.json, expected-output.json, pdf-image-extractor.csproj)
[OK] pdf/table-generator: 5 files (Program.cs, README.md, example.manifest.json, expected-output.json, pdf-table-generator.csproj)
[OK] pdf/toc-generator: 5 files (Program.cs, README.md, example.manifest.json, expected-output.json, pdf-toc-generator.csproj)
[OK] pdf/form-flattener: 5 files (Program.cs, README.md, example.manifest.json, expected-output.json, form-flattener.csproj)
[OK] pdf/security: 5 files (Program.cs, README.md, example.manifest.json, expected-output.json, security.csproj)
[OK] pdf/form-editor: 5 files (Program.cs, README.md, example.manifest.json, expected-output.json, form-editor.csproj)
[OK] pdf/form-exporter: 5 files (Program.cs, README.md, example.manifest.json, expected-output.json, form-exporter.csproj)
[OK] pdf/signature: 5 files (Program.cs, README.md, example.manifest.json, expected-output.json, signature.csproj)
[OK] pdf/merger: 5 files (Program.cs, README.md, example.manifest.json, expected-output.json, merger.csproj)
[OK] pdf/optimizer: 5 files (Program.cs, README.md, example.manifest.json, expected-output.json, optimizer.csproj)
[OK] pdf/pdf-aconverter: 5 files (Program.cs, README.md, example.manifest.json, expected-output.json, pdf-aconverter.csproj)
[OK] pdf/splitter: 5 files (Program.cs, README.md, example.manifest.json, expected-output.json, splitter.csproj)
[OK] pdf/text-extractor: 5 files (Program.cs, README.md, example.manifest.json, expected-output.json, text-extractor.csproj)
[OK] pdf/timestamp: 3 files (Program.cs, example.manifest.json, timestamp.csproj)
[OK] slides/compress: 5 files (Program.cs, README.md, compress.csproj, example.manifest.json, expected-output.json)
[OK] slides/convert: 5 files (Program.cs, README.md, convert.csproj, example.manifest.json, expected-output.json)
[OK] slides/merger: 5 files (Program.cs, README.md, example.manifest.json, expected-output.json, merger.csproj)
[OK] words/comparer: 5 files (Program.cs, README.md, comparer.csproj, example.manifest.json, expected-output.json)
[OK] words/converter: 5 files (Program.cs, README.md, converter.csproj, example.manifest.json, expected-output.json)
[OK] words/mail-merger: 5 files (Program.cs, README.md, example.manifest.json, expected-output.json, mail-merger.csproj)
[OK] words/merger: 5 files (Program.cs, README.md, example.manifest.json, expected-output.json, merger.csproj)
[OK] words/replacer: 5 files (Program.cs, README.md, example.manifest.json, expected-output.json, replacer.csproj)
[OK] words/report-builder: 5 files (Program.cs, README.md, example.manifest.json, expected-output.json, report-builder.csproj)
[OK] words/signer: 5 files (Program.cs, README.md, example.manifest.json, expected-output.json, signer.csproj)
[OK] words/splitter: 5 files (Program.cs, README.md, example.manifest.json, expected-output.json, splitter.csproj)
[OK] words/watermarker: 5 files (Program.cs, README.md, example.manifest.json, expected-output.json, watermarker.csproj)