# Raw Commands Log — lowcode-post-pub-patrol-20260603
# Each command logged with timestamp and exit code

[11:16:33] gh api repos/aspose-cells-net/Aspose.Cells.LowCode-for-.NET-Examples/commits/main -> sha=0559fc3dd9f509663b166ae9cdb63968d3579488
[11:16:33] gh api repos/aspose-cells-net/Aspose.Cells.LowCode-for-.NET-Examples/branches -> ["main"]
[11:16:33] gh api repos/aspose-cells-net/Aspose.Cells.LowCode-for-.NET-Examples/pulls?state=open -> count=0
[11:16:33] gh api repos/aspose-cells-net/Aspose.Cells.LowCode-for-.NET-Examples/contents/examples/cells/lowcode -> count=9
[11:16:37] gh api repos/aspose-diagram-net/Aspose.Diagram.LowCode-for-.NET-Examples/commits/main -> sha=8c035d40c8163aaf3490aac2f01fedb140527454
[11:16:37] gh api repos/aspose-diagram-net/Aspose.Diagram.LowCode-for-.NET-Examples/branches -> ["main"]
[11:16:37] gh api repos/aspose-diagram-net/Aspose.Diagram.LowCode-for-.NET-Examples/pulls?state=open -> count=0
[11:16:37] gh api repos/aspose-diagram-net/Aspose.Diagram.LowCode-for-.NET-Examples/contents/examples/diagram/lowcode -> count=4
[11:16:41] gh api repos/aspose-email-net/Aspose.Email.LowCode-for-.NET-Examples/commits/main -> sha=9fbfdc555e14126d6ada569643b37d71bb3dde49
[11:16:41] gh api repos/aspose-email-net/Aspose.Email.LowCode-for-.NET-Examples/branches -> ["main"]
[11:16:41] gh api repos/aspose-email-net/Aspose.Email.LowCode-for-.NET-Examples/pulls?state=open -> count=0
[11:16:41] gh api repos/aspose-email-net/Aspose.Email.LowCode-for-.NET-Examples/contents/examples/email/lowcode -> count=1
[11:16:45] gh api repos/aspose-pdf-net/Aspose.PDF.LowCode-for-.NET-Examples/commits/main -> sha=b58f49a624b73e29fac8c9b7e0c642614e080fbf
[11:16:45] gh api repos/aspose-pdf-net/Aspose.PDF.LowCode-for-.NET-Examples/branches -> ["main"]
[11:16:45] gh api repos/aspose-pdf-net/Aspose.PDF.LowCode-for-.NET-Examples/pulls?state=open -> count=0
[11:16:45] gh api repos/aspose-pdf-net/Aspose.PDF.LowCode-for-.NET-Examples/contents/examples/pdf/lowcode -> count=21
[11:16:49] gh api repos/aspose-slides-net/Aspose.Slides.LowCode-for-.NET-Examples/commits/main -> sha=739f9945541e3eb6ddbbfcdbd35273340142e563
[11:16:49] gh api repos/aspose-slides-net/Aspose.Slides.LowCode-for-.NET-Examples/branches -> ["main"]
[11:16:49] gh api repos/aspose-slides-net/Aspose.Slides.LowCode-for-.NET-Examples/pulls?state=open -> count=0
[11:16:50] gh api repos/aspose-slides-net/Aspose.Slides.LowCode-for-.NET-Examples/contents/examples/slides/lowcode -> count=3
[11:16:54] gh api repos/aspose-words-net/Aspose.Words.LowCode-for-.NET-Examples/commits/main -> sha=bf47faf4bf1a23182c97a22a0d17b06c5c0355b9
[11:16:54] gh api repos/aspose-words-net/Aspose.Words.LowCode-for-.NET-Examples/branches -> ["main"]
[11:16:54] gh api repos/aspose-words-net/Aspose.Words.LowCode-for-.NET-Examples/pulls?state=open -> count=0
[11:16:54] gh api repos/aspose-words-net/Aspose.Words.LowCode-for-.NET-Examples/contents/examples/words/lowcode -> count=9
[11:18:16] dotnet restore cells/html-converter -> rc=0
[11:18:16] dotnet build cells/html-converter -> rc=0
[11:18:16] dotnet run cells/html-converter -> rc=0
[11:18:24] dotnet restore cells/image-converter -> rc=0
[11:18:24] dotnet build cells/image-converter -> rc=0
[11:18:24] dotnet run cells/image-converter -> rc=0
[11:18:31] dotnet restore cells/json-converter -> rc=0
[11:18:31] dotnet build cells/json-converter -> rc=0
[11:18:31] dotnet run cells/json-converter -> rc=0
[11:18:37] dotnet restore cells/pdf-converter -> rc=0
[11:18:37] dotnet build cells/pdf-converter -> rc=0
[11:18:37] dotnet run cells/pdf-converter -> rc=0
[11:18:43] dotnet restore cells/spreadsheet-converter -> rc=0
[11:18:43] dotnet build cells/spreadsheet-converter -> rc=0
[11:18:43] dotnet run cells/spreadsheet-converter -> rc=0
[11:18:50] dotnet restore cells/spreadsheet-locker -> rc=0
[11:18:50] dotnet build cells/spreadsheet-locker -> rc=0
[11:18:50] dotnet run cells/spreadsheet-locker -> rc=0
[11:18:57] dotnet restore cells/spreadsheet-merger -> rc=0
[11:18:57] dotnet build cells/spreadsheet-merger -> rc=0
[11:18:57] dotnet run cells/spreadsheet-merger -> rc=0
[11:19:03] dotnet restore cells/spreadsheet-splitter -> rc=0
[11:19:03] dotnet build cells/spreadsheet-splitter -> rc=0
[11:19:03] dotnet run cells/spreadsheet-splitter -> rc=0
[11:19:10] dotnet restore cells/text-converter -> rc=0
[11:19:10] dotnet build cells/text-converter -> rc=0
[11:19:10] dotnet run cells/text-converter -> rc=0
[11:19:17] dotnet restore diagram/diagram-converter -> rc=0
[11:19:17] dotnet build diagram/diagram-converter -> rc=0
[11:19:17] dotnet run diagram/diagram-converter -> rc=0
[11:19:25] dotnet restore diagram/pdf-converter -> rc=0
[11:19:25] dotnet build diagram/pdf-converter -> rc=0
[11:19:25] dotnet run diagram/pdf-converter -> rc=0
[11:19:32] dotnet restore email/converter -> rc=0
[11:19:32] dotnet build email/converter -> rc=0
[11:19:32] dotnet run email/converter -> rc=0
[11:19:42] dotnet restore pdf/doc-converter -> rc=0
[11:19:42] dotnet build pdf/doc-converter -> rc=0
[11:19:42] dotnet run pdf/doc-converter -> rc=0
[11:19:51] dotnet restore pdf/form-editor -> rc=0
[11:19:51] dotnet build pdf/form-editor -> rc=0
[11:19:51] dotnet run pdf/form-editor -> rc=0
[11:19:59] dotnet restore pdf/form-exporter -> rc=0
[11:19:59] dotnet build pdf/form-exporter -> rc=0
[11:19:59] dotnet run pdf/form-exporter -> rc=0
[11:20:07] dotnet restore pdf/form-flattener -> rc=0
[11:20:07] dotnet build pdf/form-flattener -> rc=0
[11:20:07] dotnet run pdf/form-flattener -> rc=0
[11:20:16] dotnet restore pdf/html -> rc=0
[11:20:16] dotnet build pdf/html -> rc=0
[11:20:16] dotnet run pdf/html -> rc=0
[11:20:25] dotnet restore pdf/image-extractor -> rc=0
[11:20:25] dotnet build pdf/image-extractor -> rc=0
[11:20:25] dotnet run pdf/image-extractor -> rc=0
[11:20:33] dotnet restore pdf/jpeg -> rc=0
[11:20:33] dotnet build pdf/jpeg -> rc=0
[11:20:33] dotnet run pdf/jpeg -> rc=0
[11:20:43] dotnet restore pdf/merger -> rc=0
[11:20:43] dotnet build pdf/merger -> rc=0
[11:20:43] dotnet run pdf/merger -> rc=0
[11:20:51] dotnet restore pdf/optimizer -> rc=0
[11:20:51] dotnet build pdf/optimizer -> rc=0
[11:20:51] dotnet run pdf/optimizer -> rc=0
[11:20:59] dotnet restore pdf/pdfa-converter -> rc=0
[11:20:59] dotnet build pdf/pdfa-converter -> rc=0
[11:20:59] dotnet run pdf/pdfa-converter -> rc=0
[11:21:06] dotnet restore pdf/png -> rc=0
[11:21:06] dotnet build pdf/png -> rc=0
[11:21:06] dotnet run pdf/png -> rc=0
[11:21:15] dotnet restore pdf/security -> rc=0
[11:21:15] dotnet build pdf/security -> rc=0
[11:21:15] dotnet run pdf/security -> rc=0
[11:21:23] dotnet restore pdf/signature -> rc=0
[11:21:23] dotnet build pdf/signature -> rc=0
[11:21:23] dotnet run pdf/signature -> rc=0
[11:21:31] dotnet restore pdf/splitter -> rc=0
[11:21:31] dotnet build pdf/splitter -> rc=0
[11:21:31] dotnet run pdf/splitter -> rc=0
[11:21:38] dotnet restore pdf/table-generator -> rc=0
[11:21:38] dotnet build pdf/table-generator -> rc=0
[11:21:38] dotnet run pdf/table-generator -> rc=0
[11:21:44] dotnet restore pdf/text-extractor -> rc=0
[11:21:44] dotnet build pdf/text-extractor -> rc=0
[11:21:44] dotnet run pdf/text-extractor -> rc=0
[11:21:51] dotnet restore pdf/tiff -> rc=0
[11:21:51] dotnet build pdf/tiff -> rc=0
[11:21:51] dotnet run pdf/tiff -> rc=0
[11:21:59] dotnet restore pdf/timestamp -> rc=0
[11:21:59] dotnet build pdf/timestamp -> rc=0
[11:21:59] dotnet run pdf/timestamp -> rc=0
[11:22:05] dotnet restore pdf/toc-generator -> rc=0
[11:22:05] dotnet build pdf/toc-generator -> rc=0
[11:22:05] dotnet run pdf/toc-generator -> rc=0
[11:22:11] dotnet restore pdf/xls-converter -> rc=0
[11:22:11] dotnet build pdf/xls-converter -> rc=0
[11:22:11] dotnet run pdf/xls-converter -> rc=0
[11:22:17] dotnet restore slides/compress -> rc=0
[11:22:17] dotnet build slides/compress -> rc=0
[11:22:17] dotnet run slides/compress -> rc=0
[11:22:23] dotnet restore slides/convert -> rc=0
[11:22:23] dotnet build slides/convert -> rc=0
[11:22:23] dotnet run slides/convert -> rc=0
[11:22:29] dotnet restore slides/merger -> rc=0
[11:22:29] dotnet build slides/merger -> rc=0
[11:22:29] dotnet run slides/merger -> rc=0
[11:22:35] dotnet restore words/comparer -> rc=0
[11:22:35] dotnet build words/comparer -> rc=0
[11:22:35] dotnet run words/comparer -> rc=0
[11:22:41] dotnet restore words/converter -> rc=0
[11:22:41] dotnet build words/converter -> rc=0
[11:22:41] dotnet run words/converter -> rc=0
[11:22:46] dotnet restore words/mail-merger -> rc=0
[11:22:46] dotnet build words/mail-merger -> rc=0
[11:22:46] dotnet run words/mail-merger -> rc=0
[11:22:52] dotnet restore words/merger -> rc=0
[11:22:52] dotnet build words/merger -> rc=0
[11:22:52] dotnet run words/merger -> rc=0
[11:22:58] dotnet restore words/replacer -> rc=0
[11:22:58] dotnet build words/replacer -> rc=0
[11:22:58] dotnet run words/replacer -> rc=0
[11:23:05] dotnet restore words/report-builder -> rc=0
[11:23:05] dotnet build words/report-builder -> rc=0
[11:23:05] dotnet run words/report-builder -> rc=0
[11:23:11] dotnet restore words/signer -> rc=0
[11:23:11] dotnet build words/signer -> rc=0
[11:23:11] dotnet run words/signer -> rc=0
[11:23:18] dotnet restore words/splitter -> rc=0
[11:23:18] dotnet build words/splitter -> rc=0
[11:23:18] dotnet run words/splitter -> rc=0
[11:23:25] dotnet restore words/watermarker -> rc=0
[11:23:25] dotnet build words/watermarker -> rc=0
[11:23:25] dotnet run words/watermarker -> rc=0
