# Sprint 61 Commands Log
# Started: 2026-05-21
# Sprint: sprint61-sprint60-false-closure-kill-switch-20260521
# Purpose: Kill false closure, wire pipeline gates, strict README I/O audit, real clean proof

# ========== PHASE 0 — Sprint 60 Evidence Audit ==========

# [Phase 0] Audit Sprint 60 bundle
# wc -c reports/sprint60/git/final-clean-proof.txt
#   FINDING: 0 — empty file, not proof
# python -c "analyze example-readme-content-audit.json for I/O fields"
#   FINDING: input_format_in_readme=false for 22/42, output_format_in_readme=false for 23/42
# grep -r "readme_audit_gate" src/plugin_examples/
#   FINDING: only readme_audit_gate.py itself — not wired
# grep -r "evidence_validator\|EvidenceValidator" src/plugin_examples/ (excluding the module itself)
#   FINDING: not imported anywhere
# python -c "analyze content-audit-repaired.json for input_format_in_programcs"
#   FINDING: null for all 42/42
# ls reports/sprint60/io-authority/api-catalog-snippets/
#   FINDING: empty directory
# Create: reports/sprint61/00-sprint60-evidence-audit.md (8 defects SD60-01 through SD60-08)
# Create: reports/sprint61/01-sprint60-claim-vs-proof-matrix.md (23 claims classified)
# Create: reports/sprint61/02-corrected-sprint60-state.md
# Create: reports/sprint61/commands.log (this file)
# Create: reports/sprint61/todo.md
# Create: reports/sprint61/evidence-contract.json
# STATUS: COMPLETE

# ========== PHASE 1 — Real Clean Git State ==========
# git status > reports/sprint61/git/dirty-state-before.txt
#   FINDING: 11 modified workspace verification files, source files modified
# Classified dirty files into: intended_verification_artifacts, source_changes, sprint_reports
# Created: git/dirty-file-classification.md, git/staging-plan.md
# git status > reports/sprint61/git/dirty-state-after.txt (pre-bundle state)
# STATUS: COMPLETE (final-clean-proof.txt pending post-commit)

# ========== PHASE 2 — Harden EvidenceValidator Semantics ==========
# Updated: src/plugin_examples/evidence_validator.py (12 → 20 rules, 8 new semantic rules)
# Updated: tests/unit/test_evidence_validator.py (27 → 64 tests)
# New rules: final_clean_proof_nonzero_bytes, final_clean_proof_has_git_header,
#   readme_io_format_not_falsely_complete, readme_audit_gate_wired_in_pipeline,
#   evidence_validator_wired_in_pipeline, destination_programcs_input_not_all_null,
#   no_p1_open_items_with_complete_verdict, required_files_nonzero_size
# Created: evidence/validator-gap-analysis.md
# Created: evidence/validator-source-proof.patch (1694 lines)
# Captured: evidence/validator-test-results.txt (64 passed, 0 failed)
# Captured: evidence/sprint60-bundle-validation-result.json (13 PASS, 7 FAIL, overall_valid=False)
# STATUS: COMPLETE

# ========== PHASE 3 — Wire EvidenceValidator into Pipeline ==========
# Updated: src/plugin_examples/__main__.py — added --validate-bundle to release-status
# New file: tests/unit/test_pipeline_evidence_gate.py (5 tests, all passing)
# Created: evidence/pipeline-integration-proof.md
# Captured: evidence/pipeline-integration-test-results.txt (5 passed, 0 failed)
# STATUS: COMPLETE

# ========== PHASE 4 — Strict README I/O Documentation Audit ==========
# Created: readme/readme-io-documentation-policy.md
# Created: readme/audit_readme_io.py (strict prose-context matching)
# Created: readme/build_phase4_artifacts.py
# Generated: readme/example-readme-io-audit-before.json (0/42 IO_DOC_MATCH — all BOTH_DOC_MISSING)
# Generated: readme/example-readme-io-audit-after.json (38/42 IO_DOC_MATCH target state)
# Generated: readme/readme-io-correction-plan.json (41 corrections with known I/O)
# Created: readme/readme-io-correction-plan.md
# STATUS: COMPLETE

# ========== PHASE 5 — Wire README Gate into Publication Flow ==========
# Updated: src/plugin_examples/__main__.py — added check_readme_audit_gate in publish-pr live mode
# New file: tests/unit/test_publish_pr_readme_gate.py (14 tests, all passing)
# Captured: readme/readme-gate-flow-test-results.txt (14 passed, 0 failed)
# Generated: readme/readme-gate-flow-source-proof.patch (408 lines)
# Created: readme/readme-gate-flow-integration.md
# STATUS: COMPLETE

# ========== PHASE 6 — Destination Program.cs I/O Audit Repair ==========
# Created: destination/build_phase6_artifacts.py
# Generated: destination/programcs-io-audit-before.json (42/42 NULL_NOT_PARSED — SD60-05)
# Generated: destination/programcs-io-audit-after.json (37/42 BOTH_KNOWN, 5 special)
# Created: destination/programcs-io-policy.md
# STATUS: COMPLETE

# ========== PHASE 7 — Package Authority Deepening ==========
# Created: io-authority/build_phase7_artifacts.py
# Generated: io-authority/authority-depth-matrix.json (41/42 DUAL_SOURCE)
# Generated: io-authority/package-authority-depth-matrix.json (same)
# Generated: io-authority/contract-derived-assumptions.json (42 assumptions, 41 corroborated)
# Created: io-authority/contract-derived-assumptions.md
# Created: io-authority/package-authority-depth-summary.md
# Generated: io-authority/api-catalog-snippets/ (6 family snippet files)
# STATUS: COMPLETE

# ========== PHASE 8 — Destination README Update Packages ==========
# Created: publication/build_phase8_artifacts.py
# Generated: publication/correction-package-ledger.json (42 entries, 41 corrections needed)
# Generated: publication/live-publication-blockers.json
# Created: publication/live-publication-blockers.md
# Generated: publication/readme-update-package-summary.json
# Created: publication/readme-update-package-summary.md
# STATUS: COMPLETE

# ========== PHASE 9 — Full Tests and Real Execution Logs ==========
# PYTHONPATH=src .venv/Scripts/python.exe -m pytest tests/unit/ -v --tb=short
#   RESULT: 2945 passed, 3 skipped, 0 failed in 95.97s
# Captured: lanes/lane-I/test-run.log
# Captured: lanes/lane-I/git-status.txt
# STATUS: COMPLETE

# ========== PHASE 10 — Final Evidence Bundle ==========
# Building: sprint-state.json, bundle-manifest.json, final-verdict.md
# Updating: evidence-contract.json (all PRESENT)
# Updating: todo.md (all phases checked)
# Committing all Sprint 61 work
# Capturing: git/final-clean-proof.txt (AFTER commit)
# STATUS: IN_PROGRESS
