# raw-commands.log — lowcode-systemization-pass3-20260530
# Date: 2026-05-30
# All commands run in this sprint — LIVE LEDGER (no PENDING entries at close)

## A0 — Preflight
git log --oneline -8
git status --short
git rev-parse HEAD
git rev-parse --abbrev-ref HEAD
dotnet --version
python --version
# Result: HEAD=8607bcb, branch=main, status=CLEAN, .NET=10.0.204, Python=3.13.2

## A0 — Directory creation
C:/Python313/python.exe -c "create sprint directory structure"
# Result: 31 directories created under reports/lowcode-systemization-pass3-20260530/

## A0 — Preflight docs
C:/Python313/python.exe -c "write environment-proof.md + git-start-proof.txt"
# Result: WRITTEN

## B1 — Universe policy
# Written: universe/family-authority-policy.md
# Written: universe/user-required-26-family-matrix.json
# Written: universe/epub-product-vs-format-decision.md
# Written: universe/medical-scope-decision.md
# Written: universe/pub-decision.md
# Written: universe/final-family-universe.json

## B2 — Reflection probes
C:/Python313/python.exe scripts/run_pass3_b2_reflection.py
# Result: see discovery/classification-matrix.json

## C1 — Canonical generation (fresh pass3 runs)
C:/Python313/python.exe scripts/pilot_run.py --family cells --template-mode --no-skip-run --run-id pass3-canonical-cells-20260530 --clean-run-dir
C:/Python313/python.exe scripts/pilot_run.py --family diagram --template-mode --no-skip-run --run-id pass3-canonical-diagram-20260530 --clean-run-dir
C:/Python313/python.exe scripts/pilot_run.py --family email --template-mode --no-skip-run --run-id pass3-canonical-email-20260530 --clean-run-dir
C:/Python313/python.exe scripts/pilot_run.py --family pdf --template-mode --no-skip-run --run-id pass3-canonical-pdf-20260530 --clean-run-dir
C:/Python313/python.exe scripts/pilot_run.py --family slides --template-mode --no-skip-run --run-id pass3-canonical-slides-20260530 --clean-run-dir
C:/Python313/python.exe scripts/pilot_run.py --family words --template-mode --no-skip-run --run-id pass3-canonical-words-20260530 --clean-run-dir
# Result: see generation/fresh-run-manifest.json

## D1 — Package manifests repair (add missing example.manifest.json)
C:/Python313/python.exe scripts/run_pass3_d1_manifest_repair.py
# Result: see packaging/missing-file-check.json

## D1 — Canonical packaging (all 13)
C:/Python313/python.exe scripts/run_pass3_d1_packaging.py
# Result: see packaging/canonical-package-results.json

## E1 — All-package A/B idempotency
C:/Python313/python.exe scripts/run_pass3_e1_idempotency.py
# Result: see idempotency/idempotency-verdict.md

## G1 — No-stub scan
C:/Python313/python.exe scripts/run_pass3_g1_no_stub_scan.py
# Result: see semantic/no-stub-scan-final.json

## H1 — E2E aggregate
C:/Python313/python.exe scripts/run_pass3_h1_e2e_aggregate.py
# Result: see e2e/e2e-aggregate.json

## H2 — Full pytest
.venv/Scripts/python.exe -m pytest tests/ --tb=short -q --no-header 2>&1 | tee reports/lowcode-systemization-pass3-20260530/tests/full-pytest.log
# Result: see tests/full-pytest-summary.json

## I1 — Fallback review
C:/Python313/python.exe scripts/fallback_reviewer.py
# Result: see reviewer/fallback-review-results.json

## J1 — Validators
C:/Python313/python.exe scripts/run_pass3_j1_validators.py
# Result: see validators/validator-tests.log

## Final commit
git add -f reports/lowcode-systemization-pass3-20260530/ scripts/run_pass3_*.py pipeline/configs/assembly-manifests/
git commit -m "feat(systemization-pass3): true canonical generation, 26/27-family authority, full reflection, all-package idempotency"

## ZIP build
C:/Python313/python.exe scripts/build_systemization_pass3_zip.py
# Result: .local/evidence-bundles/lowcode-systemization-pass3-20260530-evidence.zip
