HEALING SPRINT 1 — COMMANDS LOG
Date: 2026-05-27

=== GIT STATE (START) ===
$ git rev-parse HEAD
adcf3dcf37c52e7b46c4d4d32fec4c83488b5aee
EXIT: 0

$ git status --short
 M README.md
?? reports/healing-sprint-1/
EXIT: 0

=== APPROVAL GATE CHECKS ===
$ printenv PLUGIN_EXAMPLES_LIVE_PUBLISH_APPROVAL | wc -c
0
EXIT: 0

$ printenv PLUGIN_EXAMPLES_MERGE_PR_APPROVAL | wc -c
0
EXIT: 0

$ printenv GH_TOKEN | wc -c
41
EXIT: 0

$ printenv GITHUB_TOKEN | wc -c
94
EXIT: 0

=== VALIDATOR AUDIT (LANE 4) ===
$ grep -c "def _rule_" src/plugin_examples/evidence_validator.py
145
EXIT: 0

$ wc -l src/plugin_examples/evidence_validator.py
7706
EXIT: 0

$ git diff HEAD -- src/plugin_examples/evidence_validator.py
(empty — no changes)
EXIT: 0

=== FAMILY DRY-RUN (LANE 6) ===
$ cat workspace/verification/latest/families/cells/aggregate-gate-results.json | python3 -c "..."
cells: 9 passed_all
EXIT: 0

$ cat workspace/verification/latest/families/words/aggregate-gate-results.json | python3 -c "..."
words: 7 passed_all
EXIT: 0

$ cat workspace/verification/latest/families/pdf/aggregate-gate-results.json | python3 -c "..."
pdf: 19 passed_all
EXIT: 0

$ cat workspace/verification/latest/families/diagram/aggregate-gate-results.json | python3 -c "..."
diagram: 2 passed_all
EXIT: 0

$ cat workspace/verification/latest/families/email/aggregate-gate-results.json | python3 -c "..."
email: 1 passed_all
EXIT: 0

$ cat workspace/verification/latest/families/slides/aggregate-gate-results.json | python3 -c "..."
slides: 3 passed_all
EXIT: 0

=== BUNDLE VERIFICATION (LANE 5) ===
$ python3 -c "import zipfile; z = zipfile.ZipFile('reports/final-publication/bundles/...'); print(len(z.namelist()))"
42
EXIT: 0

=== PHANTOM SHA CHECKS (LANE 2 — BAD-003) ===
$ git cat-file -t 5c92a1d
fatal: Not a valid object name 5c92a1d
EXIT: 128

$ git cat-file -t de2b507
fatal: Not a valid object name de2b507
EXIT: 128

$ git cat-file -t 3396a5c
fatal: Not a valid object name 3396a5c
EXIT: 128

=== ECC RUN (FINAL) ===
$ C:/Python313/python.exe scripts/run_ecc_healing_sprint_1.py
ECC complete: 25/25 PRESENT
blocking_failures: 0
closure_valid: True
EXIT: 0

=== BUNDLE BUILD ===
$ C:/Python313/python.exe scripts/build_healing_sprint_1_bundle.py
(see bundle-manifest.json for details)
EXIT: 0
