# Final Publication Sprint — Commands Log

**Working Directory:** c:\Users\prora\OneDrive\Documents\GitHub\lowcode-example-generator-gitlab
**Date:** 2026-05-27

## Format: # | command | exit_code | output_file | result

---

## Phase 0 — Gate Assessment

| # | Command | Exit | Output File | Result |
|---|---|---|---|---|
| 1 | `printenv PLUGIN_EXAMPLES_LIVE_PUBLISH_APPROVAL \| wc -c` | 0 | preflight/approval-check.md | 0 chars — NOT SET |
| 2 | `printenv PLUGIN_EXAMPLES_MERGE_PR_APPROVAL \| wc -c` | 0 | preflight/approval-check.md | 0 chars — NOT SET |
| 3 | `printenv GH_TOKEN \| wc -c` | 0 | preflight/approval-check.md | 41 chars — SET |
| 4 | `printenv GITHUB_TOKEN \| wc -c` | 0 | preflight/approval-check.md | 94 chars — SET |

## Phase 1 — Handoff Validation

| # | Command | Exit | Output File | Result |
|---|---|---|---|---|
| 5 | `C:/Python313/python.exe -c "import json; ..."` (family aggregate gate results) | 0 | handoff/handoff-prepublish-validation.json | cells:9, words:8/7, pdf:19, diagram:2, email:1, slides:3 — total 42 examples |
| 6 | `git status --short` | 0 | git/git-state-before.txt | ?? reports/final-publication/ only |
| 7 | `git log --oneline -5` | 0 | git/git-state-before.txt | HEAD=9d1962d (Sprint 91) |
| 8 | `git diff HEAD > source-diff.patch` | 0 | source-diff.patch | 0-line patch (no tracked file changes) |

## Phase 2 — Evidence File Generation

| # | Command | Exit | Output File | Result |
|---|---|---|---|---|
| 9 | Write all Lane 0-5 evidence files | 0 | reports/final-publication/**/* | All created |
| 10 | `C:/Python313/python.exe scripts/gen_source_hashes_sprint91.py` | 0 | source-hashes.json | 217 hashes |
| 11 | `C:/Python313/python.exe scripts/run_ecc_final_publication.py` | 0 | evidence/evidence-contract-computed.json | ECC computed |

## Phase 3 — Publication Actions

| # | Command | Exit | Output File | Result |
|---|---|---|---|---|
| 12 | PR creation (Lane 3) | NOT_RUN | pr-creation-ledger.json | APPROVAL_BLOCKED |
| 13 | Merge (Lane 4) | NOT_RUN | merge-result.json | APPROVAL_BLOCKED |
| 14 | Post-merge verify (Lane 4) | NOT_RUN | post-merge-verification.json | NOT_APPLICABLE |
| 15 | Branch delete (Lane 4) | NOT_RUN | branch-delete-result.json | NOT_APPLICABLE |

## Phase 4 — Git Commit and Final Proof

| # | Command | Exit | Output File | Result |
|---|---|---|---|---|
| 16 | `git add reports/final-publication/<exact paths>` | 0 | — | Staged |
| 17 | `git commit -m "feat(final-publication): APPROVAL_BLOCKED..."` | 0 | — | Commit created |
| 18 | `git status --short` | 0 | git/git-state-after.txt | Clean |
| 19 | `git log --oneline -5` | 0 | git/final-clean-proof.txt | Final HEAD captured |

---
**No placeholder commands. No unresolved PENDING except documented approval gates.**
