
=== CELLS (9 examples) ===
  Processing cells-html-converter...
    restore=True build=True run=True -> PASS
  Processing cells-image-converter...
    restore=True build=True run=True -> PASS
  Processing cells-json-converter...
    restore=True build=True run=True -> PASS
  Processing cells-pdf-converter...
    restore=True build=True run=True -> PASS
  Processing cells-spreadsheet-converter...
    restore=True build=True run=True -> PASS
  Processing cells-spreadsheet-locker...
    restore=True build=True run=True -> PASS
  Processing cells-spreadsheet-merger...
    restore=True build=True run=True -> PASS
  Processing cells-spreadsheet-splitter...
    restore=True build=True run=True -> PASS
  Processing cells-text-converter...
    restore=True build=True run=True -> PASS
  cells: 9/9 PASS

=== DIAGRAM (2 examples) ===
  Processing diagram-diagram-converter...
    restore=True build=True run=True -> PASS
  Processing diagram-pdf-converter...
    restore=True build=True run=True -> PASS
  diagram: 2/2 PASS

=== EMAIL (1 examples) ===
  Processing email-converter...
    restore=True build=True run=True -> PASS
  email: 1/1 PASS

=== PDF (19 examples) ===
  Processing pdf-doc-converter...
    restore=True build=True run=True -> PASS
  Processing pdf-form-editor...
    restore=True build=True run=True -> PASS
  Processing pdf-form-exporter...
    restore=True build=True run=True -> PASS
  Processing pdf-form-flattener...
    restore=True build=True run=True -> PASS
  Processing pdf-html...
    restore=True build=True run=True -> PASS
  Processing pdf-image-extractor...
    restore=True build=True run=True -> PASS
  Processing pdf-jpeg...
    restore=True build=True run=True -> PASS
  Processing pdf-merger...
    restore=True build=True run=True -> PASS
  Processing pdf-optimizer...
    restore=True build=True run=True -> PASS
  Processing pdf-pdf-aconverter...
    restore=True build=True run=True -> PASS
  Processing pdf-png...
    restore=True build=True run=True -> PASS
  Processing pdf-security...
    restore=True build=True run=True -> PASS
  Processing pdf-signature...
    restore=True build=True run=True -> PASS
  Processing pdf-splitter...
    restore=True build=True run=True -> PASS
  Processing pdf-table-generator...
    restore=True build=True run=True -> PASS
  Processing pdf-text-extractor...
    restore=True build=True run=True -> PASS
  Processing pdf-tiff...
    restore=True build=True run=True -> PASS
  Processing pdf-toc-generator...
    restore=True build=True run=True -> PASS
  Processing pdf-xls-converter...
    restore=True build=True run=True -> PASS
  pdf: 19/19 PASS

=== SLIDES (3 examples) ===
  Processing slides-compress...
    restore=True build=True run=True -> PASS
  Processing slides-convert...
    restore=True build=True run=True -> PASS
  Processing slides-merger...
    restore=True build=True run=True -> PASS
  slides: 3/3 PASS

=== WORDS (8 examples) ===
  Processing words-comparer...
    restore=True build=True run=True -> PASS
  Processing words-converter...
    restore=True build=True run=True -> PASS
  Processing words-mail-merger...
    restore=True build=True run=True -> PASS
  Processing words-merger...
    restore=True build=True run=True -> PASS
  Processing words-replacer...
    restore=True build=True run=True -> PASS
  Processing words-report-builder...
    restore=True build=True run=True -> PASS
  Processing words-splitter...
    restore=True build=True run=True -> PASS
  Processing words-watermarker...
    restore=True build=True run=True -> PASS
  words: 8/8 PASS

=== FINAL: 42/42 examples passed ===
Aggregate written: C:\Users\prora\OneDrive\Documents\GitHub\lowcode-example-generator-gitlab\reports\lowcode-final-closure-pass3-20260530\e2e-raw\e2e-aggregate.json
Source manifest: C:\Users\prora\OneDrive\Documents\GitHub\lowcode-example-generator-gitlab\reports\lowcode-final-closure-pass3-20260530\generated-source\source-snapshot-manifest.json
