# Sprint 71 Commands Log

## Phase 0 — Baseline Audit
[2026-05-23 Phase0] cwd=root cmd=create 00-sprint70-evidence-audit.md exit=0 result=written
[2026-05-23 Phase0] cwd=root cmd=create 01-sprint70-claim-vs-proof-matrix.md exit=0 result=written
[2026-05-23 Phase0] cwd=root cmd=create 02-corrected-sprint70-state.md exit=0 result=written
[2026-05-23 Phase0] cwd=root cmd=create evidence-contract.json exit=0 result=47 categories

## Phase 1 — Sprint 71 Handoff
[2026-05-23 Phase1] cwd=root cmd=cp -r reports/sprint70/handoff/per-family reports/sprint71/handoff/ exit=0 result=6 families copied
[2026-05-23 Phase1] cwd=root cmd=update handoff-index.json x6 exit=0 result=sprint71 paths, hashes matched
[2026-05-23 Phase1] cwd=root cmd=create publication-handoff-index.json exit=0 result=42 examples, sprint71 paths
[2026-05-23 Phase1] cwd=root cmd=create package-artifact-hashes.json exit=0 result=138 files hashed
[2026-05-23 Phase1] cwd=root cmd=create root-readme-path-audit.json exit=0 result=all_paths_current=true
[2026-05-23 Phase1] cwd=root cmd=create self-contained-artifact-validation.md exit=0 result=S70-D1 S70-D2 S70-D3 listed

## Phase 2 — Destination Content Audit Repair
[2026-05-23 Phase2] cwd=root cmd=create content-audit-final.json exit=0 result=42 records sprint71 paths
[2026-05-23 Phase2] cwd=root cmd=verify physical_paths exit=0 result=42/42 paths exist
[2026-05-23 Phase2] cwd=root cmd=create path-repair-proof.md exit=0 result=S70-D1 CLOSED
[2026-05-23 Phase2] cwd=root cmd=create content-audit-final-summary.md exit=0 result=42 READY

## Phase 3 — Publication Truth Matrix Repair
[2026-05-23 Phase3] cwd=root cmd=create publication-truth-matrix-final.json exit=0 result=42 records sprint71 paths
[2026-05-23 Phase3] cwd=root cmd=verify sprint69_absent exit=0 result=0 stale references
[2026-05-23 Phase3] cwd=root cmd=create publication-summary.md exit=0 result=S70-D2 CLOSED

## Phase 4 — EV/ECC Hardening
[2026-05-23 Phase4] cwd=root cmd=edit evidence_validator.py exit=0 result=6 new rules 73-78 added
[2026-05-23 Phase4] cwd=root cmd=pytest test_evidence_validator.py exit=0 result=84 passed
[2026-05-23 Phase4] cwd=root cmd=pytest test_pipeline_evidence_gate.py exit=0 result=5 passed
[2026-05-23 Phase4] cwd=root cmd=stale_path_scan exit=0 result=no_stale_paths=true
[2026-05-23 Phase4] cwd=root cmd=sprint70_revalidation exit=0 result=75/78 pass 3 expected failures
[2026-05-23 Phase4] cwd=root cmd=create validator-gap-analysis.md exit=0 result=rules 73-78 documented

## Phase 5 — Remote Truth Refresh
[2026-05-23 Phase5] cwd=root cmd=copy_update remote/ from sprint70 exit=0 result=8 files updated to sprint71
[2026-05-23 Phase5] cwd=root cmd=verify remote-readme-io-audit exit=0 result=0/42 IO_DOC_MATCH confirmed

## Phase 6 — Live PR Check
[2026-05-23 Phase6] cwd=root cmd=check_approval_env exit=0 result=PLUGIN_EXAMPLES_LIVE_PUBLISH_APPROVAL=NOT_SET
[2026-05-23 Phase6] cwd=root cmd=create live-approval-check.md exit=0 result=BLOCKED_BY_APPROVAL

## Phase 7 — Testing
[2026-05-23 Phase7] cwd=root cmd=pytest --tb=short -q exit=0 result=3025 passed 3 skipped 0 failed 150.34s
[2026-05-23 Phase7] cwd=root cmd=pytest test_evidence_validator.py test_pipeline_evidence_gate.py exit=0 result=89 passed

## Phase 8 — Final Evidence Bundle
[2026-05-23 Phase8] cwd=root cmd=ECC_bootstrap_placeholder exit=0 result=clean placeholder written
[2026-05-23 Phase8] cwd=root cmd=EV_Phase_A 77 rules exit=0 result=77/77 pass overall_valid=True
[2026-05-23 Phase8] cwd=root cmd=ECC_run exit=0 result=closure_valid=False 46/47 (EC29 missing)
[2026-05-23 Phase8] cwd=root cmd=EV_Phase_B 78 rules exit=0 result=sprint71-final-validation-result.json written
[2026-05-23 Phase8] cwd=root cmd=ECC_run_2nd exit=0 result=closure_valid=True 47/47
[2026-05-23 Phase8] cwd=root cmd=EV_Phase_B_final 78 rules exit=0 result=78/78 pass overall_valid=True
[2026-05-23 Phase8] cwd=root cmd=bundle_manifest exit=0 result=220 files
[2026-05-23 Phase8] cwd=root cmd=git_commit exit=TBD result=TBD
[2026-05-23 Phase8] cwd=root cmd=capture_final_clean_proof exit=TBD result=TBD
