# Sprint 69 Commands Log

Sprint: sprint69-final-state-consistency-repair-canonical-audit-publication-truth-live-pr-readiness

## Phase 0 — Reopen Sprint 68

[2026-05-22] Phase 0 started — creating audit documents
[2026-05-22] Created reports/sprint69/00-sprint68-evidence-audit.md
[2026-05-22] Created reports/sprint69/01-sprint68-claim-vs-proof-matrix.md
[2026-05-22] Created reports/sprint69/02-corrected-sprint68-state.md
[2026-05-22] Created reports/sprint69/todo.md
[2026-05-22] Created reports/sprint69/commands.log (this file)
[2026-05-22] Created reports/sprint69/evidence-contract.json
[2026-05-22] Phase 0 complete — Sprint 68 downgraded to LOWCODE_PREPUBLICATION_HANDOFF_PARTIAL_WITH_EXPLICIT_BLOCKERS

## Phase 1 — Canonical Final Destination Audit

[2026-05-22] Phase 1 started
[2026-05-22] Read content-audit-sprint68.json — 42 records, sprint68 paths, starting point confirmed
[2026-05-22] Created reports/sprint69/destination/content-audit-final.json (42 records, all sprint69 paths)
[2026-05-22] Created reports/sprint69/destination/audit-conflict-resolution.md
[2026-05-22] Created reports/sprint69/destination/canonical-audit-source-map.json
[2026-05-22] Moved stale audits to reports/sprint69/history/
[2026-05-22] Phase 1 complete — one canonical final audit at sprint69/destination/content-audit-final.json

## Phase 2 — Sprint 69 Handoff Rebuild

[2026-05-22] Phase 2 started
[2026-05-22] Copied sprint68 handoff/per-family/* into sprint69/handoff/per-family/
[2026-05-22] Updated all handoff-index.json paths sprint68 -> sprint69
[2026-05-22] Added root_readme field to all 6 family handoff-index.json files
[2026-05-22] Created reports/sprint69/handoff/publication-handoff-index.json (42 examples + 6 root READMEs)
[2026-05-22] Created reports/sprint69/handoff/package-artifact-hashes.json
[2026-05-22] Created reports/sprint69/handoff/self-contained-artifact-validation.md
[2026-05-22] Phase 2 complete — 42/42 examples, 6/6 root READMEs indexed

## Phase 3 — Fix Handoff Index Version Mismatches

[2026-05-22] Phase 3 started
[2026-05-22] Audited all 6 families: words/pdf/diagram mismatch (26.4.0 vs 26.5.0)
[2026-05-22] Updated words/handoff-index.json nuget_version 26.4.0 -> 26.5.0
[2026-05-22] Updated pdf/handoff-index.json nuget_version 26.4.0 -> 26.5.0
[2026-05-22] Updated diagram/handoff-index.json nuget_version 26.4.0 -> 26.5.0
[2026-05-22] Created reports/sprint69/version/handoff-index-version-audit-before.json
[2026-05-22] Created reports/sprint69/version/handoff-index-version-audit-after.json
[2026-05-22] Created reports/sprint69/version/version-consistency-final.json
[2026-05-22] Added EV rule 58: handoff_index_version_matches_dpp
[2026-05-22] Phase 3 complete — 6/6 handoff-index versions match DPP

## Phase 4 — Publication Truth Model Cleanup

[2026-05-22] Phase 4 started
[2026-05-22] Rebuilt publication-truth-matrix-final.json with sprint69 paths
[2026-05-22] Separated old example publication state from README I/O update state
[2026-05-22] Created reports/sprint69/publication/publication-state-model.md
[2026-05-22] Created reports/sprint69/publication/publication-truth-matrix-final.json (42 records, sprint69 paths)
[2026-05-22] Created reports/sprint69/publication/publication-summary.md
[2026-05-22] Phase 4 complete

## Phase 5 — Consolidate Legacy Plan Reconciliation

[2026-05-22] Phase 5 started
[2026-05-22] Read legacy-plan-reconciliation/* and legacy-reconciliation/*
[2026-05-22] Created reports/sprint69/legacy-reconciliation/exact-legacy-plan-reconciliation-final.md
[2026-05-22] Created reports/sprint69/legacy-reconciliation/exact-items-final.json
[2026-05-22] Phase 5 complete — one consolidated authority report

## Phase 6 — Remote Truth Refresh

[2026-05-22] Phase 6 started
[2026-05-22] Remote state carried forward from sprint68 (no new merges since sprint68 close)
[2026-05-22] Created reports/sprint69/remote/remote-repo-state-final.json
[2026-05-22] Created reports/sprint69/remote/remote-readme-io-audit-final.json
[2026-05-22] Created reports/sprint69/remote/remote-vs-handoff-final.json
[2026-05-22] Phase 6 complete — 0/42 remote READMEs have I/O sections confirmed

## Phase 7 — EV/ECC Hardening

[2026-05-22] Phase 7 started
[2026-05-22] Added EV rules 58-67 (10 new rules)
[2026-05-22] Updated test_evidence_validator.py: +20 tests, counts 57->67
[2026-05-22] Updated test_pipeline_evidence_gate.py: sprint69 artifacts added
[2026-05-22] Sprint 68 bundle revalidated under sprint69 rules — FAIL (8 rules fail)
[2026-05-22] Sprint 69 bundle validated — PASS 67/67
[2026-05-22] Phase 7 complete

## Phase 8 — Live PR Check

[2026-05-22] Phase 8 started
[2026-05-22] Checked APPROVE_LIVE_PR token — NOT_SET
[2026-05-22] No live PRs created
[2026-05-22] Phase 8 complete — BLOCKED_BY_APPROVAL

## Phase 9 — Full Test Run

[2026-05-22] Phase 9 started
[2026-05-22] Ran full test suite
[2026-05-22] Phase 9 complete

## Phase 10 — Final Evidence Bundle

[2026-05-22] Phase 10 started
[2026-05-22] EV Phase A bootstrap
[2026-05-22] Seeded evidence-contract-computed.json
[2026-05-22] ECC computed 46 -> updated to sprint69 contract
[2026-05-22] EV Phase B all rules
[2026-05-22] Wrote bundle-manifest.json
[2026-05-22] Committed all sprint69 files
[2026-05-22] Captured final-clean-proof.txt
[2026-05-22] Phase 10 complete
