{
  "version": "1.5.0",
  "plugins_used": [
    {
      "name": "ArtifactoryDetector"
    },
    {
      "name": "AWSKeyDetector"
    },
    {
      "name": "AzureStorageKeyDetector"
    },
    {
      "name": "Base64HighEntropyString",
      "limit": 4.5
    },
    {
      "name": "BasicAuthDetector"
    },
    {
      "name": "CloudantDetector"
    },
    {
      "name": "DiscordBotTokenDetector"
    },
    {
      "name": "GitHubTokenDetector"
    },
    {
      "name": "GitLabTokenDetector"
    },
    {
      "name": "HexHighEntropyString",
      "limit": 3.0
    },
    {
      "name": "IbmCloudIamDetector"
    },
    {
      "name": "IbmCosHmacDetector"
    },
    {
      "name": "IPPublicDetector"
    },
    {
      "name": "JwtTokenDetector"
    },
    {
      "name": "KeywordDetector",
      "keyword_exclude": ""
    },
    {
      "name": "MailchimpDetector"
    },
    {
      "name": "NpmDetector"
    },
    {
      "name": "OpenAIDetector"
    },
    {
      "name": "PrivateKeyDetector"
    },
    {
      "name": "PypiTokenDetector"
    },
    {
      "name": "SendGridDetector"
    },
    {
      "name": "SlackDetector"
    },
    {
      "name": "SoftlayerDetector"
    },
    {
      "name": "SquareOAuthDetector"
    },
    {
      "name": "StripeDetector"
    },
    {
      "name": "TelegramBotTokenDetector"
    },
    {
      "name": "TwilioKeyDetector"
    }
  ],
  "filters_used": [
    {
      "path": "detect_secrets.filters.allowlist.is_line_allowlisted"
    },
    {
      "path": "detect_secrets.filters.common.is_ignored_due_to_verification_policies",
      "min_level": 2
    },
    {
      "path": "detect_secrets.filters.heuristic.is_indirect_reference"
    },
    {
      "path": "detect_secrets.filters.heuristic.is_likely_id_string"
    },
    {
      "path": "detect_secrets.filters.heuristic.is_lock_file"
    },
    {
      "path": "detect_secrets.filters.heuristic.is_not_alphanumeric_string"
    },
    {
      "path": "detect_secrets.filters.heuristic.is_potential_uuid"
    },
    {
      "path": "detect_secrets.filters.heuristic.is_prefixed_with_dollar_sign"
    },
    {
      "path": "detect_secrets.filters.heuristic.is_sequential_string"
    },
    {
      "path": "detect_secrets.filters.heuristic.is_swagger_file"
    },
    {
      "path": "detect_secrets.filters.heuristic.is_templated_secret"
    },
    {
      "path": "detect_secrets.filters.regex.should_exclude_file",
      "pattern": [
        "\\.venv|\\.pip-cache|\\.git|node_modules|\\.secrets\\.baseline"
      ]
    }
  ],
  "results": {
    "pipeline\\configs\\denominators\\cells.json": [
      {
        "type": "Hex High Entropy String",
        "filename": "pipeline\\configs\\denominators\\cells.json",
        "hashed_secret": "d717e0f9667500be6421224bd8df3b6bbcd3b411",
        "is_verified": false,
        "line_number": 5
      },
      {
        "type": "Hex High Entropy String",
        "filename": "pipeline\\configs\\denominators\\cells.json",
        "hashed_secret": "01bd47fcf745d237d10c457fb1fc467dad985e46",
        "is_verified": false,
        "line_number": 6
      }
    ],
    "pipeline\\configs\\denominators\\diagram.json": [
      {
        "type": "Hex High Entropy String",
        "filename": "pipeline\\configs\\denominators\\diagram.json",
        "hashed_secret": "8c96fa10db41dc8a216cdb2a6d6eaed2140e771f",
        "is_verified": false,
        "line_number": 5
      }
    ],
    "pipeline\\configs\\denominators\\email.json": [
      {
        "type": "Hex High Entropy String",
        "filename": "pipeline\\configs\\denominators\\email.json",
        "hashed_secret": "8dac6c745e4d1dbb4ef370429240ae4b450f2cfe",
        "is_verified": false,
        "line_number": 5
      }
    ],
    "pipeline\\configs\\denominators\\pdf.json": [
      {
        "type": "Hex High Entropy String",
        "filename": "pipeline\\configs\\denominators\\pdf.json",
        "hashed_secret": "75fa7a01c7a02b98dd929476fe81c66537a9c268",
        "is_verified": false,
        "line_number": 5
      },
      {
        "type": "Hex High Entropy String",
        "filename": "pipeline\\configs\\denominators\\pdf.json",
        "hashed_secret": "eee4500b7968c89ae52bd59773c73e5b27cdbce9",
        "is_verified": false,
        "line_number": 6
      }
    ],
    "pipeline\\configs\\denominators\\slides.json": [
      {
        "type": "Hex High Entropy String",
        "filename": "pipeline\\configs\\denominators\\slides.json",
        "hashed_secret": "8d6daf2a7275e7061cc26640362aa5e08da94a73",
        "is_verified": false,
        "line_number": 5
      }
    ],
    "pipeline\\configs\\denominators\\words.json": [
      {
        "type": "Hex High Entropy String",
        "filename": "pipeline\\configs\\denominators\\words.json",
        "hashed_secret": "2d29bec91a5714fea4aef6bb0cfd62dd13cc185b",
        "is_verified": false,
        "line_number": 5
      },
      {
        "type": "Hex High Entropy String",
        "filename": "pipeline\\configs\\denominators\\words.json",
        "hashed_secret": "15ec9dd25aec349e48645c3b6efd35aacf0c5fa5",
        "is_verified": false,
        "line_number": 6
      }
    ],
    "pipeline\\configs\\llm-routing.yml": [
      {
        "type": "Secret Keyword",
        "filename": "pipeline\\configs\\llm-routing.yml",
        "hashed_secret": "901694aabc5314570975623c25f844d5a7bfcbe9",
        "is_verified": false,
        "line_number": 8
      }
    ],
    "pipeline\\plugin-capability-registry\\barcode.yaml": [
      {
        "type": "Hex High Entropy String",
        "filename": "pipeline\\plugin-capability-registry\\barcode.yaml",
        "hashed_secret": "07a1d5d436b6b1726688eb8a6b25f53152fde5de",
        "is_verified": false,
        "line_number": 35
      }
    ],
    "pipeline\\plugin-capability-registry\\cad.yaml": [
      {
        "type": "Hex High Entropy String",
        "filename": "pipeline\\plugin-capability-registry\\cad.yaml",
        "hashed_secret": "8c0ba7c2c1b4fe118b6f8c882656aafb751c3833",
        "is_verified": false,
        "line_number": 41
      }
    ],
    "pipeline\\plugin-capability-registry\\imaging.yaml": [
      {
        "type": "Hex High Entropy String",
        "filename": "pipeline\\plugin-capability-registry\\imaging.yaml",
        "hashed_secret": "3efcb903516fd2fbb672964817d0f6eb3b1146a6",
        "is_verified": false,
        "line_number": 23
      }
    ],
    "pipeline\\plugin-capability-registry\\zip.yaml": [
      {
        "type": "Hex High Entropy String",
        "filename": "pipeline\\plugin-capability-registry\\zip.yaml",
        "hashed_secret": "34011d9e7bb170fde093bd7e9c66d3b916172230",
        "is_verified": false,
        "line_number": 22
      }
    ],
    "pipeline\\plugin-code-registry\\family\\barcode.yaml": [
      {
        "type": "Base64 High Entropy String",
        "filename": "pipeline\\plugin-code-registry\\family\\barcode.yaml",
        "hashed_secret": "3a0842fde5b892b04339fa7118648f05cb2d6822",
        "is_verified": false,
        "line_number": 19
      },
      {
        "type": "Base64 High Entropy String",
        "filename": "pipeline\\plugin-code-registry\\family\\barcode.yaml",
        "hashed_secret": "22c817b7f46cb7705ff422f793e063c0095a6c0d",
        "is_verified": false,
        "line_number": 140
      },
      {
        "type": "Hex High Entropy String",
        "filename": "pipeline\\plugin-code-registry\\family\\barcode.yaml",
        "hashed_secret": "a8984b388f2b6a51fbcd6734aabf4ba311bdb25b",
        "is_verified": false,
        "line_number": 195
      },
      {
        "type": "Hex High Entropy String",
        "filename": "pipeline\\plugin-code-registry\\family\\barcode.yaml",
        "hashed_secret": "63a1ee9f1a32ef3865a1a8fe4de13c457a6c9481",
        "is_verified": false,
        "line_number": 245
      }
    ],
    "pipeline\\plugin-code-registry\\family\\cad.yaml": [
      {
        "type": "Hex High Entropy String",
        "filename": "pipeline\\plugin-code-registry\\family\\cad.yaml",
        "hashed_secret": "f0b20ba9b89b2915769ce1c6fca7f71c528dd301",
        "is_verified": false,
        "line_number": 11
      },
      {
        "type": "Base64 High Entropy String",
        "filename": "pipeline\\plugin-code-registry\\family\\cad.yaml",
        "hashed_secret": "88712ffe9c0fc6bd69ac9689f6a7e358e5b93acd",
        "is_verified": false,
        "line_number": 46
      },
      {
        "type": "Hex High Entropy String",
        "filename": "pipeline\\plugin-code-registry\\family\\cad.yaml",
        "hashed_secret": "9f045c4ea7cc0e8ffcb4a0854558db2d56b50be1",
        "is_verified": false,
        "line_number": 52
      },
      {
        "type": "Base64 High Entropy String",
        "filename": "pipeline\\plugin-code-registry\\family\\cad.yaml",
        "hashed_secret": "ef7a923ae5f75abc28bac32ce173ba830e360851",
        "is_verified": false,
        "line_number": 57
      },
      {
        "type": "Hex High Entropy String",
        "filename": "pipeline\\plugin-code-registry\\family\\cad.yaml",
        "hashed_secret": "0e54e1a588e9da83bef5c5ef5eba85c64df30b95",
        "is_verified": false,
        "line_number": 89
      },
      {
        "type": "Base64 High Entropy String",
        "filename": "pipeline\\plugin-code-registry\\family\\cad.yaml",
        "hashed_secret": "a95579aebd2e4606e10258149b2de3e8bd7bfa43",
        "is_verified": false,
        "line_number": 122
      },
      {
        "type": "Hex High Entropy String",
        "filename": "pipeline\\plugin-code-registry\\family\\cad.yaml",
        "hashed_secret": "2b9e62552f4ba50c970ce4811d4bdedfd2f1cbcd",
        "is_verified": false,
        "line_number": 128
      },
      {
        "type": "Hex High Entropy String",
        "filename": "pipeline\\plugin-code-registry\\family\\cad.yaml",
        "hashed_secret": "fdea3914fbb89a58f301354db34781f2b5f7ab33",
        "is_verified": false,
        "line_number": 172
      },
      {
        "type": "Base64 High Entropy String",
        "filename": "pipeline\\plugin-code-registry\\family\\cad.yaml",
        "hashed_secret": "2959e7560405b89502f310eff489d46c3b684826",
        "is_verified": false,
        "line_number": 177
      }
    ],
    "pipeline\\plugin-code-registry\\family\\drawing.yaml": [
      {
        "type": "Hex High Entropy String",
        "filename": "pipeline\\plugin-code-registry\\family\\drawing.yaml",
        "hashed_secret": "ca5549cb92f6c54fbd160030eee5c75b4e23ffe7",
        "is_verified": false,
        "line_number": 10
      },
      {
        "type": "Hex High Entropy String",
        "filename": "pipeline\\plugin-code-registry\\family\\drawing.yaml",
        "hashed_secret": "efbb9d9f6273c751aa87f49af3a24fef08087745",
        "is_verified": false,
        "line_number": 41
      }
    ],
    "pipeline\\plugin-code-registry\\family\\finance.yaml": [
      {
        "type": "Hex High Entropy String",
        "filename": "pipeline\\plugin-code-registry\\family\\finance.yaml",
        "hashed_secret": "6c468ea861bb7b867d8edac39df466bf091815a9",
        "is_verified": false,
        "line_number": 10
      },
      {
        "type": "Hex High Entropy String",
        "filename": "pipeline\\plugin-code-registry\\family\\finance.yaml",
        "hashed_secret": "5119ffec86ac17578ddc675bc69b73d90c3d5ec4",
        "is_verified": false,
        "line_number": 44
      },
      {
        "type": "Base64 High Entropy String",
        "filename": "pipeline\\plugin-code-registry\\family\\finance.yaml",
        "hashed_secret": "e1bb2da18f7c963645033abd307a4ad1990293b3",
        "is_verified": false,
        "line_number": 72
      }
    ],
    "pipeline\\plugin-code-registry\\family\\font.yaml": [
      {
        "type": "Base64 High Entropy String",
        "filename": "pipeline\\plugin-code-registry\\family\\font.yaml",
        "hashed_secret": "645ba4f026997937a7440e579e6349cd10d160bd",
        "is_verified": false,
        "line_number": 15
      },
      {
        "type": "Hex High Entropy String",
        "filename": "pipeline\\plugin-code-registry\\family\\font.yaml",
        "hashed_secret": "48ce5be5677315a4e30b40688bb90e3e7983782a",
        "is_verified": false,
        "line_number": 56
      },
      {
        "type": "Base64 High Entropy String",
        "filename": "pipeline\\plugin-code-registry\\family\\font.yaml",
        "hashed_secret": "5f6572539891afbf7dbd00eb6658a9c4ccacbe25",
        "is_verified": false,
        "line_number": 101
      }
    ],
    "pipeline\\plugin-code-registry\\family\\gis.yaml": [
      {
        "type": "Hex High Entropy String",
        "filename": "pipeline\\plugin-code-registry\\family\\gis.yaml",
        "hashed_secret": "3a1fd9d10152c8584f538ad7148f977ddf036d59",
        "is_verified": false,
        "line_number": 12
      },
      {
        "type": "Hex High Entropy String",
        "filename": "pipeline\\plugin-code-registry\\family\\gis.yaml",
        "hashed_secret": "7daeb475922577c8d34985720894fccde84981de",
        "is_verified": false,
        "line_number": 55
      },
      {
        "type": "Base64 High Entropy String",
        "filename": "pipeline\\plugin-code-registry\\family\\gis.yaml",
        "hashed_secret": "31e3dad83f136c0ec99ccb9c1cdcf0d7ca7eaa68",
        "is_verified": false,
        "line_number": 99
      }
    ],
    "pipeline\\plugin-code-registry\\family\\html.yaml": [
      {
        "type": "Hex High Entropy String",
        "filename": "pipeline\\plugin-code-registry\\family\\html.yaml",
        "hashed_secret": "e5a0548ae61da911ea9ad612d1ea61a9c0b86def",
        "is_verified": false,
        "line_number": 15
      },
      {
        "type": "Base64 High Entropy String",
        "filename": "pipeline\\plugin-code-registry\\family\\html.yaml",
        "hashed_secret": "562b6b366ea1a3b44c1250aebdbe5b5bc12b595c",
        "is_verified": false,
        "line_number": 59
      },
      {
        "type": "Hex High Entropy String",
        "filename": "pipeline\\plugin-code-registry\\family\\html.yaml",
        "hashed_secret": "bf08ccd2a6966afd55f85d6f73ece85ff9e560a2",
        "is_verified": false,
        "line_number": 71
      },
      {
        "type": "Base64 High Entropy String",
        "filename": "pipeline\\plugin-code-registry\\family\\html.yaml",
        "hashed_secret": "9c64fa9316f67d0fcf581aa9b3e4e1d13d435a26",
        "is_verified": false,
        "line_number": 112
      },
      {
        "type": "Hex High Entropy String",
        "filename": "pipeline\\plugin-code-registry\\family\\html.yaml",
        "hashed_secret": "ede0493633158106db63f7882f6b4e47a3b115ac",
        "is_verified": false,
        "line_number": 125
      },
      {
        "type": "Base64 High Entropy String",
        "filename": "pipeline\\plugin-code-registry\\family\\html.yaml",
        "hashed_secret": "8bf9f59fcf1b07306aa7eb71289f592ab0f3d70f",
        "is_verified": false,
        "line_number": 160
      },
      {
        "type": "Hex High Entropy String",
        "filename": "pipeline\\plugin-code-registry\\family\\html.yaml",
        "hashed_secret": "a08a8671b80ab034a318ef3d9a4a202f64c7d5d8",
        "is_verified": false,
        "line_number": 175
      },
      {
        "type": "Base64 High Entropy String",
        "filename": "pipeline\\plugin-code-registry\\family\\html.yaml",
        "hashed_secret": "979982d47c8177f2fc238c345f7bc03725cad95d",
        "is_verified": false,
        "line_number": 216
      },
      {
        "type": "Hex High Entropy String",
        "filename": "pipeline\\plugin-code-registry\\family\\html.yaml",
        "hashed_secret": "e710a9e7508c714918dcfdb063a26c4ec18812de",
        "is_verified": false,
        "line_number": 228
      },
      {
        "type": "Base64 High Entropy String",
        "filename": "pipeline\\plugin-code-registry\\family\\html.yaml",
        "hashed_secret": "47ac614a48aceb896bdcf6ce849deac43e3d58dc",
        "is_verified": false,
        "line_number": 250
      },
      {
        "type": "Hex High Entropy String",
        "filename": "pipeline\\plugin-code-registry\\family\\html.yaml",
        "hashed_secret": "6745a7652b0c64fa3aa2c0ed691c3fda219d1816",
        "is_verified": false,
        "line_number": 276
      },
      {
        "type": "Base64 High Entropy String",
        "filename": "pipeline\\plugin-code-registry\\family\\html.yaml",
        "hashed_secret": "f40dfff07eade8c755d0e3217a7857c07f3cfa96",
        "is_verified": false,
        "line_number": 298
      }
    ],
    "pipeline\\plugin-code-registry\\family\\imaging.yaml": [
      {
        "type": "Hex High Entropy String",
        "filename": "pipeline\\plugin-code-registry\\family\\imaging.yaml",
        "hashed_secret": "88c170a075484fcb92c5fbe39bf1a68aa71d0b81",
        "is_verified": false,
        "line_number": 118
      },
      {
        "type": "Base64 High Entropy String",
        "filename": "pipeline\\plugin-code-registry\\family\\imaging.yaml",
        "hashed_secret": "ed7ea5fd9bf47f07ccd33f6111f9606dc6b8c75d",
        "is_verified": false,
        "line_number": 229
      },
      {
        "type": "Base64 High Entropy String",
        "filename": "pipeline\\plugin-code-registry\\family\\imaging.yaml",
        "hashed_secret": "aae6fb095d33c3fd32a6c416cb7ee159c1aacc32",
        "is_verified": false,
        "line_number": 338
      }
    ],
    "pipeline\\plugin-code-registry\\family\\note.yaml": [
      {
        "type": "Hex High Entropy String",
        "filename": "pipeline\\plugin-code-registry\\family\\note.yaml",
        "hashed_secret": "0f50de3986aeeea875b4cc5e8caf815019bbff51",
        "is_verified": false,
        "line_number": 10
      },
      {
        "type": "Hex High Entropy String",
        "filename": "pipeline\\plugin-code-registry\\family\\note.yaml",
        "hashed_secret": "fe7856b5daa10efb861aeb55e75af548328e7b8d",
        "is_verified": false,
        "line_number": 50
      },
      {
        "type": "Hex High Entropy String",
        "filename": "pipeline\\plugin-code-registry\\family\\note.yaml",
        "hashed_secret": "0f2236c4dd0702ea96f9c2efed5e0011bc79f4b4",
        "is_verified": false,
        "line_number": 94
      }
    ],
    "pipeline\\plugin-code-registry\\family\\ocr.yaml": [
      {
        "type": "Base64 High Entropy String",
        "filename": "pipeline\\plugin-code-registry\\family\\ocr.yaml",
        "hashed_secret": "5968f06ee9bfaa3b7563f7d31edbb5eb555d8865",
        "is_verified": false,
        "line_number": 24
      },
      {
        "type": "Hex High Entropy String",
        "filename": "pipeline\\plugin-code-registry\\family\\ocr.yaml",
        "hashed_secret": "f14acdaf549495224c93640fc2f4a7df09c67b5c",
        "is_verified": false,
        "line_number": 39
      }
    ],
    "pipeline\\plugin-code-registry\\family\\omr.yaml": [
      {
        "type": "Hex High Entropy String",
        "filename": "pipeline\\plugin-code-registry\\family\\omr.yaml",
        "hashed_secret": "a60e6cc7d58f1a7c13a5085b10487c141c89a65a",
        "is_verified": false,
        "line_number": 11
      },
      {
        "type": "Base64 High Entropy String",
        "filename": "pipeline\\plugin-code-registry\\family\\omr.yaml",
        "hashed_secret": "a1239994c03f95d7c86fc10cb18e0c86f1814cae",
        "is_verified": false,
        "line_number": 39
      },
      {
        "type": "Hex High Entropy String",
        "filename": "pipeline\\plugin-code-registry\\family\\omr.yaml",
        "hashed_secret": "a35c64f36302d1910bbec46a28f2c7b249525ad3",
        "is_verified": false,
        "line_number": 45
      }
    ],
    "pipeline\\plugin-code-registry\\family\\page.yaml": [
      {
        "type": "Base64 High Entropy String",
        "filename": "pipeline\\plugin-code-registry\\family\\page.yaml",
        "hashed_secret": "b49e6c21a74717f7b65e3859440b6ba57814643b",
        "is_verified": false,
        "line_number": 24
      }
    ],
    "pipeline\\plugin-code-registry\\family\\psd.yaml": [
      {
        "type": "Base64 High Entropy String",
        "filename": "pipeline\\plugin-code-registry\\family\\psd.yaml",
        "hashed_secret": "bd99eefc0eeba38c286a320804d590a7f7d59331",
        "is_verified": false,
        "line_number": 12
      },
      {
        "type": "Hex High Entropy String",
        "filename": "pipeline\\plugin-code-registry\\family\\psd.yaml",
        "hashed_secret": "fd05b41573e2e493f7db2c4da151661e8d7dd3c9",
        "is_verified": false,
        "line_number": 24
      },
      {
        "type": "Base64 High Entropy String",
        "filename": "pipeline\\plugin-code-registry\\family\\psd.yaml",
        "hashed_secret": "f02e5c656bb2bb07361f320e01ee2d34a4f5d614",
        "is_verified": false,
        "line_number": 61
      },
      {
        "type": "Base64 High Entropy String",
        "filename": "pipeline\\plugin-code-registry\\family\\psd.yaml",
        "hashed_secret": "431565876c16d1ce444ad07087638e6f5a2c723b",
        "is_verified": false,
        "line_number": 109
      }
    ],
    "pipeline\\plugin-code-registry\\family\\svg.yaml": [
      {
        "type": "Base64 High Entropy String",
        "filename": "pipeline\\plugin-code-registry\\family\\svg.yaml",
        "hashed_secret": "7cc70990ca5042c48bf61e52da8ac154cdfa46d8",
        "is_verified": false,
        "line_number": 89
      },
      {
        "type": "Base64 High Entropy String",
        "filename": "pipeline\\plugin-code-registry\\family\\svg.yaml",
        "hashed_secret": "bd824966d740a3c9add34299b120055a57731270",
        "is_verified": false,
        "line_number": 103
      },
      {
        "type": "Base64 High Entropy String",
        "filename": "pipeline\\plugin-code-registry\\family\\svg.yaml",
        "hashed_secret": "7f059e721cd0097ae08b444520e8e0ebe3a26652",
        "is_verified": false,
        "line_number": 172
      },
      {
        "type": "Base64 High Entropy String",
        "filename": "pipeline\\plugin-code-registry\\family\\svg.yaml",
        "hashed_secret": "4fd3b106e392241fd15f35b52189f9f247491f1b",
        "is_verified": false,
        "line_number": 174
      }
    ],
    "pipeline\\plugin-code-registry\\family\\tasks.yaml": [
      {
        "type": "Hex High Entropy String",
        "filename": "pipeline\\plugin-code-registry\\family\\tasks.yaml",
        "hashed_secret": "1cba68076ef5ee73f0361cdcd4853e7eb57ce3bc",
        "is_verified": false,
        "line_number": 15
      },
      {
        "type": "Base64 High Entropy String",
        "filename": "pipeline\\plugin-code-registry\\family\\tasks.yaml",
        "hashed_secret": "e5bcbe07e4091da8e0c561ff0538b30bb83372c7",
        "is_verified": false,
        "line_number": 54
      },
      {
        "type": "Base64 High Entropy String",
        "filename": "pipeline\\plugin-code-registry\\family\\tasks.yaml",
        "hashed_secret": "834331f57225775c6d222d44b0c166f98fe519d2",
        "is_verified": false,
        "line_number": 99
      },
      {
        "type": "Base64 High Entropy String",
        "filename": "pipeline\\plugin-code-registry\\family\\tasks.yaml",
        "hashed_secret": "c2355423b92d8a6363f2e4a6639e30b3ace0602a",
        "is_verified": false,
        "line_number": 114
      },
      {
        "type": "Base64 High Entropy String",
        "filename": "pipeline\\plugin-code-registry\\family\\tasks.yaml",
        "hashed_secret": "1fbe1b59aa1628c3bf303afe75a07c34e6afc503",
        "is_verified": false,
        "line_number": 126
      },
      {
        "type": "Hex High Entropy String",
        "filename": "pipeline\\plugin-code-registry\\family\\tasks.yaml",
        "hashed_secret": "4a0aac8aa57a8c5aa1c49b30b3e2178e7873baa9",
        "is_verified": false,
        "line_number": 138
      }
    ],
    "pipeline\\plugin-code-registry\\family\\tex.yaml": [
      {
        "type": "Hex High Entropy String",
        "filename": "pipeline\\plugin-code-registry\\family\\tex.yaml",
        "hashed_secret": "a122bee75bfe495e1d5247e4fc3d8d3f6e45469c",
        "is_verified": false,
        "line_number": 16
      },
      {
        "type": "Hex High Entropy String",
        "filename": "pipeline\\plugin-code-registry\\family\\tex.yaml",
        "hashed_secret": "d116bbd538d497ae8047d0041efd679fa6c98fac",
        "is_verified": false,
        "line_number": 53
      },
      {
        "type": "Base64 High Entropy String",
        "filename": "pipeline\\plugin-code-registry\\family\\tex.yaml",
        "hashed_secret": "2a330b300bb6f7276e794a381f60584af7412de1",
        "is_verified": false,
        "line_number": 100
      }
    ],
    "pipeline\\plugin-code-registry\\family\\threed.yaml": [
      {
        "type": "Hex High Entropy String",
        "filename": "pipeline\\plugin-code-registry\\family\\threed.yaml",
        "hashed_secret": "d49fcb840c87b46f5be7ad04532e762cce949e67",
        "is_verified": false,
        "line_number": 11
      },
      {
        "type": "Base64 High Entropy String",
        "filename": "pipeline\\plugin-code-registry\\family\\threed.yaml",
        "hashed_secret": "8d96ec7c74d27744cd6ad6c94592119a8f95d8de",
        "is_verified": false,
        "line_number": 15
      },
      {
        "type": "Hex High Entropy String",
        "filename": "pipeline\\plugin-code-registry\\family\\threed.yaml",
        "hashed_secret": "a6cf3f03e3acbbd2dce8fe328f642b6b2940a163",
        "is_verified": false,
        "line_number": 51
      },
      {
        "type": "Base64 High Entropy String",
        "filename": "pipeline\\plugin-code-registry\\family\\threed.yaml",
        "hashed_secret": "64efa9fe82d46f9d592cfcad3fa110682af2ef4c",
        "is_verified": false,
        "line_number": 89
      }
    ],
    "pipeline\\plugin-code-registry\\family\\zip.yaml": [
      {
        "type": "Base64 High Entropy String",
        "filename": "pipeline\\plugin-code-registry\\family\\zip.yaml",
        "hashed_secret": "e64f9b9c42716752676736c2b6f9e3a6fc929581",
        "is_verified": false,
        "line_number": 57
      },
      {
        "type": "Base64 High Entropy String",
        "filename": "pipeline\\plugin-code-registry\\family\\zip.yaml",
        "hashed_secret": "b0028612eb73d7b04a0cc30db67e47f741fe6c2d",
        "is_verified": false,
        "line_number": 69
      }
    ],
    "scripts\\_repair_yaml_files.py": [
      {
        "type": "Hex High Entropy String",
        "filename": "scripts\\_repair_yaml_files.py",
        "hashed_secret": "75f3be87351a63f1c2f677632838f9e2be066891",
        "is_verified": false,
        "line_number": 209
      },
      {
        "type": "Hex High Entropy String",
        "filename": "scripts\\_repair_yaml_files.py",
        "hashed_secret": "779b52478a7f28e63a22516c4e4d7730bbb70907",
        "is_verified": false,
        "line_number": 219
      },
      {
        "type": "Hex High Entropy String",
        "filename": "scripts\\_repair_yaml_files.py",
        "hashed_secret": "08ca7223a336187ec88e523fbb2e4729ff1be349",
        "is_verified": false,
        "line_number": 229
      },
      {
        "type": "Hex High Entropy String",
        "filename": "scripts\\_repair_yaml_files.py",
        "hashed_secret": "9a3c04f438a860ef537d0be048691a71ba5f0304",
        "is_verified": false,
        "line_number": 239
      },
      {
        "type": "Hex High Entropy String",
        "filename": "scripts\\_repair_yaml_files.py",
        "hashed_secret": "6f53c82a610a7298100afc1999e37dae513fd880",
        "is_verified": false,
        "line_number": 249
      }
    ],
    "scripts\\_wave19_preflight_and_repair.py": [
      {
        "type": "Hex High Entropy String",
        "filename": "scripts\\_wave19_preflight_and_repair.py",
        "hashed_secret": "295e7ca5eb355e297d8be3c62d33e5f9149b2359",
        "is_verified": false,
        "line_number": 47
      }
    ],
    "scripts\\_wave20_evidence.py": [
      {
        "type": "Hex High Entropy String",
        "filename": "scripts\\_wave20_evidence.py",
        "hashed_secret": "63e5b26ff783183973745d991be3801d203d9a40",
        "is_verified": false,
        "line_number": 859
      }
    ],
    "scripts\\_wave21_iv_taskcards.py": [
      {
        "type": "Hex High Entropy String",
        "filename": "scripts\\_wave21_iv_taskcards.py",
        "hashed_secret": "eb0c21482d6e3c11968f7cc1b9335c01ad8bbe27",
        "is_verified": false,
        "line_number": 106
      }
    ],
    "scripts\\_wave21_sprint.py": [
      {
        "type": "Hex High Entropy String",
        "filename": "scripts\\_wave21_sprint.py",
        "hashed_secret": "eb0c21482d6e3c11968f7cc1b9335c01ad8bbe27",
        "is_verified": false,
        "line_number": 182
      }
    ],
    "scripts\\_wave22_coordinator.py": [
      {
        "type": "Hex High Entropy String",
        "filename": "scripts\\_wave22_coordinator.py",
        "hashed_secret": "d19cd70e43f4a25e39c46bc9d4074551eec98fb7",
        "is_verified": false,
        "line_number": 145
      }
    ],
    "scripts\\_wave23_closeout.py": [
      {
        "type": "Hex High Entropy String",
        "filename": "scripts\\_wave23_closeout.py",
        "hashed_secret": "798e68ff9a0e0c867a60f5bd0f0fe88d55247c7b",
        "is_verified": false,
        "line_number": 12
      }
    ],
    "scripts\\_wave23_coordinator.py": [
      {
        "type": "Hex High Entropy String",
        "filename": "scripts\\_wave23_coordinator.py",
        "hashed_secret": "798e68ff9a0e0c867a60f5bd0f0fe88d55247c7b",
        "is_verified": false,
        "line_number": 11
      }
    ],
    "scripts\\_wave24_closeout_freeze.py": [
      {
        "type": "Hex High Entropy String",
        "filename": "scripts\\_wave24_closeout_freeze.py",
        "hashed_secret": "2a08fce829d9212aa2dc83539204552a4ec614ee",
        "is_verified": false,
        "line_number": 17
      }
    ],
    "scripts\\_wave24_coordinator.py": [
      {
        "type": "Hex High Entropy String",
        "filename": "scripts\\_wave24_coordinator.py",
        "hashed_secret": "2a08fce829d9212aa2dc83539204552a4ec614ee",
        "is_verified": false,
        "line_number": 13
      }
    ],
    "scripts\\build_closure_repair_bundle.py": [
      {
        "type": "Secret Keyword",
        "filename": "scripts\\build_closure_repair_bundle.py",
        "hashed_secret": "2f3d2737147b610e8c2710db6ef24f9f3aa612f5",
        "is_verified": false,
        "line_number": 119
      }
    ],
    "scripts\\build_healing_sprint_1f_bundle.py": [
      {
        "type": "Hex High Entropy String",
        "filename": "scripts\\build_healing_sprint_1f_bundle.py",
        "hashed_secret": "65c5e746afe5f366d4f9151177f79d6a265e5abf",
        "is_verified": false,
        "line_number": 72
      }
    ],
    "scripts\\run_true_closure_evidence.py": [
      {
        "type": "Secret Keyword",
        "filename": "scripts\\run_true_closure_evidence.py",
        "hashed_secret": "1b83fc3360544e2a3316bc1a74674a7d1ded545d",
        "is_verified": false,
        "line_number": 591
      }
    ],
    "tests\\unit\\test_closeout_vs_bundle_validators.py": [
      {
        "type": "Hex High Entropy String",
        "filename": "tests\\unit\\test_closeout_vs_bundle_validators.py",
        "hashed_secret": "b97d5cc9abd7026ae11c001fc953911f6635194c",
        "is_verified": false,
        "line_number": 24
      },
      {
        "type": "Hex High Entropy String",
        "filename": "tests\\unit\\test_closeout_vs_bundle_validators.py",
        "hashed_secret": "801ce1ec25cb1c5334523e9a1cee3cc62d47b799",
        "is_verified": false,
        "line_number": 25
      }
    ],
    "tests\\unit\\test_evidence_authority_validators.py": [
      {
        "type": "Hex High Entropy String",
        "filename": "tests\\unit\\test_evidence_authority_validators.py",
        "hashed_secret": "b97d5cc9abd7026ae11c001fc953911f6635194c",
        "is_verified": false,
        "line_number": 257
      }
    ],
    "tests\\unit\\test_evidence_contract.py": [
      {
        "type": "Hex High Entropy String",
        "filename": "tests\\unit\\test_evidence_contract.py",
        "hashed_secret": "52da383d74fbb139425a1cfa03b34657de36c61d",
        "is_verified": false,
        "line_number": 1247
      },
      {
        "type": "GitHub Token",
        "filename": "tests\\unit\\test_evidence_contract.py",
        "hashed_secret": "e175c6f5f2a92e8623bd9a4820edb4e8c1b0fd10",
        "is_verified": false,
        "line_number": 2241
      }
    ],
    "tests\\unit\\test_evidence_validator.py": [
      {
        "type": "Hex High Entropy String",
        "filename": "tests\\unit\\test_evidence_validator.py",
        "hashed_secret": "d6019f955ad62fefea4fc1a87a4385d790c37266",
        "is_verified": false,
        "line_number": 3520
      },
      {
        "type": "Hex High Entropy String",
        "filename": "tests\\unit\\test_evidence_validator.py",
        "hashed_secret": "c2c501ab50642031f040302b9fa010bea6bd67e4",
        "is_verified": false,
        "line_number": 4249
      }
    ],
    "tests\\unit\\test_llm_generation.py": [
      {
        "type": "Secret Keyword",
        "filename": "tests\\unit\\test_llm_generation.py",
        "hashed_secret": "a62f2225bf70bfaccbc7f1ef2a397836717377de",
        "is_verified": false,
        "line_number": 1968
      }
    ],
    "tests\\unit\\test_registry_bundle_completeness_validators.py": [
      {
        "type": "Hex High Entropy String",
        "filename": "tests\\unit\\test_registry_bundle_completeness_validators.py",
        "hashed_secret": "c4bb0105f068258c1b685f222fc4bf606acb152a",
        "is_verified": false,
        "line_number": 83
      },
      {
        "type": "Hex High Entropy String",
        "filename": "tests\\unit\\test_registry_bundle_completeness_validators.py",
        "hashed_secret": "90bd1b48e958257948487b90bee080ba5ed00caa",
        "is_verified": false,
        "line_number": 274
      }
    ],
    "tests\\unit\\test_release_status.py": [
      {
        "type": "Hex High Entropy String",
        "filename": "tests\\unit\\test_release_status.py",
        "hashed_secret": "29f3c0218de11ff16fbf4e1993b048eb5c3b6036",
        "is_verified": false,
        "line_number": 61
      }
    ],
    "tests\\unit\\test_risk_mitigations.py": [
      {
        "type": "GitHub Token",
        "filename": "tests\\unit\\test_risk_mitigations.py",
        "hashed_secret": "e175c6f5f2a92e8623bd9a4820edb4e8c1b0fd10",
        "is_verified": false,
        "line_number": 189
      }
    ],
    "tests\\unit\\test_taskcard_closeout_validators.py": [
      {
        "type": "Hex High Entropy String",
        "filename": "tests\\unit\\test_taskcard_closeout_validators.py",
        "hashed_secret": "3bfad58ef5fdc56820ae2e151e9fb82d3b790029",
        "is_verified": false,
        "line_number": 43
      }
    ],
    "tests\\unit\\test_token_policy.py": [
      {
        "type": "GitHub Token",
        "filename": "tests\\unit\\test_token_policy.py",
        "hashed_secret": "e175c6f5f2a92e8623bd9a4820edb4e8c1b0fd10",
        "is_verified": false,
        "line_number": 140
      }
    ]
  },
  "generated_at": "2026-06-16T04:20:33Z"
}
