# Raw Commands Log — non-lowcode-fallback-implementation-20260604
# All shell commands executed during this sprint (representative log)

## TC-IMPL-011: DllReflector runs

dotnet run --project tools/DllReflector -- --dll .local/reflection-runs/barcode/Aspose.BarCode.dll --deps .local/reflection-runs/deps/extracted/Aspose.Drawing.Common.dll --output reports/.../reflection/public-api-inventory/barcode.json
exit_code: 0

dotnet run --project tools/DllReflector -- --dll .local/reflection-runs/imaging/Aspose.Imaging.dll --deps .local/reflection-runs/deps/extracted/Newtonsoft.Json.dll .local/reflection-runs/deps/extracted/Aspose.Drawing.dll .local/reflection-runs/deps/extracted/Aspose.Drawing.Common.dll --output reports/.../reflection/public-api-inventory/imaging.json
exit_code: 0

## TC-IMPL-007: BarCode probe

dotnet restore reports/.../prototypes/barcode/probe/BarcodeGeneratorProbe.csproj
exit_code: 0

dotnet build reports/.../prototypes/barcode/probe/BarcodeGeneratorProbe.csproj -c Release
exit_code: 0

dotnet run --project reports/.../prototypes/barcode/probe/BarcodeGeneratorProbe.csproj --configuration Release -- probe-output.png
exit_code: 0

## TC-IMPL-008: Imaging probe

python reports/.../prototypes/imaging/probe/fixture_gen.py
exit_code: 0

dotnet restore reports/.../prototypes/imaging/probe/ImagingConverterProbe.csproj
exit_code: 0

dotnet build reports/.../prototypes/imaging/probe/ImagingConverterProbe.csproj -c Release
exit_code: 0

dotnet run --project reports/.../prototypes/imaging/probe/ImagingConverterProbe.csproj --configuration Release -- input.png probe-output.jpg
exit_code: 0

## Test suite

.venv/Scripts/python.exe -m pytest tests/ --tb=short -q
exit_code: 0
result: 3316 passed, 18 skipped

## Ruff lint

.venv/Scripts/python.exe -m ruff check src/plugin_examples/website_catalog/ src/plugin_examples/probe_generator/ src/plugin_examples/plugin_detector/heuristic_matcher.py src/plugin_examples/evidence_validator/rules/non_lowcode.py src/plugin_examples/ai_acceleration/
exit_code: 0

## Backward compat verification

git diff pipeline/configs/families/cells.yml
exit_code: 0 (empty)
git diff pipeline/configs/families/words.yml
exit_code: 0 (empty)
git diff pipeline/configs/families/pdf.yml
exit_code: 0 (empty)
git diff pipeline/configs/families/slides.yml
exit_code: 0 (empty)
git diff pipeline/configs/families/email.yml
exit_code: 0 (empty)
git diff pipeline/configs/families/diagram.yml
exit_code: 0 (empty)
git diff pipeline/format-authority/manifest.json
exit_code: 0 (empty)
