{
  "sprint": "lowcode-pub-proof-repair-20260601",
  "total": 44,
  "packages": [
    {
      "key": "cells/html-converter",
      "family": "cells",
      "name": "html-converter",
      "decision": "PUBLISH_MAIN_CLASS_EXAMPLE",
      "package_dir": "package-artifacts/cells/html-converter",
      "file_count": 3
    },
    {
      "key": "cells/image-converter",
      "family": "cells",
      "name": "image-converter",
      "decision": "PUBLISH_MAIN_CLASS_EXAMPLE",
      "package_dir": "package-artifacts/cells/image-converter",
      "file_count": 3
    },
    {
      "key": "cells/json-converter",
      "family": "cells",
      "name": "json-converter",
      "decision": "PUBLISH_MAIN_CLASS_EXAMPLE",
      "package_dir": "package-artifacts/cells/json-converter",
      "file_count": 3
    },
    {
      "key": "cells/pdf-converter",
      "family": "cells",
      "name": "pdf-converter",
      "decision": "PUBLISH_MAIN_CLASS_EXAMPLE",
      "package_dir": "package-artifacts/cells/pdf-converter",
      "file_count": 3
    },
    {
      "key": "cells/spreadsheet-converter",
      "family": "cells",
      "name": "spreadsheet-converter",
      "decision": "PUBLISH_MAIN_CLASS_EXAMPLE",
      "package_dir": "package-artifacts/cells/spreadsheet-converter",
      "file_count": 3
    },
    {
      "key": "cells/spreadsheet-locker",
      "family": "cells",
      "name": "spreadsheet-locker",
      "decision": "PUBLISH_MAIN_CLASS_EXAMPLE",
      "package_dir": "package-artifacts/cells/spreadsheet-locker",
      "file_count": 3
    },
    {
      "key": "cells/spreadsheet-merger",
      "family": "cells",
      "name": "spreadsheet-merger",
      "decision": "PUBLISH_MAIN_CLASS_EXAMPLE",
      "package_dir": "package-artifacts/cells/spreadsheet-merger",
      "file_count": 3
    },
    {
      "key": "cells/spreadsheet-splitter",
      "family": "cells",
      "name": "spreadsheet-splitter",
      "decision": "PUBLISH_MAIN_CLASS_EXAMPLE",
      "package_dir": "package-artifacts/cells/spreadsheet-splitter",
      "file_count": 3
    },
    {
      "key": "cells/text-converter",
      "family": "cells",
      "name": "text-converter",
      "decision": "PUBLISH_MAIN_CLASS_EXAMPLE",
      "package_dir": "package-artifacts/cells/text-converter",
      "file_count": 3
    },
    {
      "key": "diagram/diagram-converter",
      "family": "diagram",
      "name": "diagram-converter",
      "decision": "PUBLISH_MAIN_CLASS_EXAMPLE",
      "package_dir": "package-artifacts/diagram/diagram-converter",
      "file_count": 3
    },
    {
      "key": "diagram/pdf-converter",
      "family": "diagram",
      "name": "pdf-converter",
      "decision": "PUBLISH_MAIN_CLASS_EXAMPLE",
      "package_dir": "package-artifacts/diagram/pdf-converter",
      "file_count": 3
    },
    {
      "key": "email/converter",
      "family": "email",
      "name": "converter",
      "decision": "PUBLISH_MAIN_CLASS_EXAMPLE",
      "package_dir": "package-artifacts/email/converter",
      "file_count": 3
    },
    {
      "key": "pdf/doc-converter",
      "family": "pdf",
      "name": "doc-converter",
      "decision": "PUBLISH_MAIN_CLASS_EXAMPLE",
      "package_dir": "package-artifacts/pdf/doc-converter",
      "file_count": 3
    },
    {
      "key": "pdf/html",
      "family": "pdf",
      "name": "html",
      "decision": "PUBLISH_MAIN_CLASS_EXAMPLE",
      "package_dir": "package-artifacts/pdf/html",
      "file_count": 3
    },
    {
      "key": "pdf/xls-converter",
      "family": "pdf",
      "name": "xls-converter",
      "decision": "PUBLISH_MAIN_CLASS_EXAMPLE",
      "package_dir": "package-artifacts/pdf/xls-converter",
      "file_count": 3
    },
    {
      "key": "pdf/jpeg",
      "family": "pdf",
      "name": "jpeg",
      "decision": "PUBLISH_MAIN_CLASS_EXAMPLE",
      "package_dir": "package-artifacts/pdf/jpeg",
      "file_count": 3
    },
    {
      "key": "pdf/png",
      "family": "pdf",
      "name": "png",
      "decision": "PUBLISH_MAIN_CLASS_EXAMPLE",
      "package_dir": "package-artifacts/pdf/png",
      "file_count": 3
    },
    {
      "key": "pdf/tiff",
      "family": "pdf",
      "name": "tiff",
      "decision": "PUBLISH_MAIN_CLASS_EXAMPLE",
      "package_dir": "package-artifacts/pdf/tiff",
      "file_count": 3
    },
    {
      "key": "pdf/image-extractor",
      "family": "pdf",
      "name": "image-extractor",
      "decision": "PUBLISH_MAIN_CLASS_EXAMPLE",
      "package_dir": "package-artifacts/pdf/image-extractor",
      "file_count": 3
    },
    {
      "key": "pdf/table-generator",
      "family": "pdf",
      "name": "table-generator",
      "decision": "PUBLISH_MAIN_CLASS_EXAMPLE",
      "package_dir": "package-artifacts/pdf/table-generator",
      "file_count": 3
    },
    {
      "key": "pdf/toc-generator",
      "family": "pdf",
      "name": "toc-generator",
      "decision": "PUBLISH_MAIN_CLASS_EXAMPLE",
      "package_dir": "package-artifacts/pdf/toc-generator",
      "file_count": 3
    },
    {
      "key": "pdf/form-flattener",
      "family": "pdf",
      "name": "form-flattener",
      "decision": "PUBLISH_MAIN_CLASS_EXAMPLE",
      "package_dir": "package-artifacts/pdf/form-flattener",
      "file_count": 3
    },
    {
      "key": "pdf/security",
      "family": "pdf",
      "name": "security",
      "decision": "PUBLISH_MAIN_CLASS_EXAMPLE",
      "package_dir": "package-artifacts/pdf/security",
      "file_count": 3
    },
    {
      "key": "pdf/form-editor",
      "family": "pdf",
      "name": "form-editor",
      "decision": "PUBLISH_MAIN_CLASS_EXAMPLE",
      "package_dir": "package-artifacts/pdf/form-editor",
      "file_count": 3
    },
    {
      "key": "pdf/form-exporter",
      "family": "pdf",
      "name": "form-exporter",
      "decision": "PUBLISH_MAIN_CLASS_EXAMPLE",
      "package_dir": "package-artifacts/pdf/form-exporter",
      "file_count": 3
    },
    {
      "key": "pdf/signature",
      "family": "pdf",
      "name": "signature",
      "decision": "PUBLISH_MAIN_CLASS_EXAMPLE",
      "package_dir": "package-artifacts/pdf/signature",
      "file_count": 3
    },
    {
      "key": "pdf/merger",
      "family": "pdf",
      "name": "merger",
      "decision": "PUBLISH_MAIN_CLASS_EXAMPLE",
      "package_dir": "package-artifacts/pdf/merger",
      "file_count": 3
    },
    {
      "key": "pdf/optimizer",
      "family": "pdf",
      "name": "optimizer",
      "decision": "PUBLISH_MAIN_CLASS_EXAMPLE",
      "package_dir": "package-artifacts/pdf/optimizer",
      "file_count": 3
    },
    {
      "key": "pdf/pdf-aconverter",
      "family": "pdf",
      "name": "pdf-aconverter",
      "decision": "PUBLISH_MAIN_CLASS_EXAMPLE",
      "package_dir": "package-artifacts/pdf/pdf-aconverter",
      "file_count": 3
    },
    {
      "key": "pdf/splitter",
      "family": "pdf",
      "name": "splitter",
      "decision": "PUBLISH_MAIN_CLASS_EXAMPLE",
      "package_dir": "package-artifacts/pdf/splitter",
      "file_count": 3
    },
    {
      "key": "pdf/text-extractor",
      "family": "pdf",
      "name": "text-extractor",
      "decision": "PUBLISH_MAIN_CLASS_EXAMPLE",
      "package_dir": "package-artifacts/pdf/text-extractor",
      "file_count": 3
    },
    {
      "key": "pdf/timestamp",
      "family": "pdf",
      "name": "timestamp",
      "decision": "PUBLISH_ENVIRONMENT_DEPENDENT_EXAMPLE",
      "package_dir": "package-artifacts/pdf/timestamp",
      "file_count": 3
    },
    {
      "key": "slides/compress",
      "family": "slides",
      "name": "compress",
      "decision": "PUBLISH_MAIN_CLASS_EXAMPLE",
      "package_dir": "package-artifacts/slides/compress",
      "file_count": 3
    },
    {
      "key": "slides/convert",
      "family": "slides",
      "name": "convert",
      "decision": "PUBLISH_MAIN_CLASS_EXAMPLE",
      "package_dir": "package-artifacts/slides/convert",
      "file_count": 3
    },
    {
      "key": "slides/merger",
      "family": "slides",
      "name": "merger",
      "decision": "PUBLISH_MAIN_CLASS_EXAMPLE",
      "package_dir": "package-artifacts/slides/merger",
      "file_count": 3
    },
    {
      "key": "words/comparer",
      "family": "words",
      "name": "comparer",
      "decision": "PUBLISH_MAIN_CLASS_EXAMPLE",
      "package_dir": "package-artifacts/words/comparer",
      "file_count": 3
    },
    {
      "key": "words/converter",
      "family": "words",
      "name": "converter",
      "decision": "PUBLISH_MAIN_CLASS_EXAMPLE",
      "package_dir": "package-artifacts/words/converter",
      "file_count": 3
    },
    {
      "key": "words/mail-merger",
      "family": "words",
      "name": "mail-merger",
      "decision": "PUBLISH_MAIN_CLASS_EXAMPLE",
      "package_dir": "package-artifacts/words/mail-merger",
      "file_count": 3
    },
    {
      "key": "words/merger",
      "family": "words",
      "name": "merger",
      "decision": "PUBLISH_MAIN_CLASS_EXAMPLE",
      "package_dir": "package-artifacts/words/merger",
      "file_count": 3
    },
    {
      "key": "words/replacer",
      "family": "words",
      "name": "replacer",
      "decision": "PUBLISH_MAIN_CLASS_EXAMPLE",
      "package_dir": "package-artifacts/words/replacer",
      "file_count": 3
    },
    {
      "key": "words/report-builder",
      "family": "words",
      "name": "report-builder",
      "decision": "PUBLISH_MAIN_CLASS_EXAMPLE",
      "package_dir": "package-artifacts/words/report-builder",
      "file_count": 3
    },
    {
      "key": "words/signer",
      "family": "words",
      "name": "signer",
      "decision": "PUBLISH_COMPANION_EXAMPLE",
      "package_dir": "package-artifacts/words/signer",
      "file_count": 3
    },
    {
      "key": "words/splitter",
      "family": "words",
      "name": "splitter",
      "decision": "PUBLISH_MAIN_CLASS_EXAMPLE",
      "package_dir": "package-artifacts/words/splitter",
      "file_count": 3
    },
    {
      "key": "words/watermarker",
      "family": "words",
      "name": "watermarker",
      "decision": "PUBLISH_MAIN_CLASS_EXAMPLE",
      "package_dir": "package-artifacts/words/watermarker",
      "file_count": 3
    }
  ]
}