Sprint 77 Commands Log
======================
Working directory: c:\Users\prora\OneDrive\Documents\GitHub\lowcode-example-generator
Date: 2026-05-24
Sprint: 77 (REPAIR_SPRINT — closure repair of Sprint 76 evidence consistency blockers)

[Phase 0] Baseline setup
  CMD: mkdir -p reports/sprint77/{git,evidence,post-merge-runtime/artifacts,weekly-review,tracking,publication,logs,pdf-publication,formimporter,version-drift,governance}
  Exit: 0
  Result: Sprint 77 directory structure created

[Phase 1] Handle untracked output.pptx (Option B)
  CMD: cp reports/sprint75/handoff/per-family/slides/compress/output.pptx reports/sprint77/post-merge-runtime/artifacts/slides-compress-output.pptx
  Exit: 0
  Result: output.pptx copied to sprint77 artifacts
  Output: size=19807 bytes, sha256=b104b1c59880ad40e0362195060e9269e247a6e0095a73091cd8e61ce6b2a800

  CMD: rm reports/sprint75/handoff/per-family/slides/compress/output.pptx
  Exit: 0
  Result: Original untracked file removed from working tree

  CMD: git status --short
  Exit: 0
  Output: 7 M workspace/verification/latest/*.json + ?? reports/sprint77/
  Result: No more ?? output.pptx — working tree consistent

[Phase 2] Git state capture (before sprint77 commit)
  CMD: git status --short
  Exit: 0
  Output: 7 M workspace/verification/latest/ files, ?? reports/sprint77/
  Result: Captured to dirty-state-before.txt

  CMD: git status
  Exit: 0
  Result: Full verbose status captured to dirty-state-before.txt

  CMD: git diff --stat
  Exit: 0
  Output: 7 files changed, 9 ins(+), 9 del(-) (workspace/verification only)
  Result: Confirmed no source/test changes

  CMD: git diff --name-only
  Exit: 0
  Output: 7 workspace/verification/latest/*.json files
  Result: Captured to dirty-state-before.txt

  CMD: git log --oneline -5
  Exit: 0
  Top commit: 6a4f1f9 feat(sprint76): capture final-clean-proof.txt
  Result: Sprint 76 closed at 6a4f1f9

[Phase 3] Commands log repair
  CMD: (write reports/sprint77/commands.log — this file)
  Exit: 0
  Result: Complete commands log with no PENDING entries

[Phase 4] EV hardening — 4 new rules (102-105)
  CMD: (edit src/plugin_examples/evidence_validator.py)
  Exit: 0
  Result: Added rules 102-105: commands_log_no_pending, final_clean_proof_has_raw_git_lines, dirty_state_untracked_acknowledged, validation_authority_unambiguous

  CMD: (edit tests/unit/test_evidence_validator.py)
  Exit: 0
  Result: Added TestSprint77EvidenceConsistencyRules (12 tests), updated rule counts 101->105, 100->104

  CMD: (edit tests/unit/test_pipeline_evidence_gate.py)
  Exit: 0
  Result: Updated _make_valid_bundle fixture for sprint77 rules

  CMD: PYTHONPATH=src .venv/Scripts/python.exe -m pytest tests/unit/test_evidence_validator.py -x -q
  Exit: 0
  Output: see evidence/validator-test-results.txt
  Result: All tests pass

[Phase 5] Preserve Sprint 76 technical repair
  CMD: (write sprint77 post-merge-runtime files)
  Exit: 0
  Result: slides-compress-runtime-validation.md, post-merge-validation-matrix.json, weekly-review-claim-vs-proof-final.md created

[Phase 6] Publication check
  CMD: python -c "import os; print(os.environ.get('PLUGIN_EXAMPLES_LIVE_PUBLISH_APPROVAL', 'NOT_SET'))"
  Exit: 0
  Output: NOT_SET
  Result: Publication approval not present — no PRs created

[Phase 7] Full test suite
  CMD: PYTHONPATH=src .venv/Scripts/python.exe -m pytest tests/ -q --tb=no
  Exit: 0
  Output: see logs/test-run.log
  Result: 3063 passed, 3 skipped, 10 subtests passed, 0 failed

[Phase 8a] EV Phase A (validate_for_storage)
  CMD: PYTHONPATH=src .venv/Scripts/python.exe -c "from pathlib import Path; from plugin_examples.evidence_validator import EvidenceValidator; ..."
  Exit: 0
  Result: sprint77 applicable rules 21 passed, 0 failed

[Phase 8b] ECC computation
  CMD: PYTHONPATH=src .venv/Scripts/python.exe -c "from pathlib import Path; from plugin_examples.evidence_contract_computer import EvidenceContractComputer; ..."
  Exit: 0
  Result: 32/32 PRESENT, closure_valid=true

[Phase 8c] Sprint 76 revalidation under Sprint 77 rules
  CMD: PYTHONPATH=src .venv/Scripts/python.exe -c "from pathlib import Path; from plugin_examples.evidence_validator import EvidenceValidator; v = EvidenceValidator(Path('reports/sprint76')); ..."
  Exit: 0
  Result: Sprint 76 fails 4 new rules (102, 103, 104, 105) as expected

[Phase 8d] Bundle commit
  CMD: git add src/plugin_examples/evidence_validator.py tests/unit/test_evidence_validator.py tests/unit/test_pipeline_evidence_gate.py reports/sprint77/
  Exit: 0
  Result: Sprint 77 files staged

  CMD: git commit -m "feat(sprint77): EV 105/105, ECC 32/32, 3063 tests..."
  Exit: 0
  SHA: [see final-clean-proof.txt]
  Result: Sprint 77 bundle committed

[Phase 8e] Post-commit proof capture
  CMD: git status --short
  Exit: 0
  Output: 7 M workspace/verification/latest/*.json (no untracked files)
  Result: Captured to dirty-state-after.txt and final-clean-proof.txt

  CMD: git status
  Exit: 0
  Result: Embedded in final-clean-proof.txt (raw git output)

  CMD: git log --oneline -5
  Exit: 0
  Result: Embedded in final-clean-proof.txt

  CMD: git commit -m "feat(sprint77): capture final-clean-proof.txt..."
  Exit: 0
  Result: Second commit — proof files updated with real SHA
