Sprint 82 -- Commands Log
=========================
Sprint: sprint82
Date: 2026-05-24

[Phase 0] Approval gate check
  Dir: c:/Users/prora/OneDrive/Documents/GitHub/lowcode-example-generator
  Cmd: python -c "check approval env vars"
  Result: GH_TOKEN=SET(40), GITHUB_TOKEN=SET(93), LIVE_PUBLISH=NOT_SET, MERGE_PR=NOT_SET
  Decision: LOWCODE_LIVE_PUBLICATION_BLOCKED_BY_APPROVAL

[Phase 0] Baseline files created
  00-sprint81-acceptance-baseline.md: WRITTEN
  01-live-publication-preflight.md: WRITTEN

[Phase 1] Git workspace state capture
  Cmd: git status --short
  Result: 8 modified workspace/verification/latest/ files + ?? reports/sprint82/
  Decision: All 8 files are GENERATED_WORKSPACE_STATE -- governance exceptions
  Output: dirty-state-before.txt, dirty-file-classification.md

[Phase 2] Remote repo state and conflict check
  Input: remote-repo-state-before.json (pre-existing from session start)
  Input: remote-readme-io-audit-before.json (pre-existing from session start)
  Analysis: cells=9, words=8, pdf=19, diagram=2, email=1, slides=3 -- total 42
  Existing PRs: cells#5 (root README), words#7 (root README), diagram#2 (root README)
  Conflict finding: root README.md must be excluded from Sprint 82 PRs for cells/words/diagram
  Output: remote-conflict-check.md, remote-vs-handoff-before.json

[Phase 3] Handoff validation
  Cmd: python -c "verify 42 READMEs have ## Input and Output in sprint72/handoff/per-family"
  Result: 42/42 OK, all readme_has_io=True, 0 has_bin_obj, 0 MISSING
  Version check: cells=26.5.1, words=26.5.0, pdf=26.5.0, diagram=26.5.0, email=26.4.0, slides=N/A
  Remote version check: all match handoff -- no drift
  Output: handoff-source-authority.md, handoff-prepublish-validation.json, handoff-source-map.json, handoff-diff-summary.md

[Phase 3] Version drift
  Result: words drift RESOLVED (26.5.0=26.5.0), all families match
  Output: version-drift/words-version-drift-decision.md, words-version-drift-publication-status.json

[Phase 4] Publication file plan
  Decision: 42 per-example READMEs, 0 root READMEs, 0 Directory.Packages.props changes
  cells: root README.md EXCLUDED (deconflict cells#5)
  words: root README.md EXCLUDED (deconflict words#7)
  diagram: root README.md EXCLUDED (deconflict diagram#2)
  Output: publication/publication-file-plan.json, publication/per-family-file-plan.md

[Phase 5] PR creation -- SKIP
  Reason: PLUGIN_EXAMPLES_LIVE_PUBLISH_APPROVAL=NOT_SET
  Output: publication/pr-creation-ledger.json (SKIP record)

[Phase 6] Merge -- SKIP
  Reason: PLUGIN_EXAMPLES_MERGE_PR_APPROVAL=NOT_SET
  Output: publication/merge-result.json, post-merge-verification.json (SKIP records)

[Phase 7] Branch deletion -- SKIP
  Reason: No merges performed
  Output: publication/branch-delete-result.json (SKIP record)

[Phase 8] Publication truth matrix
  Cmd: python -c "generate 42-record matrix"
  Result: 41 CODE_PUBLISHED_README_IO_PENDING_APPROVAL, 1 CODE_PUBLISHED_README_PARTIAL_IO_PENDING_BACKFILL
  Output: publication/publication-truth-matrix-final.json, publication/publication-summary.md

[Phase 9] Adversarial review
  Checks: 16 checks performed, 0 failures, 0 self-repairs needed
  New finding: cells#5/words#7/diagram#2 conflict resolved via Phase 4 scope restriction
  Output: review/adversarial-review.md, review/self-repair-actions.json, review/final-consistency-check.json

[Phase 10] EV/ECC validation
  EV: 111 rules, 56 applicable pass, 55 non-applicable diagnostic, 0 blocking failures
  ECC Pass 1: placeholder written to evidence/evidence-contract-computed.json
  ECC Pass 2: python reports/sprint82/_run_ecc.py
  ECC result: 32/32 PRESENT, blocking_failures=0, closure_valid=True
  Output: evidence-contract.json, evidence/validator-gap-analysis.md, evidence/sprint82-final-validation-result.json, evidence/evidence-contract-computed.json

[Phase 11] Testing
  No source changes -- carry-forward from Sprint 80
  Sprint 80: 3088 passed, 3 skipped (task bqgrcfz5f)
  EV tests: 147/147 PASSED (task b3wmvviim)
  Output: evidence/validator-test-results.txt

[Phase 12] Bundle commit (PENDING)
  Commit 1: sprint82 bundle
  Commit 2: final-clean-proof.txt (real SHA)
  ZIP: bundles/sprint82-publication-evidence-{timestamp}.zip
