# Sprint 64 Commands Log
# Started: 2026-05-22
# Sprint: sprint64-ev-ecc-alignment-42-42-packages-pdf-drift-readme-publication-readiness
# Purpose: Fix EV/ECC gate disagreement, complete 42/42 artifacts, repair semantic rules,
#          apply README corrections, fix PDF version drift, publication readiness

# ========== PHASE 0 -- Reopen Sprint 63 and Correct the State ==========
# Audited Sprint 63 evidence bundle (reports/sprint63/)
# Found 7 blocking defects:
#   S63-D1: EV (21/21 PASS) and ECC (11 failures) disagree -- final gate untrustworthy
#   S63-D2: 40/42 package artifacts -- 2 PDF special cases missing
#   S63-D3: obj/ files in package artifacts (not clean)
#   S63-D4: Program.cs authority -- 3 mismatches, 2 no-authority
#   S63-D5: README corrections not applied to dry-run packages (0/42)
#   S63-D6: PDF version drift unresolved (26.4.0 in dry-run, 26.5.0 intended)
#   S63-D7: Deep audit missing output_format for all 42 records
# Sprint 63 downgraded to: EVIDENCE_GATE_REPAIR_REQUIRED_NOT_CLOSED
# Created: 00-sprint63-evidence-audit.md
# Created: 01-sprint63-claim-vs-proof-matrix.md
# Created: 02-corrected-sprint63-state.md
# Created: commands.log (this file)
# Created: todo.md
# Created: evidence-contract.json
# STATUS: COMPLETE

# ========== PHASE 1 -- Fix EV+ECC Final Gate Alignment ==========
# Root causes of EV/ECC disagreement diagnosed (3 causes)
# ECC timing bug: computed before final commits (7 false MISSING)
# ECC pytest "0 failed" pattern: did not match passing pytest format
# ECC "6 families" dict-key: data.get("families", []) returned [] for new format
# EV rule 22 added: ecc_contract_computed_and_valid
# Contract format support: both sprint_id/required_evidence_categories and contract_id/categories
# Tests: 106 passed, 0 failed (including 7 new EV tests, 9 new ECC tests)
# Sprint 63 revalidation: overall_valid=false (1 rule fail: ecc_contract_computed_and_valid)
# Created: phase1/final-gate-alignment.md
# Created: phase1/final-gate-source-proof.patch
# Created: phase1/final-gate-test-results.txt
# Created: phase1/sprint63-revalidation-result.json
# STATUS: COMPLETE

# ========== PHASE 2 -- Repair ECC Semantic Rules ==========
# Bug 1: pytest "0 failed" -- fixed with 3-pattern approach
# Bug 2: "6 families" dict-key -- fixed with _KNOWN_FAMILY_NAMES check
# Bug 3: contract format field names -- fixed with fallback support
# Tests: 22 passed, 0 failed (ECC semantic tests only)
# Created: phase2/semantic-rule-repair.md
# Created: phase2/semantic-rule-source-proof.patch
# Created: phase2/semantic-rule-test-results.txt
# STATUS: COMPLETE

# ========== PHASE 3 -- Clean 42/42 Package Artifacts ==========
# Rebuilt package extraction: exclude obj/, bin/, .vs/
# Include only: Program.cs, README.md, .csproj, .props
# 40 standard scenarios extracted from workspace/pr-dry-run/
# 2 special cases: pdf-pdf-aconverter, pdf-text-extractor from workspace/runs/
# 126 files total, 0 obj/bin files
# Created: destination-packages/package-artifact-index.json (42/42, dict-keyed)
# Created: destination-packages/package-source-manifest.json
# Created: destination-packages/package-hashes.json
# Created: destination-packages/package-cleanliness-audit.md
# Created: destination-packages/per-family/{cells,diagram,email,pdf,slides,words}/
# Created: destination-packages/special-cases/{pdf-pdf-aconverter,pdf-text-extractor}/
# Created: destination-packages/special-cases/special-cases-manifest.json
# STATUS: COMPLETE

# ========== PHASE 4 -- Close Program.cs Authority Gaps ==========
# cells-text-converter: authority ledger had stale .csv, actual .xlsx (MATCH after fix)
# pdf-html-converter: found in workspace/pr-dry-run/ (.html input, .pdf output) MATCH
# pdf-pdfa-converter: found in workspace/runs/ (.pdf input, .pdf output) MATCH
# words-mail-merger: KNOWN_SPECIAL_CASE_MULTI_FILE_INPUT
# words-report-builder: KNOWN_SPECIAL_CASE_MULTI_FILE_INPUT
# Result: 42/42 classified (40 MATCH + 2 KNOWN_SPECIAL_CASE), 0 unexplained mismatches
# Tests: 8 passed, 0 failed
# Created: phase4/programcs-authority-gap-analysis.md
# Created: phase4/programcs-vs-authority-final.json
# Created: phase4/programcs-authority-test-results.txt
# STATUS: COMPLETE

# ========== PHASE 5 -- Apply README I/O Corrections ==========
# Applied corrections to 42/42 dry-run package READMEs
# 41 new I/O sections added, 1 already_has_io
# Result: 42/42 with Input and Output section
# Re-ran README audit: 42/42 IO_DOC
# Created: phase5/readme-correction-application-ledger.json
# Created: phase5/example-readme-io-audit-after-application.json
# Created: phase5/root-readme-audit-after-application.json
# Created: phase5/readme-diff-summary.md
# STATUS: COMPLETE

# ========== PHASE 6 -- Repair PDF Version Drift ==========
# PDF dry-run was at 26.4.0, NuGet latest is 26.5.0
# Updated Directory.Packages.props: 26.4.0 -> 26.5.0
# Policy classification: POLICY_CLASSIFIED_CALENDAR_VERSION_BUMP
# Justification: Aspose calendar versioning, no API changes confirmed
# Tests: 7 passed, 0 failed
# Created: phase6/pdf-version-drift-resolution.md
# Created: phase6/pdf-regeneration-test-results.txt
# Created: phase6/version-policy.json
# STATUS: COMPLETE

# ========== PHASE 7 -- Final Publication Readiness ==========
# Gate status: no new publication in Sprint 64
# All 42 examples already published (Sprint 62)
# Publication approval not triggered: BLOCKED_BY_APPROVAL preserved
# No remote mutation performed
# Created: publication/live-approval-check.md
# Created: publication/publication-readiness-result.json
# Created: publication/live-publication-result.json
# Created: publication/branch-delete-result.json
# STATUS: COMPLETE

# ========== PHASE 8 -- Tests and Command Logs ==========
# Fix applied: test_pipeline_evidence_gate.py _make_valid_bundle() added
#   evidence/evidence-contract-computed.json for EV rule 22
# Full unit suite: 2993 passed, 3 skipped, 10 subtests passed, 0 failed
# Created: lanes/lane-I/test-run.log
# Created: lanes/lane-I/git-status.txt
# STATUS: COMPLETE

# ========== PHASE 9 -- Final Evidence Bundle ==========
# ECC run on Sprint 64 bundle -> evidence/evidence-contract-computed.json
# EV Phase A -> evidence/sprint64-bundle-validation-result.json
# EV Phase B (all 22 rules) -> overall_valid=true
# bundle-manifest.json, final-verdict.md, sprint-state.json created
# Final git commit
# final-clean-proof.txt captured AFTER commit
# STATUS: COMPLETE
