Sprint 78 Commands Log
======================
Working directory: c:\Users\prora\OneDrive\Documents\GitHub\lowcode-example-generator
Date: 2026-05-24
Sprint: 78 (FINISH_LINE_SPRINT — README I/O publication, remote truth, final publication matrix)

[Phase 0] Preflight and approval check
  CMD: python -c "import os; print('GH_TOKEN:', bool(os.environ.get('GH_TOKEN'))); print('LIVE:', os.environ.get('PLUGIN_EXAMPLES_LIVE_PUBLISH_APPROVAL', 'NOT_SET')); print('MERGE:', os.environ.get('PLUGIN_EXAMPLES_MERGE_PR_APPROVAL', 'NOT_SET'))"
  Exit: 0
  Result: GH_TOKEN=True (40 chars), GITHUB_TOKEN=True (93 chars), LIVE_PUBLISH_APPROVAL=NOT_SET, MERGE_PR_APPROVAL=NOT_SET
  Decision: No PRs, no merges, no branch deletions. Verdict path: LOWCODE_LIVE_PUBLICATION_BLOCKED_BY_APPROVAL

  CMD: mkdir -p reports/sprint78/{git,evidence,cleanup,remote,handoff,publication/per-family,review,logs,lanes/lane-I,tracking}
  Exit: 0
  Result: Sprint 78 directory structure created

[Phase 1] Git and workspace state capture
  CMD: git status --short
  Exit: 0
  Output: 7 M workspace/verification/latest/*.json (governance exception)

  CMD: git diff --stat
  Exit: 0
  Output: 7 files changed, 121 insertions(+), 14 deletions(-) (workspace/latest only)

  CMD: git diff --name-only
  Exit: 0
  Output: 7 workspace/verification/latest/*.json files

  CMD: git log --oneline -20
  Exit: 0
  Top commit: 9138e41 feat(sprint77): capture final-clean-proof.txt

[Phase 2] Sprint 77 inconsistency normalization
  CMD: (review sprint77 logs and evidence)
  Exit: 0
  Result: 3063 in commands.log/lanes-log = cosmetic artifact; authoritative=3064. ECC 31/31 in todo.md = draft artifact; authoritative=32/32.

[Phase 3] Fresh remote truth
  CMD: .venv/Scripts/python.exe -c "import os,sys; os.environ['GITHUB_TOKEN']=os.environ.get('GH_TOKEN',''); sys.path.insert(0,'src'); sys.argv=['plugin_examples','resolve-repo-access','--families','cells','words','pdf','diagram','email','slides']; from plugin_examples.__main__ import main; main()"
  Exit: 0
  Result: 6/6 accessible, can_push=True for all. See remote/remote-repo-state-before.json

[Phase 4] Handoff validation
  CMD: PYTHONPATH=src .venv/Scripts/python.exe -m plugin_examples release-status --promote-latest
  Exit: 0
  Result: See handoff/handoff-prepublish-validation.json

[Phase 5] Live PRs — SKIPPED (LIVE_PUBLISH_APPROVAL=NOT_SET)

[Phase 6] Merge — SKIPPED (MERGE_PR_APPROVAL=NOT_SET)

[Phase 7] Branch deletion — SKIPPED (no merges)

[Phase 8] Publication truth matrix
  CMD: (build publication-truth-matrix-final.json from release-status output)
  Exit: 0
  Result: 42 examples ALL PUBLISHED to GitHub (all_merged=true). README I/O: 0/6 backfilled (APPROVAL_BLOCKED). See publication/publication-truth-matrix-final.json

[Phase 9] Adversarial review
  CMD: (run internal consistency checks against all sprint78 evidence)
  Exit: 0
  Result: See review/adversarial-review.md

[Phase 10] EV/ECC hardening
  CMD: (edit src/plugin_examples/evidence_validator.py — add new rules)
  Exit: 0
  Result: See evidence/validator-gap-analysis.md

[Phase 11] Testing
  CMD: PYTHONPATH=src .venv/Scripts/python.exe -m pytest tests/ -q --tb=no
  Exit: 0
  Output: see logs/test-run.log

[Phase 12] Final evidence bundle
  CMD: git add src/... tests/... reports/sprint78/
  Exit: 0
  Result: Sprint 78 files staged

  CMD: git commit -m "feat(sprint78): ..."
  Exit: 0
  SHA: [see final-clean-proof.txt]

  CMD: git status --short (post-commit)
  Exit: 0
  Output: 7 M workspace/verification/latest/*.json (no untracked files)
