This is ObjectTeX, Version 3.1415926-1.0 (TeX engine: Aspose.TeX 24.8) (preloaded format=objectlatex 2024.7.31)  5 Jun 2026 14:34
entering extended mode
**job
(input\job.tex
LaTeX2e <2021-06-01> patch level 1
L3 programming layer <2021-07-12> (minimal.cls
Document Class: minimal 2001/05/25 Standard LaTeX minimal class
) (l3backend-objecttex.def
File: l3backend-objecttex.def 2021-07-12 L3 backend support: (Object TeX)
\l__color_backend_stack_int=\count181
\l__pdf_internal_box=\box50
)
No file job.aux.
LaTeX Font Info:    Checking defaults for OML/cmm/m/it on input line 2.
LaTeX Font Info:    ... okay on input line 2.
LaTeX Font Info:    Checking defaults for OMS/cmsy/m/n on input line 2.
LaTeX Font Info:    ... okay on input line 2.
LaTeX Font Info:    Checking defaults for OT1/cmr/m/n on input line 2.
LaTeX Font Info:    ... okay on input line 2.
LaTeX Font Info:    Checking defaults for T1/cmr/m/n on input line 2.
LaTeX Font Info:    ... okay on input line 2.
LaTeX Font Info:    Checking defaults for TS1/cmr/m/n on input line 2.
LaTeX Font Info:    ... okay on input line 2.
LaTeX Font Info:    Checking defaults for OMX/cmex/m/n on input line 2.
LaTeX Font Info:    ... okay on input line 2.
LaTeX Font Info:    Checking defaults for U/cmr/m/n on input line 2.
LaTeX Font Info:    ... okay on input line 2.
[1] (output\job.aux) ) 
Here is how much of TeX's memory you used:
  strings out of 
  string characters out of 
  words of memory out of 
 18069 multiletter control sequences out of 
  words of font info for 28 fonts, out of  for 150
 14 hyphenation exceptions out of 307
 28i, 5n, 38p, b, 102s stack positions out of 5000i, 40n, 200p, b, 6000s

Output written on job.xps (1 page).
