[OK] cells/html-converter: 5 files
[OK] cells/image-converter: 5 files
[OK] cells/json-converter: 5 files
[OK] cells/pdf-converter: 5 files
[OK] cells/spreadsheet-converter: 5 files
[OK] cells/spreadsheet-locker: 5 files
[OK] cells/spreadsheet-merger: 5 files
[OK] cells/spreadsheet-splitter: 5 files
[OK] cells/text-converter: 5 files
[OK] diagram/diagram-converter: 5 files
[OK] diagram/pdf-converter: 5 files
[OK] email/converter: 5 files
[OK] pdf/doc-converter: 5 files
[OK] pdf/html: 5 files
[OK] pdf/xls-converter: 5 files
[OK] pdf/jpeg: 5 files
[OK] pdf/png: 5 files
[OK] pdf/tiff: 5 files
[OK] pdf/image-extractor: 5 files
[OK] pdf/table-generator: 5 files
[OK] pdf/toc-generator: 5 files
[OK] pdf/form-flattener: 5 files
[OK] pdf/security: 5 files
[OK] pdf/form-editor: 5 files
[OK] pdf/form-exporter: 5 files
[OK] pdf/signature: 5 files
[OK] pdf/merger: 5 files
[OK] pdf/optimizer: 5 files
[OK] pdf/pdf-aconverter: 5 files
[OK] pdf/splitter: 5 files
[OK] pdf/text-extractor: 5 files
[OK] pdf/timestamp: 3 files
[OK] slides/compress: 5 files
[OK] slides/convert: 5 files
[OK] slides/merger: 5 files
[OK] words/comparer: 5 files
[OK] words/converter: 5 files
[OK] words/mail-merger: 5 files
[OK] words/merger: 5 files
[OK] words/replacer: 5 files
[OK] words/report-builder: 5 files
[OK] words/signer: 5 files
[OK] words/splitter: 5 files
[OK] words/watermarker: 5 files