=== convert-cad-to-image build RC=0 ===
  cad-convert-cad-to-image -> C:\Users\prora\OneDrive\Documents\GitHub\lowcode-example-generator-gitlab\.local\wave24-builds\cad-plugin-examples\examples\cad\convert-cad-to-image\bin\Release\net8.0\cad-convert-cad-to-image.dll

Build succeeded.
    0 Warning(s)
    0 Error(s)

Time Elapsed 00:00:00.61

=== convert-cad-to-pdf build RC=0 ===
  cad-convert-cad-to-pdf -> C:\Users\prora\OneDrive\Documents\GitHub\lowcode-example-generator-gitlab\.local\wave24-builds\cad-plugin-examples\examples\cad\convert-cad-to-pdf\bin\Release\net8.0\cad-convert-cad-to-pdf.dll

Build succeeded.
    0 Warning(s)
    0 Error(s)

Time Elapsed 00:00:00.59

=== convert-dxf-to-pdf build RC=0 ===
  cad-convert-dxf-to-pdf -> C:\Users\prora\OneDrive\Documents\GitHub\lowcode-example-generator-gitlab\.local\wave24-builds\cad-plugin-examples\examples\cad\convert-dxf-to-pdf\bin\Release\net8.0\cad-convert-dxf-to-pdf.dll

Build succeeded.
    0 Warning(s)
    0 Error(s)

Time Elapsed 00:00:00.65

=== convert-dwg-to-jpg build RC=0 ===
  cad-convert-dwg-to-jpg -> C:\Users\prora\OneDrive\Documents\GitHub\lowcode-example-generator-gitlab\.local\wave24-builds\cad-plugin-examples\examples\cad\convert-dwg-to-jpg\bin\Release\net8.0\cad-convert-dwg-to-jpg.dll

Build succeeded.
    0 Warning(s)
    0 Error(s)

Time Elapsed 00:00:00.79

=== convert-dwg-to-pdf build RC=0 ===
  cad-convert-dwg-to-pdf -> C:\Users\prora\OneDrive\Documents\GitHub\lowcode-example-generator-gitlab\.local\wave24-builds\cad-plugin-examples\examples\cad\convert-dwg-to-pdf\bin\Release\net8.0\cad-convert-dwg-to-pdf.dll

Build succeeded.
    0 Warning(s)
    0 Error(s)

Time Elapsed 00:00:00.64
