=== merge-svg build RC=0 ===
  svg-merge-svg -> C:\Users\prora\OneDrive\Documents\GitHub\lowcode-example-generator-gitlab\.local\wave24-builds\svg-plugin-examples\examples\svg\merge-svg\bin\Release\net8.0\svg-merge-svg.dll

Build succeeded.
    0 Warning(s)
    0 Error(s)

Time Elapsed 00:00:00.69

=== svg-to-image-converter build RC=0 ===
  svg-svg-to-image-converter -> C:\Users\prora\OneDrive\Documents\GitHub\lowcode-example-generator-gitlab\.local\wave24-builds\svg-plugin-examples\examples\svg\svg-to-image-converter\bin\Release\net8.0\svg-svg-to-image-converter.dll

Build succeeded.
    0 Warning(s)
    0 Error(s)

Time Elapsed 00:00:00.59

=== svg-to-pdf-converter build RC=0 ===
  svg-svg-to-pdf-converter -> C:\Users\prora\OneDrive\Documents\GitHub\lowcode-example-generator-gitlab\.local\wave24-builds\svg-plugin-examples\examples\svg\svg-to-pdf-converter\bin\Release\net8.0\svg-svg-to-pdf-converter.dll

Build succeeded.
    0 Warning(s)
    0 Error(s)

Time Elapsed 00:00:00.59

=== vectorizer build RC=0 ===
  svg-vectorizer -> C:\Users\prora\OneDrive\Documents\GitHub\lowcode-example-generator-gitlab\.local\wave24-builds\svg-plugin-examples\examples\svg\vectorizer\bin\Release\net8.0\svg-vectorizer.dll

Build succeeded.
    0 Warning(s)
    0 Error(s)

Time Elapsed 00:00:00.57
