This is ObjectTeX, Version 3.1415926-1.0 (TeX engine: Aspose.TeX 26.4) (preloaded format=objectlatex 2025.2.4)  10 Jun 2026 07:50
entering extended mode
**input.tex
(input.tex
LaTeX2e <2021-06-01> patch level 1
L3 programming layer <2021-07-12> (article.cls
Document Class: article 2021/02/12 v1.4n Standard LaTeX document class
(size10.clo
File: size10.clo 2021/02/12 v1.4n Standard LaTeX file (size option)
)
\c@part=\count181
\c@section=\count182
\c@subsection=\count183
\c@subsubsection=\count184
\c@paragraph=\count185
\c@subparagraph=\count186
\c@figure=\count187
\c@table=\count188
\abovecaptionskip=\skip47
\belowcaptionskip=\skip48
\bibindent=\dimen138
)

! Package inputenc Error: Unicode character  (U+0008)
(inputenc)                not set up for use with LaTeX.

See the inputenc package documentation for explanation.
Type  H <return>  for immediate help.
 ...                                               
                                                   
l.2 ^^H
       egin{document}
? 
! Emergency stop.
 ...                                               
                                                   
l.2 ^^H
       egin{document}
You may provide a definition with
\DeclareUnicodeCharacter 

 
Here is how much of TeX's memory you used:
  strings out of 
  string characters out of 
  words of memory out of 
 18085 multiletter control sequences out of 
  words of font info for 27 fonts, out of  for 150
 14 hyphenation exceptions out of 307
 34i, 0n, 41p, b, 31s stack positions out of 5000i, 40n, 200p, b, 6000s
No pages of output.
