# Sprint 80 Commands Log

Phase 0: Audit Sprint 79
  Exit: DONE
  gh api repos/aspose-*/contents/ — remote repo structure check
  python pr-dry-run analysis — example count verification: cells=9, words=8, pdf=19, diagram=2, email=1, slides=3=42

Phase 1: Git proof repair
  Exit: DONE
  git status --short — captured post-commit dirty state
  git log --oneline -5 — commit SHA recorded

Phase 2: Validation authority normalization
  Exit: DONE
  EV Rule 111 added to evidence_validator.py
  sprint80-final-validation-result.json — no overall_valid=false
  diagnostic-full-rules-non-applicable.json — not_canonical=true

Phase 3: Per-example publication truth matrix rebuild
  Exit: DONE
  gh api remote repo queries — 42 examples confirmed in remote repos
  publication-truth-matrix-final.json — 42 per-example records

Phase 4: Per-example remote README I/O audit
  Exit: DONE
  gh api repos/*/contents/README.md — sampled cells, words, pdf examples
  All 42 examples confirmed: remote_readme_has_io_section=false (no I/O backfill yet)

Phase 5: Raw test log
  Exit: DONE
  pytest tests/ — 3088 passed (3083 Sprint 79 + 5 Sprint 80 new tests), 3 skipped

Phase 6: ECC final pass
  Exit: DONE
  Two-pass ECC: blocking_failures=0, closure_valid=true

Phase 7: Approval gate check
  Exit: SKIPPED (both gates NOT_SET)
  PLUGIN_EXAMPLES_LIVE_PUBLISH_APPROVAL=NOT_SET
  PLUGIN_EXAMPLES_MERGE_PR_APPROVAL=NOT_SET

Phase 8: Adversarial review
  Exit: DONE
  All Sprint 79 blockers verified resolved

Phase 9: Bundle and commit
  Exit: DONE
  ZIP created, manifest committed
