CMD-001 restore cells/html-converter exit=0
CMD-002 build cells/html-converter exit=0
CMD-003 run cells/html-converter exit=0
CMD-004 restore cells/image-converter exit=0
CMD-005 build cells/image-converter exit=0
CMD-006 run cells/image-converter exit=0
CMD-007 restore cells/json-converter exit=0
CMD-008 build cells/json-converter exit=0
CMD-009 run cells/json-converter exit=0
CMD-010 restore cells/pdf-converter exit=0
CMD-011 build cells/pdf-converter exit=0
CMD-012 run cells/pdf-converter exit=0
CMD-013 restore cells/spreadsheet-converter exit=0
CMD-014 build cells/spreadsheet-converter exit=0
CMD-015 run cells/spreadsheet-converter exit=0
CMD-016 restore cells/spreadsheet-locker exit=0
CMD-017 build cells/spreadsheet-locker exit=0
CMD-018 run cells/spreadsheet-locker exit=0
CMD-019 restore cells/spreadsheet-merger exit=0
CMD-020 build cells/spreadsheet-merger exit=0
CMD-021 run cells/spreadsheet-merger exit=0
CMD-022 restore cells/spreadsheet-splitter exit=0
CMD-023 build cells/spreadsheet-splitter exit=0
CMD-024 run cells/spreadsheet-splitter exit=0
CMD-025 restore cells/text-converter exit=0
CMD-026 build cells/text-converter exit=0
CMD-027 run cells/text-converter exit=0
CMD-028 restore diagram/diagram-converter exit=0
CMD-029 build diagram/diagram-converter exit=0
CMD-030 run diagram/diagram-converter exit=0
CMD-031 restore diagram/pdf-converter exit=0
CMD-032 build diagram/pdf-converter exit=0
CMD-033 run diagram/pdf-converter exit=0
CMD-034 restore email/converter exit=0
CMD-035 build email/converter exit=0
CMD-036 run email/converter exit=0
CMD-037 restore pdf/doc-converter exit=0
CMD-038 build pdf/doc-converter exit=0
CMD-039 run pdf/doc-converter exit=0
CMD-040 restore pdf/form-editor exit=0
CMD-041 build pdf/form-editor exit=0
CMD-042 run pdf/form-editor exit=0
CMD-043 restore pdf/form-exporter exit=0
CMD-044 build pdf/form-exporter exit=0
CMD-045 run pdf/form-exporter exit=0
CMD-046 restore pdf/form-flattener exit=0
CMD-047 build pdf/form-flattener exit=0
CMD-048 run pdf/form-flattener exit=0
CMD-049 restore pdf/html exit=0
CMD-050 build pdf/html exit=0
CMD-051 run pdf/html exit=0
CMD-052 restore pdf/image-extractor exit=0
CMD-053 build pdf/image-extractor exit=0
CMD-054 run pdf/image-extractor exit=0
CMD-055 restore pdf/jpeg exit=0
CMD-056 build pdf/jpeg exit=0
CMD-057 run pdf/jpeg exit=0
CMD-058 restore pdf/merger exit=0
CMD-059 build pdf/merger exit=0
CMD-060 run pdf/merger exit=0
CMD-061 restore pdf/optimizer exit=0
CMD-062 build pdf/optimizer exit=0
CMD-063 run pdf/optimizer exit=0
CMD-064 restore pdf/pdfa-converter exit=0
CMD-065 build pdf/pdfa-converter exit=0
CMD-066 run pdf/pdfa-converter exit=0
CMD-067 restore pdf/png exit=0
CMD-068 build pdf/png exit=0
CMD-069 run pdf/png exit=0
CMD-070 restore pdf/security exit=0
CMD-071 build pdf/security exit=0
CMD-072 run pdf/security exit=0
CMD-073 restore pdf/signature exit=0
CMD-074 build pdf/signature exit=0
CMD-075 run pdf/signature exit=0
CMD-076 restore pdf/splitter exit=0
CMD-077 build pdf/splitter exit=0
CMD-078 run pdf/splitter exit=0
CMD-079 restore pdf/table-generator exit=0
CMD-080 build pdf/table-generator exit=0
CMD-081 run pdf/table-generator exit=0
CMD-082 restore pdf/text-extractor exit=0
CMD-083 build pdf/text-extractor exit=0
CMD-084 run pdf/text-extractor exit=0
CMD-085 restore pdf/tiff exit=0
CMD-086 build pdf/tiff exit=0
CMD-087 run pdf/tiff exit=0
CMD-088 restore pdf/timestamp exit=0
CMD-089 build pdf/timestamp exit=0
CMD-090 run pdf/timestamp exit=0
CMD-091 restore pdf/toc-generator exit=0
CMD-092 build pdf/toc-generator exit=0
CMD-093 run pdf/toc-generator exit=0
CMD-094 restore pdf/xls-converter exit=0
CMD-095 build pdf/xls-converter exit=0
CMD-096 run pdf/xls-converter exit=0
CMD-097 restore slides/compress exit=0
CMD-098 build slides/compress exit=0
CMD-099 run slides/compress exit=0
CMD-100 restore slides/convert exit=0
CMD-101 build slides/convert exit=0
CMD-102 run slides/convert exit=0
CMD-103 restore slides/merger exit=0
CMD-104 build slides/merger exit=0
CMD-105 run slides/merger exit=0
CMD-106 restore words/comparer exit=0
CMD-107 build words/comparer exit=0
CMD-108 run words/comparer exit=0
CMD-109 restore words/converter exit=0
CMD-110 build words/converter exit=0
CMD-111 run words/converter exit=0
CMD-112 restore words/mail-merger exit=0
CMD-113 build words/mail-merger exit=0
CMD-114 run words/mail-merger exit=0
CMD-115 restore words/merger exit=0
CMD-116 build words/merger exit=0
CMD-117 run words/merger exit=0
CMD-118 restore words/replacer exit=0
CMD-119 build words/replacer exit=0
CMD-120 run words/replacer exit=0
CMD-121 restore words/report-builder exit=0
CMD-122 build words/report-builder exit=0
CMD-123 run words/report-builder exit=0
CMD-124 restore words/signer exit=0
CMD-125 build words/signer exit=0
CMD-126 run words/signer exit=0
CMD-127 restore words/splitter exit=0
CMD-128 build words/splitter exit=0
CMD-129 run words/splitter exit=0
CMD-130 restore words/watermarker exit=0
CMD-131 build words/watermarker exit=0
CMD-132 run words/watermarker exit=0