
=== finance/convert-xbrl ===
restore=PASS build=BUILD_FAILED run=SKIPPED
  Error: C:\Users\prora\OneDrive\Documents\GitHub\lowcode-example-generator-gitlab\reports\lowcode-plugin-production-heal-wave27-
  Error: C:\Users\prora\OneDrive\Documents\GitHub\lowcode-example-generator-gitlab\reports\lowcode-plugin-production-heal-wave27-

=== note/convert-onenote-to-pdf ===
restore=PASS build=BUILD_PASS run=RUN_FAILED
  Error: Exit code: 3221225477
  Error: Unhandled exception. System.NullReferenceException: Object reference not set to an instance of an object.
   at .(Te

=== note/convert-onenote-to-word ===
restore=PASS build=BUILD_FAILED run=SKIPPED
  Error: C:\Users\prora\OneDrive\Documents\GitHub\lowcode-example-generator-gitlab\reports\lowcode-plugin-production-heal-wave27-
  Error: C:\Users\prora\OneDrive\Documents\GitHub\lowcode-example-generator-gitlab\reports\lowcode-plugin-production-heal-wave27-

=== note/convert-onenote-to-image ===
restore=PASS build=BUILD_FAILED run=SKIPPED

=== ocr/scan-document ===
restore=PASS build=BUILD_PASS run=RUN_PASS

=== ocr/image-text-finder ===
restore=PASS build=BUILD_PASS run=RUN_PASS

=== psd/animation-maker ===
restore=PASS build=BUILD_PASS run=RUN_PASS

=== psd/photo-processor ===
restore=PASS build=BUILD_PASS run=RUN_PASS

=== tex/latex-figure-renderer ===
restore=PASS build=BUILD_FAILED run=SKIPPED
  Error: C:\Users\prora\OneDrive\Documents\GitHub\lowcode-example-generator-gitlab\reports\lowcode-plugin-production-heal-wave27-
  Error: C:\Users\prora\OneDrive\Documents\GitHub\lowcode-example-generator-gitlab\reports\lowcode-plugin-production-heal-wave27-