# raw-commands.log — lowcode-systemization-pass2-20260530
# Date: 2026-05-30
# All commands run in this sprint

## A0 — Preflight
git log --oneline -10
git status --short
dotnet --version
python --version
git rev-parse HEAD
git rev-parse --short HEAD

## B1 — Restore probe
C:/Python313/python.exe scripts/run_b1_restore_probe.py
# Result: success=25, external_package_blocker=1 (epub), failed=0
# All 26 families have non-empty restore logs in reports/lowcode-systemization-pass2-20260530/discovery/restore-logs/

## D1 — Assembly manifests (written directly, no command)
# Created: pipeline/configs/assembly-manifests/pdf-controlled-pilot.json
# Created: pipeline/configs/assembly-manifests/pdf-controlled-pilot-pr5.json
# Created: pipeline/configs/assembly-manifests/pdf-controlled-pilot-pr6.json
# Created: pipeline/configs/assembly-manifests/pdf-controlled-pilot-pr7.json
# Created: pipeline/configs/assembly-manifests/pdf-controlled-pilot-pr8.json
# Created: pipeline/configs/assembly-manifests/pdf-controlled-pilot-pr9.json
# Created: pipeline/configs/assembly-manifests/pdf-controlled-pilot-pr11.json

## D2 — Duplicate verification
diff workspace/pr-dry-run/email-controlled-pilot/examples/email/lowcode/converter/Program.cs workspace/pr-dry-run/email-controlled-pilot/examples/email/lowcode/email-converter/Program.cs
# Result: IDENTICAL (no diff output)

diff workspace/pr-dry-run/slides-controlled-pilot/examples/slides/lowcode/compress/Program.cs workspace/pr-dry-run/slides-controlled-pilot/examples/slides/lowcode/slides-compress/Program.cs
# Result: IDENTICAL

diff workspace/pr-dry-run/slides-controlled-pilot/examples/slides/lowcode/convert/Program.cs workspace/pr-dry-run/slides-controlled-pilot/examples/slides/lowcode/slides-convert/Program.cs
# Result: IDENTICAL

diff workspace/pr-dry-run/slides-controlled-pilot/examples/slides/lowcode/merger/Program.cs workspace/pr-dry-run/slides-controlled-pilot/examples/slides/lowcode/slides-merger/Program.cs
# Result: IDENTICAL

find workspace/pr-dry-run -name "*.csproj" | grep -v "/bin/" | grep -v "/obj/"
# Result: 47 csproj files

## G1 — Forbidden comment scan
grep -rn "no suitable overload found" workspace/pr-dry-run/*/examples/*/lowcode/*/Program.cs
# Result (before repair): 5 instances in converter, replacer, splitter
# Result (after repair): 0 instances — CLEAN

## E1/E2 — Idempotency proof
C:/Python313/python.exe scripts/run_e1_idempotency_proof.py
# Result: PASS=6, SKIP=0, FAIL=0 — IDEMPOTENCY_PROVEN
# cells: 61/61, diagram: 18/18, email: 16/16, slides: 45/45, words: 66/66, pdf-pr10: 40/40

## J2 — Full pytest
.venv/Scripts/python.exe -m pytest tests/ --tb=short -q --no-header
# Result: PENDING (running in background)

## Sprint commit (to be run after pytest completes)
# git add -f <sprint files>
# git commit -m "feat(systemization-pass2): repeatable system closure pass 2 — all 6 defects resolved"

## ZIP build (to be run after commit)
# C:/Python313/python.exe scripts/build_systemization_pass2_zip.py
