# Sprint 72 Commands Log

## Phase 0 — Baseline Audit
# Created: 00-sprint71-evidence-audit.md, 01-sprint71-claim-vs-proof-matrix.md, 02-corrected-sprint71-state.md
# Created: todo.md, commands.log, evidence-contract.json

## Phase 1 — Remote Proof Cleanup
# Created: remote/remote-proof-summary.md (corrected: 0/42)
# Created: remote/remote-proof-consistency-audit.json (consistent=true)
# Created: history/remote-proof-summary-superseded.md
# S71-D1 CLOSED

## Phase 2 — Remote Truth Refresh
# Carried remote state from sprint71 (PARTIAL — no approval token)
# Created: remote/remote-repo-state-final.json
# Created: remote/remote-readme-io-audit-final.json (carried, 0/42)
# Created: remote/remote-vs-handoff-final.json (sprint72 paths)
# Created: remote/remote-refresh-proof.md (PARTIAL classification)

## Phase 3 — Rebuild Sprint 72 Handoff
# Copied sprint71 handoff to sprint72: shutil.copytree + sprint71→sprint72 replacement
# Updated: all 6 handoff-index.json files, publication-handoff-index.json
# Updated: package-artifact-hashes.json, root-readme-path-audit.json, self-contained-artifact-validation.md

## Phase 4 — Repair Destination Content Audit and Publication Matrix
# Created: destination/content-audit-final.json (42 records, sprint72 paths)
# Created: publication/publication-truth-matrix-final.json (42 records, sprint72 paths)
# Created: publication/publication-summary.md

## Phase 5 — EV/ECC Hardening
# Added 7 new EV rules (79-85) to src/plugin_examples/evidence_validator.py
# Added LOWCODE_PREPUBLICATION_HANDOFF_READY_REMOTE_REFRESH_PARTIAL to allowed verdicts
# Updated test fixtures in test_evidence_validator.py and test_pipeline_evidence_gate.py
# Created: evidence/validator-gap-analysis.md
# Created: evidence/validator-source-proof.patch (git diff HEAD)
# Ran sprint71 revalidation: 80/85 (5 expected failures: rules 79-83)
# Created: evidence/sprint71-revalidation-result.json
# Created: evidence/stale-path-scan.json (no_stale_paths=true)

## Phase 6 — Live PR Check
# PLUGIN_EXAMPLES_LIVE_PUBLISH_APPROVAL = NOT_SET → BLOCKED_BY_APPROVAL
# Created: publication/live-approval-check.md
# Created: publication/pr-package-ledger.json
# Created: publication/live-publication-result.json
# Created: publication/post-merge-verification.json
# Created: publication/branch-delete-result.json

## Phase 7 — Testing
# python -m pytest --tb=short -q > reports/sprint72/logs/test-run.log
# Result: 3025 passed, 3 skipped, 0 failed
# python -m pytest tests/unit/test_evidence_validator.py -v > reports/sprint72/evidence/validator-test-results.txt
# Result: 84 passed

## Phase 8 — Final Bundle
# EV Phase A: 80/84 (expected — no commit yet)
# ECC Phase 1: 49/50 (EC50 pending commit)
# EV Phase B: 80/85 (expected — no commit yet)
# Created: evidence/sprint72-bundle-validation-result.json
# Created: evidence/sprint72-final-validation-result.json
# Created: evidence/evidence-contract-computed.json
# Created: bundle-manifest.json (225 files)
# Updated: sprint-state.json (status=COMPLETE)
# Updated: final-verdict.md (LOWCODE_PREPUBLICATION_HANDOFF_READY_REMOTE_REFRESH_PARTIAL)
# [NEXT] git commit → capture final-clean-proof.txt → ECC final → second commit
