Font loaded: Source Code Pro ExtraLight Regular
Glyph count: 1568

Font Family:    Source Code Pro ExtraLight
Font Style:     Regular
Glyph Count:    1568
Units per Em:   1000
Ascender:       984
Descender:      -273

Glyph IDs for "Hello, Font!":
U+0048 'H' -> GID=9
U+0065 'e' -> GID=32
U+006C 'l' -> GID=39
U+006C 'l' -> GID=39
U+006F 'o' -> GID=42
U+002C ',' -> GID=914
U+0020 ' ' -> GID=1
U+0046 'F' -> GID=7
U+006F 'o' -> GID=42
U+006E 'n' -> GID=41
U+0074 't' -> GID=47
U+0021 '!' -> GID=918

Glyph 'A' metrics: WidthVectorX=600.0, LeftSidebearingX=0.0

Render report saved: output/render-report.txt
