[2026-05-25] Sprint 87 — REPAIR-PLUS-ADVANCEMENT MULTI-MEGA-TRAIN
[2026-05-25] PHASE 0: Check approval gates
[2026-05-25] RUN echo $PLUGIN_EXAMPLES_LIVE_PUBLISH_APPROVAL — Exit: 0 (NOT_SET)
[2026-05-25] RUN echo $PLUGIN_EXAMPLES_MERGE_PR_APPROVAL — Exit: 0 (NOT_SET)
[2026-05-25] Decision: REPAIR_AND_ADVANCEMENT — approval absent, baseline stays frozen
[2026-05-25] PHASE 0: Confirm S86 baseline
[2026-05-25] READ reports/sprint86/baseline-freeze/publication-baseline-freeze.json — Exit: 0
[2026-05-25] READ reports/sprint86/sprint-state.json — Exit: 0 (baseline_frozen=true)
[2026-05-25] CREATE reports/sprint87/ directory structure — Exit: 0
[2026-05-25] LANE 1: Repair Sprint 86 Defects
[2026-05-25] WRITE repair/sprint86-defect-repair-report.md — Exit: 0
[2026-05-25] S86-D1: commands.log pending entries — REPAIRED (Sprint 87 uses explicit exit codes)
[2026-05-25] S86-D2: placeholder validation result — REPAIRED (write only after real EV run)
[2026-05-25] S86-D3: SHA consistency — REPAIRED (manifest includes source_sha + head_sha)
[2026-05-25] S86-D4: approval variable naming — REPAIRED (normalized to MERGE_PR_APPROVAL)
[2026-05-25] S86-D5: Words version drift contradiction — REPAIRED (MEMORY corrected, drift=true confirmed)
[2026-05-25] S86-D6: final-clean-proof lacks raw git output — REPAIRED (diff+log included)
[2026-05-25] LANE 2: Product/System Advancement
[2026-05-25] WRITE advancement/next-family-discovery.md — Exit: 0
[2026-05-25] WRITE advancement/fixture-readiness-assessment.md — Exit: 0
[2026-05-25] WRITE advancement/readme-io-contract-template.json — Exit: 0
[2026-05-25] WRITE advancement/dry-run-scaffold-plan.md — Exit: 0
[2026-05-25] WRITE advancement/root-readme-strategy-update.md — Exit: 0
[2026-05-25] WRITE advancement/formimporter-retest-status.md — Exit: 0
[2026-05-25] LANE 3: Validator Hardening
[2026-05-25] EDIT src/plugin_examples/evidence_validator.py — added rules 127-134
[2026-05-25] EDIT tests/unit/test_evidence_validator.py — added tests, updated count assertions
[2026-05-25] RUN pytest tests/unit/test_evidence_validator.py — Exit: 0
[2026-05-25] RUN pytest -x -q — Exit: 0
[2026-05-25] LANE 4: Taskcard/State/Docs Sync
[2026-05-25] WRITE sprint-state.json — Exit: 0
[2026-05-25] WRITE taskcards/sprint87-taskcard.md — Exit: 0
[2026-05-25] WRITE tracking/scoreboard-update-proof.md — Exit: 0
[2026-05-25] LANE 5: Independent Verification
[2026-05-25] WRITE iv/independent-verification-report.md — Exit: 0
[2026-05-25] PHASE 7: ECC + EV + Tests
[2026-05-25] WRITE evidence-contract.json — Exit: 0
[2026-05-25] RUN ECC — Exit: 0 (closure_valid=true)
[2026-05-25] RUN EV Phase A (validate_for_storage) — Exit: 0
[2026-05-25] RUN EV Phase B (validate) — Exit: 0
[2026-05-25] RUN pytest -x -q (full suite) — Exit: 0
[2026-05-25] PHASE 8: Final Bundle
[2026-05-25] WRITE bundle-manifest.json — Exit: 0
[2026-05-25] RUN git add + git commit — Exit: 0
[2026-05-25] WRITE git/final-clean-proof.txt — Exit: 0
[2026-05-25] WRITE git/dirty-state-after.txt — Exit: 0
[2026-05-25] RUN git add + git commit (evidence finalization) — Exit: 0
