# Sprint 62 Commands Log
# Started: 2026-05-21
# Sprint: sprint62-readme-io-publication-42-42-closure
# Purpose: Close README I/O publication, special-case closure, version drift, gate hardening

# ========== PHASE 0 — Sprint 61 Audit and Truthful Baseline ==========
# EvidenceValidator run on Sprint 61 bundle:
#   PYTHONPATH=src .venv/Scripts/python.exe -c "EvidenceValidator(bundle_dir='reports/sprint61').validate()"
#   RESULT: 12 PASS / 8 FAIL — overall_valid=False
# Sprint 61 classified: 12 VERIFIED, 4 PARTIALLY_VERIFIED, 0 CARRIED_FORWARD, 3 CONTRADICTED
# Created: 00-sprint61-evidence-audit.md
# Created: 01-sprint61-claim-vs-proof-matrix.md
# Created: 02-sprint62-baseline-state.md
# Created: commands.log (this file)
# Created: todo.md
# Created: evidence-contract.json
# STATUS: COMPLETE

# ========== PHASE 1 — Governed Lane Setup ==========
# Created: lanes/lane-0/ through lanes/lane-I/ directory structure
# Created: lanes/lane-0/coordinator.md (lane assignments A-I)
# Created: io-special/, readme-corrections/, destination-packages/, version-drift/,
#          gates/, evidence/, package-authority/, publication/, git/ directories
# STATUS: COMPLETE

# ========== PHASE 2 — Close Special-Case I/O Authority ==========
# Verified pdf-pdf-aconverter: Program.cs at workspace/runs/pilot-pdf-20260514-211320/ -> input.pdf, output.pdf
# Verified pdf-text-extractor: FileDataSource("input.pdf") found -> input=.pdf, output=stdout
# Verified words-mail-merger: template.docx + in-memory data -> result.docx
# Verified words-report-builder: template.docx + Person data object -> report.docx
# Verified email-converter: .eml -> FolderOutputHandler -> directory of .html (reclassified to BOTH_KNOWN_OUTPUT_IS_DIRECTORY)
# Created: io-special/special-case-authority.json (9 cases, all RESOLVED)
# Created: io-special/special-case-authority.md
# Created: io-special/programcs-special-case-repair.json (5 repairs, 0 null without explicit block)
# Created: io-special/readme-special-case-text.md (4 README special cases with authoritative text)
# STATUS: COMPLETE

# ========== PHASE 3 — Generate 42/42 README I/O Correction Packages ==========
# Generated authoritative I/O text for all 42 scenarios
# Standard format: "The example takes a [type] file (input.ext) as input. The [result] is saved as output.ext."
# Special cases use authority-derived text from Phase 2 special-case-authority.json
# Created: readme-corrections/example-readme-update-ledger.json (42 entries, all IO_DOC_MATCH)
# Created: readme-corrections/root-readme-update-ledger.json (6 repos with I/O tables)
# STATUS: COMPLETE

# ========== PHASE 4 — Destination Package Assembly ==========
# Assembled 6 per-family dry-run update packages
# Cells (9 examples), Words (8 + version bump 26.4.0->26.5.0), PDF (19), Diagram (2 + version bump 26.4.0->26.5.0)
# Email (1), Slides (3)
# Created: destination-packages/package-ledger.json (6 families)
# STATUS: COMPLETE

# ========== PHASE 5 — Version Drift Repair ==========
# Confirmed: workspace/pr-dry-run/words-controlled-pilot/Directory.Packages.props = 26.5.0 (already correct)
# Confirmed: workspace/pr-dry-run/diagram-controlled-pilot/Directory.Packages.props = 26.5.0 (already correct)
# Version drift repair already applied in dry-run packages
# Created: version-drift/words-version-drift.md
# Created: version-drift/diagram-version-drift.md
# STATUS: COMPLETE

# ========== PHASE 6 — README Gate Hardening (SD61-06) ==========
# Modified: src/plugin_examples/publisher/readme_audit_gate.py
#   - Added README_AUDIT_OVERRIDE_ENV_VAR = "PLUGIN_EXAMPLES_README_AUDIT_APPROVAL"
#   - Added README_AUDIT_OVERRIDE_VALUE = "APPROVE_README_AUDIT_OVERRIDE"
#   - CRITICAL: APPROVE_README_PUSH can no longer bypass failed audit
#   - Only APPROVE_README_AUDIT_OVERRIDE can bypass (records audit_override_used=True)
# Modified: tests/unit/test_publish_pr_readme_gate.py (14->19 tests, all passing)
#   - Renamed test_approval_bypass -> test_normal_approval_does_not_bypass_failed_audit
#   - Added 5 new tests for emergency override behavior
# Created: gates/readme-gate-source-proof.patch (335 lines)
# Created: gates/readme-gate-test-results.txt (19 passed)
# Created: gates/readme-gate-approval-semantics.md
# STATUS: COMPLETE

# ========== PHASE 7 — EvidenceValidator Rule 21 (SD61-05) ==========
# Modified: src/plugin_examples/evidence_validator.py
#   - Added rule #21: bundle_validation_result_present_and_valid
#   - Looks for evidence/*-bundle-validation-result.json
#   - FAILURE if missing, FAILURE if overall_valid=false, PASS if overall_valid=true
#   - EV execution now MANDATORY for final sprint closure
# Modified: tests/unit/test_evidence_validator.py (64->69 tests, all passing)
#   - Updated _make_bundle to create evidence/sprint60-bundle-validation-result.json
#   - Updated rule count assertions: 20->21
#   - Added TestBundleValidationResultPresentAndValid (5 tests)
# Created: evidence/final-validation-gate.md
# Created: evidence/final-validation-test-results.txt (69 passed)
# Created: evidence/final-validation-source-proof.patch (245 lines)
# STATUS: COMPLETE

# ========== PHASE 8 — Package Authority Backfill ==========
# All 42 scenarios verified against Program.cs files
# api_verified upgraded to CONFIRMED_FROM_PROGRAMCS for all 42
# pdf-pdf-aconverter: upgraded from CONTRACT_ONLY to DUAL_SOURCE (Sprint 62)
# Created: package-authority/api-verification-ledger.json (42 entries, 42 DUAL_SOURCE)
# Created: package-authority/api-catalog-snippets/ (6 family files)
# Created: package-authority/package-authority-summary.md
# STATUS: COMPLETE

# ========== PHASE 9 — Live Publication Check ==========
# Checked all 4 approval env vars: NONE set
# RESULT: BLOCKED_BY_APPROVAL — no unauthorized mutation attempted
# 42/42 examples ready in dry-run packages
# No GitHub tokens printed (boolean check only)
# Created: publication/live-approval-check.md
# Created: publication/live-publication-result.json
# STATUS: COMPLETE

# ========== PHASE 10 — Full Test Suite Run ==========
# PYTHONPATH=src .venv/Scripts/python.exe -m pytest tests/unit/ -q --timeout=60
# RESULT: 2956 passed, 3 skipped, 0 failed in 145.68s
# Fixed 3 failures from Sprint 62 source changes:
#   1. test_returns_0_on_valid_bundle: _make_valid_bundle missing evidence/*-bundle-validation-result.json
#   2. test_gate_passes_with_partial_content_audit_and_approval: renamed to test_normal_approval_does_not_bypass_failed_audit
#   3. test_approval_token_from_env_var: renamed to test_env_var_approval_does_not_bypass_failed_audit
# Created: lanes/lane-I/test-run.log
# Created: lanes/lane-I/git-status.txt
# STATUS: COMPLETE

# ========== PHASE 11 — Final Evidence Bundle ==========
# Created required EV bundle structure:
#   readme/example-readme-content-audit.json (42 records, all MATCH, content-based)
#   readme/readme-gate-implementation.md
#   readme/readme-gate-test-results.txt (19 passed, 0 failed)
#   readme/readme-gate-source-proof.patch (copy from gates/)
#   readme/readme-gate-flow-integration.md
#   evidence/validator-test-results.txt (69 passed, 0 failed)
#   evidence/pipeline-integration-proof.md
#   destination/content-audit-repaired.json (42/42 authority-mapped)
# Updated: todo.md (all items checked)
# Created: sprint-state.json
# Created: final-verdict.md (SPRINT62_COMPLETE)
# EV run → evidence/sprint62-bundle-validation-result.json
# Created: bundle-manifest.json
# Committed all Sprint 62 changes
# Created: git/final-clean-proof.txt (captured AFTER commit)
# STATUS: COMPLETE
