# Sprint 67 Commands Log

Sprint: sprint67-final-pre-publication-repair-legacy-plan-reconciliation-readme-io-live-pr-readiness
Started: 2026-05-22

## Phase 0

[2026-05-22] mkdir -p reports/sprint67
[2026-05-22] Created 00-sprint66-evidence-audit.md
[2026-05-22] Created 01-sprint66-claim-vs-proof-matrix.md
[2026-05-22] Created 02-corrected-sprint66-state.md
[2026-05-22] Created todo.md
[2026-05-22] Created commands.log (this file)
[2026-05-22] Created evidence-contract.json

# Phase 9: EV/ECC Hardening
# Added 10 new rules (43-52), updated test_evidence_validator.py (84 tests), test_pipeline_evidence_gate.py
# ev-rule-change-log.md, ev-test-results.txt, ev-source-proof.patch, sprint66-revalidation-result.json

# Phase 10: Full Test Run
# 3025 passed, 0 failed, 3 skipped
# lanes/lane-I/test-run.log captured

# Phase 11: Final Evidence Bundle
# EV Phase A: 51/51 PASS, overall_valid=True → sprint67-bundle-validation-result.json
# ECC: 57/57 PRESENT, closure_valid=True → evidence-contract-computed.json
# EV Phase B: 52/52 PASS, overall_valid=True → sprint67-final-validation-result.json
# Commits: 1b5b485 (bundle), 0addfe1 (interim proof), 6ee7bf5 (closure), 8ffaaa1 (final proof)
# git/final-clean-proof.txt: nothing to commit, working tree clean
