****************************************
Source: nuget.org (https://api.nuget.org/v3/index.json)
| Package ID            | Latest Version | Owners                 | Total Downloads |
| --------------------- | -------------- | ---------------------- | --------------- |
| Aspose.PDF            | 26.5.0         | Aspose, asposenet      | 43,838,839      |
| --------------------- | -------------- | ---------------------- | --------------- |
| Aspose.PDF.Drawing    | 26.5.0         | Aspose, asposenet      | 5,299,554       |
| --------------------- | -------------- | ---------------------- | --------------- |
| Aspose.HTML           | 26.5.0         | Aspose, asposenet      | 4,703,033       |
| --------------------- | -------------- | ---------------------- | --------------- |
| Aspose.Words.Cpp      | 26.4.0         | Aspose, asposecpp      | 2,214,576       |
| --------------------- | -------------- | ---------------------- | --------------- |
| Aspose.Words-Cloud    | 26.5.0         | Aspose, asposecloud    | 2,181,247       |
| --------------------- | -------------- | ---------------------- | --------------- |
| Aspose.PDF.Cpp        | 26.5.0         | Aspose, asposecpp      | 983,744         |
| --------------------- | -------------- | ---------------------- | --------------- |
| Aspose.Pdf-Cloud      | 26.4.0         | Aspose, asposecloud    | 242,796         |
| --------------------- | -------------- | ---------------------- | --------------- |
| Aspose.Total.Cpp      | 26.4.0         | Aspose, asposecpp      | 233,003         |
| --------------------- | -------------- | ---------------------- | --------------- |
| Aspose.HTML.Drawing   | 26.5.0         | Aspose, asposenet      | 115,895         |
| --------------------- | -------------- | ---------------------- | --------------- |
| Aspose.PDF.Cpp.x86    | 26.5.0         | Aspose, asposecpp      | 117,257         |
| --------------------- | -------------- | ---------------------- | --------------- |
| GroupDocs.Viewer      | 26.4.0         | Aspose, groupdocs      | 2,839,602       |
| --------------------- | -------------- | ---------------------- | --------------- |
| GroupDocs.Conversion  | 26.3.0         | Aspose, groupdocs      | 2,682,060       |
| --------------------- | -------------- | ---------------------- | --------------- |
| GroupDocs.Parser      | 26.4.0         | Aspose, groupdocs      | 1,979,512       |
| --------------------- | -------------- | ---------------------- | --------------- |
| GroupDocs.Metadata    | 26.5.0         | Aspose, groupdocs      | 1,545,009       |
| --------------------- | -------------- | ---------------------- | --------------- |
| GroupDocs.Search      | 25.11.0        | Aspose, groupdocs      | 561,015         |
| --------------------- | -------------- | ---------------------- | --------------- |
| GroupDocs.Assembly    | 25.12.0        | Aspose, groupdocs      | 723,782         |
| --------------------- | -------------- | ---------------------- | --------------- |
| GroupDocs.Merger      | 26.4.0         | Aspose, groupdocs      | 768,094         |
| --------------------- | -------------- | ---------------------- | --------------- |
| GroupDocs.Editor      | 26.3.0         | Aspose, groupdocs      | 514,752         |
| --------------------- | -------------- | ---------------------- | --------------- |
| Aspose.PUB.Convert    | 26.4.0         | Aspose, asposeapp      | 6,929           |
| --------------------- | -------------- | ---------------------- | --------------- |
| Aspose.Html-Cloud.Cpp | 20.8.0         | Aspose, asposecloudcpp | 2,862           |
| --------------------- | -------------- | ---------------------- | --------------- |
