# raw-commands.log — Sprint: lowcode-non-lowcode-plugin-universe-20260604
# Generated: 2026-06-04T18:00:00Z
# All major commands run during this sprint (exit code noted)

# TRAIN A: Build full products.aspose.net plugin catalog
[exit:0] python scripts/build_catalog.py
# Result: 18 families, 65 plugins cataloged; output to reports/.../catalog/

# TRAIN B: NuGet availability matrix
[exit:0] python scripts/nuget_availability.py
# Result: 20/20 families available; all have stable versions

# TRAIN C: DllReflector reflection wave
[exit:0] python scripts/batch_reflect.py
# Result: 12 families reflected; 6 blocked (ocr, psd, note, tex, gis, omr)

# Individual DllReflector runs with deps:
[exit:0] dotnet run --project tools/DllReflector -- --dll <tasks.dll> --deps <System.Drawing.Common.dll> --output tasks.json
[exit:0] dotnet run --project tools/DllReflector -- --dll <svg.dll> --deps <Microsoft.Extensions.Logging.Abstractions.dll> --output svg.json
[exit:0] dotnet run --project tools/DllReflector -- --dll <page.dll> --deps <System.Drawing.Common.dll> --output page.json
[exit:0] dotnet run --project tools/DllReflector -- --dll <html.dll> --deps <Microsoft.Extensions.Logging.Abstractions.dll> --output html.json
[exit:0] dotnet run --project tools/DllReflector -- --dll <zip.dll> (Aspose.Zip.dll extracted from lib/net10.0/) --output zip.json

# TRAIN F: Plugin-level probes
# Pilot 1: Aspose.Tasks — convert-mpp-to-pdf
[exit:0] dotnet restore reports/.../pilots/plugin-wave/tasks/probe/tasks-probe.csproj
[exit:0] dotnet build reports/.../pilots/plugin-wave/tasks/probe/tasks-probe.csproj -c Release
[exit:0] dotnet run --project reports/.../pilots/plugin-wave/tasks/probe/tasks-probe.csproj -- output.pdf
# Output: 79,289-byte PDF confirmed

# Pilot 2: Aspose.CAD — convert-cad-to-pdf (DXF input)
[exit:0] dotnet restore reports/.../pilots/plugin-wave/cad/probe/cad-probe.csproj
[exit:0] dotnet build reports/.../pilots/plugin-wave/cad/probe/cad-probe.csproj -c Release
[exit:0] dotnet run --project reports/.../pilots/plugin-wave/cad/probe/cad-probe.csproj -- output.pdf
# Output: 38,578-byte PDF confirmed

# Pilot 3: Aspose.Font — convert-font (Montserrat TTF)
[exit:0] dotnet restore reports/.../pilots/plugin-wave/font/probe/font-probe.csproj
[exit:0] dotnet build reports/.../pilots/plugin-wave/font/probe/font-probe.csproj -c Release
[exit:0] dotnet run --project reports/.../pilots/plugin-wave/font/probe/font-probe.csproj -- output.ttf
# Output: 29,016-byte TTF confirmed

# TRAIN I: Test regression
[exit:0] .venv/Scripts/python.exe -m pytest tests/ --tb=short -q
# Result: [pending — task bsgxz3bmj running]

# TRAIN I: Protected file diff verification
[exit:0] git diff pipeline/configs/families/cells.yml  # empty
[exit:0] git diff pipeline/configs/families/words.yml  # empty
[exit:0] git diff pipeline/configs/families/pdf.yml    # empty
[exit:0] git diff pipeline/configs/families/slides.yml # empty
[exit:0] git diff pipeline/configs/families/email.yml  # empty
[exit:0] git diff pipeline/configs/families/diagram.yml # empty
[exit:0] git diff pipeline/format-authority/manifest.json # empty

# TRAIN I: Test regression — COMPLETED
[exit:0] .venv/Scripts/python.exe -m pytest tests/ --tb=short -q
# Result: 3320 passed, 18 skipped, 0 failures — ZERO REGRESSIONS
# Duration: 341.81s (5m41s)
