[1] cells/html-converter: build=0 run=0 pass=True
[2] cells/image-converter: build=0 run=0 pass=True
[3] cells/json-converter: build=0 run=0 pass=True
[4] cells/pdf-converter: build=0 run=0 pass=True
[5] cells/spreadsheet-converter: build=0 run=0 pass=True
[6] cells/spreadsheet-locker: build=0 run=0 pass=True
[7] cells/spreadsheet-merger: build=0 run=0 pass=True
[8] cells/spreadsheet-splitter: build=0 run=0 pass=True
[9] cells/text-converter: build=0 run=0 pass=True
[10] diagram/diagram-converter: build=0 run=0 pass=True
[11] diagram/pdf-converter: build=0 run=0 pass=True
[12] email/converter: build=0 run=0 pass=True
[13] email/email-converter: build=0 run=0 pass=True
[14] pdf/doc-converter: build=0 run=0 pass=True
[15] pdf/html: build=0 run=0 pass=True
[16] pdf/xls-converter: build=0 run=0 pass=True
[17] pdf/jpeg: build=0 run=0 pass=True
[18] pdf/png: build=0 run=0 pass=True
[19] pdf/tiff: build=0 run=0 pass=True
[20] pdf/image-extractor: build=0 run=0 pass=True
[21] pdf/table-generator: build=0 run=0 pass=True
[22] pdf/toc-generator: build=0 run=0 pass=True
[23] pdf/form-flattener: build=0 run=0 pass=True
[24] pdf/security: build=0 run=0 pass=True
[25] pdf/form-editor: build=0 run=0 pass=True
[26] pdf/form-exporter: build=0 run=0 pass=True
[27] pdf/signature: build=0 run=0 pass=True
[28] pdf/merger: build=0 run=0 pass=True
[29] pdf/optimizer: build=0 run=0 pass=True
[30] pdf/pdf-aconverter: build=0 run=0 pass=True
[31] pdf/splitter: build=0 run=0 pass=True
[32] pdf/text-extractor: build=0 run=0 pass=True
[33] pdf/timestamp: build=0 run=0 pass=True
[34] slides/compress: build=0 run=0 pass=True
[35] slides/convert: build=0 run=0 pass=True
[36] slides/for-each: build=0 run=0 pass=True
[37] slides/merger: build=0 run=0 pass=True
[38] slides/slides-compress: build=0 run=0 pass=True
[39] slides/slides-convert: build=0 run=0 pass=True
[40] slides/slides-merger: build=0 run=0 pass=True
[41] words/comparer: build=0 run=0 pass=True
[42] words/converter: build=0 run=0 pass=True
[43] words/mail-merger: build=0 run=0 pass=True
[44] words/merger: build=0 run=0 pass=True
[45] words/replacer: build=0 run=0 pass=True
[46] words/report-builder: build=0 run=0 pass=True
[47] words/signer: build=0 run=0 pass=True
[48] words/splitter: build=0 run=0 pass=True
[49] words/watermarker: build=0 run=0 pass=True