This is ObjectTeX, Version 3.1415926-1.0 (TeX engine: Aspose.TeX 26.4)
entering extended mode
(input.tex
LaTeX2e <2021-06-01> patch level 1
L3 programming layer <2021-07-12> (article.cls
Document Class: article 2021/02/12 v1.4n Standard LaTeX document class
(size10.clo))

! Package inputenc Error: Unicode character  (U+0008)
(inputenc)                not set up for use with LaTeX.

See the inputenc package documentation for explanation.
Type  H <return>  for immediate help.
 ...                                               
                                                   
l.2 ^^H
       egin{document}
? 
! Emergency stop.
 ...                                               
                                                   
l.2 ^^H
       egin{document}
No pages of output.
Transcript written on input.log.
LaTeX rendering completed (output may use different naming)
