# Raw Commands Log — lowcode-post-pub-normalize-20260603
# Format: [HH:MM:SS] command -> result

[13:17:38] gh api repos/aspose-cells-net/Aspose.Cells.LowCode-for-.NET-Examples state: sha=0559fc3d branches=["main"] prs=0 folders=9 intended=9 extra=0
[13:17:41] gh api repos/aspose-diagram-net/Aspose.Diagram.LowCode-for-.NET-Examples state: sha=8c035d40 branches=["main"] prs=0 folders=4 intended=2 extra=2
[13:17:45] gh api repos/aspose-email-net/Aspose.Email.LowCode-for-.NET-Examples state: sha=9fbfdc55 branches=["main"] prs=0 folders=1 intended=1 extra=0
[13:17:49] gh api repos/aspose-pdf-net/Aspose.PDF.LowCode-for-.NET-Examples state: sha=b58f49a6 branches=["main"] prs=0 folders=21 intended=20 extra=1
[13:17:53] gh api repos/aspose-slides-net/Aspose.Slides.LowCode-for-.NET-Examples state: sha=739f9945 branches=["main"] prs=0 folders=3 intended=3 extra=0
[13:17:56] gh api repos/aspose-words-net/Aspose.Words.LowCode-for-.NET-Examples state: sha=bf47faf4 branches=["main"] prs=0 folders=9 intended=9 extra=0
[13:22:47] dotnet restore cells/html-converter -> rc=0
[13:22:47] dotnet build cells/html-converter -> rc=0
[13:22:47] dotnet run cells/html-converter -> rc=0
[13:22:51] dotnet restore cells/image-converter -> rc=0
[13:22:51] dotnet build cells/image-converter -> rc=0
[13:22:51] dotnet run cells/image-converter -> rc=0
[13:22:55] dotnet restore cells/json-converter -> rc=0
[13:22:55] dotnet build cells/json-converter -> rc=0
[13:22:55] dotnet run cells/json-converter -> rc=0
[13:23:00] dotnet restore cells/pdf-converter -> rc=0
[13:23:00] dotnet build cells/pdf-converter -> rc=0
[13:23:00] dotnet run cells/pdf-converter -> rc=0
[13:23:04] dotnet restore cells/spreadsheet-converter -> rc=0
[13:23:04] dotnet build cells/spreadsheet-converter -> rc=0
[13:23:04] dotnet run cells/spreadsheet-converter -> rc=0
[13:23:09] dotnet restore cells/spreadsheet-locker -> rc=0
[13:23:09] dotnet build cells/spreadsheet-locker -> rc=0
[13:23:09] dotnet run cells/spreadsheet-locker -> rc=0
[13:23:13] dotnet restore cells/spreadsheet-merger -> rc=0
[13:23:13] dotnet build cells/spreadsheet-merger -> rc=0
[13:23:13] dotnet run cells/spreadsheet-merger -> rc=0
[13:23:17] dotnet restore cells/spreadsheet-splitter -> rc=0
[13:23:17] dotnet build cells/spreadsheet-splitter -> rc=0
[13:23:17] dotnet run cells/spreadsheet-splitter -> rc=0
[13:23:21] dotnet restore cells/text-converter -> rc=0
[13:23:21] dotnet build cells/text-converter -> rc=0
[13:23:21] dotnet run cells/text-converter -> rc=0
[13:23:26] dotnet restore diagram/diagram-converter -> rc=0
[13:23:26] dotnet build diagram/diagram-converter -> rc=0
[13:23:26] dotnet run diagram/diagram-converter -> rc=0
[13:23:31] dotnet restore diagram/pdf-converter -> rc=0
[13:23:31] dotnet build diagram/pdf-converter -> rc=0
[13:23:31] dotnet run diagram/pdf-converter -> rc=0
[13:23:35] dotnet restore email/converter -> rc=0
[13:23:35] dotnet build email/converter -> rc=0
[13:23:35] dotnet run email/converter -> rc=0
[13:23:41] dotnet restore pdf/doc-converter -> rc=0
[13:23:41] dotnet build pdf/doc-converter -> rc=0
[13:23:41] dotnet run pdf/doc-converter -> rc=0
[13:23:46] dotnet restore pdf/form-editor -> rc=0
[13:23:46] dotnet build pdf/form-editor -> rc=0
[13:23:46] dotnet run pdf/form-editor -> rc=0
[13:23:52] dotnet restore pdf/form-exporter -> rc=0
[13:23:52] dotnet build pdf/form-exporter -> rc=0
[13:23:52] dotnet run pdf/form-exporter -> rc=0
[13:23:57] dotnet restore pdf/form-flattener -> rc=0
[13:23:57] dotnet build pdf/form-flattener -> rc=0
[13:23:57] dotnet run pdf/form-flattener -> rc=0
[13:24:03] dotnet restore pdf/html -> rc=0
[13:24:03] dotnet build pdf/html -> rc=0
[13:24:03] dotnet run pdf/html -> rc=0
[13:24:09] dotnet restore pdf/image-extractor -> rc=0
[13:24:09] dotnet build pdf/image-extractor -> rc=0
[13:24:09] dotnet run pdf/image-extractor -> rc=0
[13:24:15] dotnet restore pdf/jpeg -> rc=0
[13:24:15] dotnet build pdf/jpeg -> rc=0
[13:24:15] dotnet run pdf/jpeg -> rc=0
[13:24:20] dotnet restore pdf/merger -> rc=0
[13:24:20] dotnet build pdf/merger -> rc=0
[13:24:20] dotnet run pdf/merger -> rc=0
[13:24:26] dotnet restore pdf/optimizer -> rc=0
[13:24:26] dotnet build pdf/optimizer -> rc=0
[13:24:26] dotnet run pdf/optimizer -> rc=0
[13:24:32] dotnet restore pdf/pdfa-converter -> rc=0
[13:24:32] dotnet build pdf/pdfa-converter -> rc=0
[13:24:32] dotnet run pdf/pdfa-converter -> rc=0
[13:24:39] dotnet restore pdf/png -> rc=0
[13:24:39] dotnet build pdf/png -> rc=0
[13:24:39] dotnet run pdf/png -> rc=0
[13:24:45] dotnet restore pdf/security -> rc=0
[13:24:45] dotnet build pdf/security -> rc=0
[13:24:45] dotnet run pdf/security -> rc=0
[13:24:51] dotnet restore pdf/signature -> rc=0
[13:24:51] dotnet build pdf/signature -> rc=0
[13:24:51] dotnet run pdf/signature -> rc=0
[13:24:56] dotnet restore pdf/splitter -> rc=0
[13:24:56] dotnet build pdf/splitter -> rc=0
[13:24:56] dotnet run pdf/splitter -> rc=0
[13:25:02] dotnet restore pdf/table-generator -> rc=0
[13:25:02] dotnet build pdf/table-generator -> rc=0
[13:25:02] dotnet run pdf/table-generator -> rc=0
[13:25:08] dotnet restore pdf/text-extractor -> rc=0
[13:25:08] dotnet build pdf/text-extractor -> rc=0
[13:25:08] dotnet run pdf/text-extractor -> rc=0
[13:25:13] dotnet restore pdf/tiff -> rc=0
[13:25:13] dotnet build pdf/tiff -> rc=0
[13:25:13] dotnet run pdf/tiff -> rc=0
[13:25:20] dotnet restore pdf/timestamp -> rc=0
[13:25:20] dotnet build pdf/timestamp -> rc=0
[13:25:20] dotnet run pdf/timestamp -> rc=0
[13:25:25] dotnet restore pdf/toc-generator -> rc=0
[13:25:25] dotnet build pdf/toc-generator -> rc=0
[13:25:25] dotnet run pdf/toc-generator -> rc=0
[13:25:31] dotnet restore pdf/xls-converter -> rc=0
[13:25:31] dotnet build pdf/xls-converter -> rc=0
[13:25:31] dotnet run pdf/xls-converter -> rc=0
[13:25:36] dotnet restore slides/compress -> rc=0
[13:25:36] dotnet build slides/compress -> rc=0
[13:25:36] dotnet run slides/compress -> rc=0
[13:25:41] dotnet restore slides/convert -> rc=0
[13:25:41] dotnet build slides/convert -> rc=0
[13:25:41] dotnet run slides/convert -> rc=0
[13:25:46] dotnet restore slides/merger -> rc=0
[13:25:46] dotnet build slides/merger -> rc=0
[13:25:46] dotnet run slides/merger -> rc=0
[13:25:51] dotnet restore words/comparer -> rc=0
[13:25:51] dotnet build words/comparer -> rc=0
[13:25:51] dotnet run words/comparer -> rc=0
[13:25:57] dotnet restore words/converter -> rc=0
[13:25:57] dotnet build words/converter -> rc=0
[13:25:57] dotnet run words/converter -> rc=0
[13:26:02] dotnet restore words/mail-merger -> rc=0
[13:26:02] dotnet build words/mail-merger -> rc=0
[13:26:02] dotnet run words/mail-merger -> rc=0
[13:26:07] dotnet restore words/merger -> rc=0
[13:26:07] dotnet build words/merger -> rc=0
[13:26:07] dotnet run words/merger -> rc=0
[13:26:11] dotnet restore words/replacer -> rc=0
[13:26:11] dotnet build words/replacer -> rc=0
[13:26:11] dotnet run words/replacer -> rc=0
[13:26:17] dotnet restore words/report-builder -> rc=0
[13:26:17] dotnet build words/report-builder -> rc=0
[13:26:17] dotnet run words/report-builder -> rc=0
[13:26:21] dotnet restore words/signer -> rc=0
[13:26:21] dotnet build words/signer -> rc=0
[13:26:21] dotnet run words/signer -> rc=0
[13:26:27] dotnet restore words/splitter -> rc=0
[13:26:27] dotnet build words/splitter -> rc=0
[13:26:27] dotnet run words/splitter -> rc=0
[13:26:31] dotnet restore words/watermarker -> rc=0
[13:26:31] dotnet build words/watermarker -> rc=0
[13:26:31] dotnet run words/watermarker -> rc=0
