[1/28] drawing/convert-drawing... PASS (15.0s)
[2/28] drawing/create-drawing... PASS (7.6s)
[3/28] finance/convert-xbrl... BUILD_FAILED (6.0s)
[4/28] html/html-to-pdf-converter... PASS (11.9s)
[5/28] html/html-to-docx-converter... PASS (9.1s)
[6/28] html/html-to-image-converter... PASS (9.9s)
[7/28] imaging/image-converter... PASS (9.7s)
[8/28] imaging/image-resizer... PASS (9.0s)
[9/28] imaging/image-compressor... PASS (9.0s)
[10/28] imaging/image-cropper... PASS (9.2s)
[11/28] imaging/image-filters... PASS (8.9s)
[12/28] imaging/image-merger... PASS (9.0s)
[13/28] imaging/add-watermark... PASS (8.5s)
[14/28] imaging/image-rotator... PASS (9.7s)
[15/28] note/convert-onenote-to-pdf... BUILD_FAILED (6.5s)
[16/28] note/convert-onenote-to-word... BUILD_FAILED (5.0s)
[17/28] note/convert-onenote-to-image... BUILD_FAILED (5.1s)
[18/28] ocr/scan-document... BUILD_FAILED (10.6s)
[19/28] ocr/image-text-finder... BUILD_FAILED (5.0s)
[20/28] ocr/invoice-to-text... PASS (8.3s)
[21/28] ocr/photo-to-text... PASS (7.3s)
[22/28] ocr/table-to-text... PASS (7.2s)
[23/28] psd/animation-maker... BUILD_FAILED (6.5s)
[24/28] psd/photo-processor... BUILD_FAILED (4.9s)
[25/28] tasks/project-to-pdf-converter... PASS (18.8s)
[26/28] tasks/mpp-to-excel... PASS (8.3s)
[27/28] tex/latex-figure-renderer... BUILD_FAILED (26.4s)
[28/28] zip/compress-files... PASS (9.2s)

============================================================
Build matrix: 19 PASS / 9 FAIL / 28 TOTAL
Registry transitions: 19 promoted, 9 blocked
