Sprint 76 Commands Log
======================
Working directory: c:\Users\prora\OneDrive\Documents\GitHub\lowcode-example-generator
Date: 2026-05-24

[Phase 0] Baseline setup
  CMD: mkdir -p reports/sprint76/{git,evidence,post-merge-runtime,weekly-review,tracking,publication}
  Exit: 0
  Result: Sprint76 directory structure created

[Phase 1] Git state capture
  CMD: git status --short
  Exit: 0
  Output: 7 M workspace/verification/latest/*.json files
  Result: Only workspace/verification/latest files dirty — no source/test files

  CMD: git diff --stat
  Exit: 0
  Output: 7 files changed, 9 insertions(+), 9 deletions(-) (workspace/verification only)
  Result: Confirmed — no source/test changes outstanding

  CMD: git log --oneline -20
  Exit: 0
  Top commit: 278c528 feat(sprint75): capture final-clean-proof.txt — clean state confirmed
  Result: sprint75 closed at 278c528

[Phase 2] Slides Compress validation
  CMD: cp workspace/pr-dry-run/slides-controlled-pilot/examples/slides/lowcode/compress/input.pptx reports/sprint75/handoff/per-family/slides/compress/input.pptx
  Exit: 0
  Result: Real PPTX fixture placed in compress example directory

  CMD: cd reports/sprint75/handoff/per-family/slides/compress && dotnet restore
  Exit: 0
  Result: Packages restored (Aspose.Slides.NET 26.5.0)

  CMD: dotnet build --no-restore -c Release
  Exit: 0
  Result: Build succeeded

  CMD: dotnet run --project . --no-build -c Release
  Exit: 0
  Result: PENDING — see slides-compress-runtime-validation.txt

[Phase 4] EV hardening
  CMD: PYTHONPATH=src .venv/Scripts/python.exe -m pytest tests/unit/ -q --tb=short
  Exit: PENDING

[Phase 6] Full test suite
  CMD: PYTHONPATH=src .venv/Scripts/python.exe -m pytest tests/ -q --tb=short
  Exit: PENDING
