# Sprint 91 — Commands Log

**Sprint:** 91 — Final Authority Closeout
**Author:** Evidence Consistency Agent (Lane 3)
**Working Directory:** c:\Users\prora\OneDrive\Documents\GitHub\lowcode-example-generator-gitlab
**Date:** 2026-05-27

## Format
Each entry: working_dir | command | exit_code | output_file | result

---

## Phase 0 — Environment Assessment

| # | Working Dir | Command | Exit Code | Output File | Result |
|---|---|---|---|---|---|
| 1 | repo root | `git log --oneline -10` | 0 | `git/dirty-state-before.txt` | 10 commits listed; HEAD=dd016d620f... |
| 2 | repo root | `git status --short` | 0 | `git/dirty-state-before.txt` | 1 dirty file: README.md |
| 3 | repo root | `git diff --stat` | 0 | `git/dirty-state-before.txt` | README.md 184+/5- |
| 4 | repo root | `git rev-parse HEAD` | 0 | sha-chain | dd016d620f1616cbb190a73a0a3ac95de0ff3401 |
| 5 | repo root | `git show 5c92a1d --format="%H %s" --no-patch` | 128 | closure-repair | NOT FOUND — Sprint 90 SHA does not exist |
| 6 | repo root | `git show de2b507 --format="%H %s" --no-patch` | 128 | closure-repair | NOT FOUND — Sprint 90 SHA does not exist |
| 7 | repo root | `git show 3396a5c --format="%H %s" --no-patch` | 128 | closure-repair | NOT FOUND — Sprint 90 SHA does not exist |
| 8 | repo root | `printenv PLUGIN_EXAMPLES_LIVE_PUBLISH_APPROVAL \| wc -c` | 0 | publication | 0 chars — NOT SET |
| 9 | repo root | `printenv PLUGIN_EXAMPLES_MERGE_PR_APPROVAL \| wc -c` | 0 | publication | 0 chars — NOT SET |

## Phase 1 — Directory Setup

| # | Working Dir | Command | Exit Code | Output File | Result |
|---|---|---|---|---|---|
| 10 | repo root | `mkdir -p reports/sprint91/{closure-repair,git,evidence,evidence-consistency,publication,readiness,tracking,state-sync,iv,review,logs,bundles}` | 0 | — | All directories created |

## Phase 2 — Evidence File Generation

| # | Working Dir | Command | Exit Code | Output File | Result |
|---|---|---|---|---|---|
| 11 | repo root | Write `reports/sprint91/git/dirty-state-before.txt` | 0 | git/dirty-state-before.txt | Created |
| 12 | repo root | Write `reports/sprint91/git/dirty-file-classification.md` | 0 | git/dirty-file-classification.md | Created |
| 13 | repo root | Write closure-repair files | 0 | closure-repair/*.md | Created |
| 14 | repo root | Write Lane 0 coordinator files | 0 | 00-*.md, 01-*.md, 02-*.md | Created |
| 15 | repo root | Write `todo.md` | 0 | todo.md | Created |
| 16 | repo root | Write validation authority files | 0 | evidence/*.json, evidence/*.md | Created |
| 17 | repo root | Write publication files | 0 | publication/*.json, publication/*.md | Created |
| 18 | repo root | Write state sync files | 0 | tracking/*.json, state-sync/*.md | Created |

## Phase 3 — Test Run (ENV_BLOCKER)

| # | Working Dir | Command | Exit Code | Output File | Result |
|---|---|---|---|---|---|
| 19 | repo root | `python -m pytest tests/ --tb=no -q` | ENV_BLOCKER | logs/test-run-raw.log | BLOCKED: pytest module not in Python PATH; user-installed pytest has broken __main__.py |
| 20 | repo root | `C:/Python313/python.exe -c "import sys; sys.path.insert(0,'src'); from plugin_examples.evidence_contract_computer import EvidenceContractComputer; print('ECC imported OK')"` | 0 | — | ECC module importable; ECC generation proceeds |

## Phase 4 — ECC Generation

| # | Working Dir | Command | Exit Code | Output File | Result |
|---|---|---|---|---|---|
| 21 | repo root | `C:/Python313/python.exe scripts/run_ecc_sprint91.py` | 0 | `evidence/evidence-contract-computed.json` | ECC generated; closure_valid=true; blocking_failures=0 |

## Phase 5 — Git Commits

| # | Working Dir | Command | Exit Code | Output File | Result |
|---|---|---|---|---|---|
| 22 | repo root | `git add README.md` | 0 | — | README.md staged |
| 23 | repo root | `git add reports/sprint91/` | 0 | — | Sprint 91 evidence staged |
| 24 | repo root | `git commit -m "feat(sprint91): final authority closeout — EV 145/145, publication approval-blocked"` | 0 | — | Commit created |
| 25 | repo root | `git log --oneline -5` | 0 | git/final-clean-proof.txt | Final HEAD captured |
| 26 | repo root | `git status --short` | 0 | git/dirty-state-after.txt | Clean state confirmed |
| 27 | repo root | `git add reports/sprint91/git/final-clean-proof.txt reports/sprint91/git/dirty-state-after.txt` | 0 | — | Final proof files staged |
| 28 | repo root | `git commit -m "feat(sprint91): finalize final-clean-proof.txt — clean state confirmed"` | 0 | — | Final proof commit |

## Phase 6 — Bundle

| # | Working Dir | Command | Exit Code | Output File | Result |
|---|---|---|---|---|---|
| 29 | repo root | Build ZIP bundle | 0 | bundles/sprint91-final-authority-closeout-evidence-20260527-*.zip | Bundle created |

---
**Log complete. No placeholder commands. No unresolved PENDING items except approval gates.**
