[2026-06-01T16:54:06.000926+00:00] === SPRINT: lowcode-live-publication-20260601 ===
[2026-06-01T16:54:06.001321+00:00] === A: PREFLIGHT ===
[2026-06-01T16:54:06.006115+00:00] CMD-001 [preflight] git status
[2026-06-01T16:54:06.168665+00:00] CMD-002 [preflight] Python version
[2026-06-01T16:54:06.225773+00:00] CMD-003 [preflight] dotnet version
[2026-06-01T16:54:06.705241+00:00] Preflight: HEAD=4a1fc9a2, gates: live=NOT_SET merge=NOT_SET, GH_TOKEN=AVAILABLE
[2026-06-01T16:54:06.705469+00:00] Accepted state verification: PASS
[2026-06-01T16:54:06.705555+00:00] === B: SIDECAR VERIFICATION ===
[2026-06-01T16:54:06.714190+00:00] CMD-004 [sidecar] Verify sidecar SHA-256
[2026-06-01T16:54:06.851481+00:00] Sidecar: SHA=MATCH, size=MATCH, count=MATCH, regen=False
[2026-06-01T16:54:06.851662+00:00] === C: PACKAGE ARTIFACT CHECK ===
[2026-06-01T16:54:06.982316+00:00] CMD-005 [package] Package artifact check
[2026-06-01T16:54:07.070716+00:00] Packages: 44/44 valid, no_pfx=True, leaked=0
[2026-06-01T16:54:07.070910+00:00] === D: PUBLICATION DRY-RUN ===
[2026-06-01T16:54:07.130303+00:00] Dry-run: 6 families, 44 examples
[2026-06-01T16:54:07.130453+00:00] === E: LIVE PR CREATION ===
[2026-06-01T16:54:07.130496+00:00] Live PR gate NOT SET — no PRs created
[2026-06-01T16:54:07.141442+00:00] === G: FINAL VALIDATION ===
[2026-06-01T16:54:07.150073+00:00] === IV ===
[2026-06-01T16:54:07.168924+00:00] Validators: 7/7, IV: 8/8
[2026-06-01T16:54:07.169048+00:00] Verdict: LOWCODE_FINAL_PUBLICATION_PROOF_COMPLETE_APPROVAL_BLOCKED