[2026-05-25] Sprint 86 — FINISH-LINE EXECUTION MEGA-TRAIN
[2026-05-25] PHASE 0: Check approval gates
[2026-05-25] RUN echo $PLUGIN_EXAMPLES_LIVE_PUBLISH_APPROVAL — Exit: 0 (NOT_SET)
[2026-05-25] RUN echo $PLUGIN_EXAMPLES_README_PUSH_APPROVAL — Exit: 0 (NOT_SET)
[2026-05-25] Decision: BASELINE_FROZEN — activate Lane B
[2026-05-25] PHASE 1: Lane B — Publication Baseline Freeze
[2026-05-25] WRITE baseline-freeze/publication-baseline-freeze.json — Exit: 0
[2026-05-25] WRITE baseline-freeze/approval-history.json — Exit: 0
[2026-05-25] WRITE baseline-freeze/operator-command-sheet.md — Exit: 0
[2026-05-25] WRITE publication/operator-approval-packet.md — Exit: 0
[2026-05-25] PHASE 2: Lane G — Sprint 85 Evidence Hygiene Normalization
[2026-05-25] WRITE evidence-consistency/sprint85-evidence-hygiene-normalization.md — Exit: 0
[2026-05-25] PHASE 3: Lane H — Validator Hardening
[2026-05-25] EDIT src/plugin_examples/evidence_validator.py — added rules 125-126
[2026-05-25] EDIT tests/unit/test_evidence_validator.py — added 8 tests, updated 6 count assertions
[2026-05-25] RUN pytest tests/unit/test_evidence_validator.py — PASS (190 tests)
[2026-05-25] PHASE 4: Lane I — No-More-Readiness-Loop Policy
[2026-05-25] WRITE policy/no-more-readiness-loop-policy.md — Exit: 0
[2026-05-25] PHASE 5: Lane F — Next-Family Readiness
[2026-05-25] WRITE readiness/next-family-readiness.md — Exit: 0
[2026-05-25] PHASE 6: Lanes C/D/E — Standard carry-forward evidence
[2026-05-25] All carry-forward files written — Exit: 0
[2026-05-25] PHASE 7: Lane J — IV verification
[2026-05-25] WRITE iv/independent-verification-report.md — Exit: 0
[2026-05-25] PHASE 8: ECC + EV
[2026-05-25] WRITE evidence-contract.json — Exit: 0
[2026-05-25] RUN ECC — result pending
[2026-05-25] RUN EV Phase A — result pending
[2026-05-25] RUN pytest (full suite) — result pending
