# Sprint 60 Commands Log
# Started: 2026-05-21
# Sprint: sprint60-sprint59-false-complete-repair-destination-readme-gate-20260521
# Purpose: Repair Sprint 59 false closure; close destination gaps; implement README gate; harden validator

# ========== PHASE 0 — Sprint 59 Evidence Audit ==========

# [Phase 0] Read Sprint 59 evidence to classify claims
# Read: reports/sprint59/destination/content-audit.json
#   FINDING: content_match_rate=39/42; 1 PARTIAL + 3 PRESENT_NO_AUTHORITY
# Read: reports/sprint59/git/dirty-state-after.txt
#   FINDING: captured at 48 commits ahead (BEFORE Phase 8 commit); shows sprint59/ untracked
# Read: reports/sprint59/lanes/lane-I/git-status.txt
#   FINDING: 7 modified workspace/latest + untracked sprint59/ — NOT the final close state
# Read: reports/sprint59/todo.md
#   FINDING: phases 1-8 all unchecked [ ] items despite work completed
# Read: reports/sprint59/destination/root-readme-audit.json
#   FINDING: Words and Diagram contains_version=false — unclassified
# Read: workspace/verification/latest/families/diagram/scenario-input-format-map.json
#   FINDING: canonical ids = diagram-diagram-converter, diagram-pdf-converter
# Read: workspace/verification/latest/families/pdf/scenario-input-format-map.json
#   FINDING: canonical id = pdf-pdf-aconverter (not pdf-pdfa-converter)
# git status --short
#   FINDING: 7 M workspace/verification/latest/*, ?? reports/sprint59/00-sprint58-evidence-audit.zip
# Create: reports/sprint60/00-sprint59-evidence-audit.md (7 defects SD59-01 through SD59-07)
# Create: reports/sprint60/01-sprint59-claim-vs-proof-matrix.md (26 claims; 7 CONTRADICTED, 5 INVALID_CLOSURE)
# Create: reports/sprint60/02-corrected-sprint59-state.md
# Create: reports/sprint60/commands.log (this file)
# Create: reports/sprint60/todo.md
# Create: reports/sprint60/evidence-contract.json
# STATUS: COMPLETE

# ========== PHASE 1 — Clean Git State ==========

# [Phase 1] Classify dirty files and commit gitignore
# Dirty files at session start: 7 M workspace/verification/latest/*, ?? reports/sprint59/*.zip, ?? reports/sprint60/
# Classification: 7 workspace/* already committed in 551c688 (consistent with sprint59 evidence)
# Classification: reports/sprint59/*.zip — binary evidence archive; add to .gitignore
# git add .gitignore && git commit (b0444ef)
#   Added: reports/**/*.zip to .gitignore
# Create: reports/sprint60/git/dirty-state-before.txt
# Create: reports/sprint60/git/dirty-file-classification.md
# Create: reports/sprint60/git/staging-plan.md
# STATUS: COMPLETE (final-clean-proof.txt deferred to Phase 10)

# ========== PHASE 2 — Close 4 Destination Content Gaps ==========

# [Phase 2] Implement DestinationIdMapper
# Root cause analysis: diagram double-prefix bug, pdfa naming mismatch, image-extractor policy
# Create: src/plugin_examples/publisher/destination_id_mapper.py
#   FAMILIES_WITH_PREFIXED_DIRS = frozenset({"diagram"})
#   REPO_DIR_ALIAS_MAP = {"pdf/pdfa-converter": "pdf-pdf-aconverter"}
#   RESULT_COLLECTION_OUTPUT_APIS = frozenset({"pdf-image-extractor", "pdf-text-extractor"})
# Create: tests/unit/test_destination_id_mapper.py (23 tests)
# .venv/Scripts/python.exe -m pytest tests/unit/test_destination_id_mapper.py -v → 23 passed
# Create: reports/sprint60/destination/scenario-id-to-repo-path-map.json (42 mappings)
# Create: reports/sprint60/destination/content-audit-repaired.json (42/42 authority-mapped)
# Create: reports/sprint60/destination/gap-closure.md
# STATUS: COMPLETE

# ========== PHASE 3 — README Content Audit ==========

# [Phase 3] Content-based README audit (42 examples + 6 root READMEs)
# Create: reports/sprint60/readme/example-readme-content-audit.json (42/42 MATCH)
# Create: reports/sprint60/readme/root-readme-content-audit.json (6/6)
#   Words/Diagram: version_intentionally_omitted policy
# Create: reports/sprint60/readme/readme-validator-policy.md
# Create: reports/sprint60/readme/readme-correction-plan.md
# STATUS: COMPLETE

# ========== PHASE 4 — Implement README Gate ==========

# [Phase 4] Implement readme_audit_gate.py
# Create: src/plugin_examples/publisher/readme_audit_gate.py
#   Blocking conditions: MISSING, SHALLOW, FAILED
#   Shallow detection: checks content fields vs size/presence
#   Approval bypass: PLUGIN_EXAMPLES_README_PUSH_APPROVAL=APPROVE_README_PUSH
# Create: tests/unit/test_readme_audit_gate.py (13 tests)
# .venv/Scripts/python.exe -m pytest tests/unit/test_readme_audit_gate.py -v → 13 passed
# git add src/plugin_examples/publisher/readme_audit_gate.py tests/unit/test_readme_audit_gate.py
# git diff --cached > reports/sprint60/readme/readme-gate-source-proof.patch (417 lines)
# .venv/Scripts/python.exe -m pytest tests/unit/test_readme_audit_gate.py -v > readme-gate-test-results.txt
# Create: reports/sprint60/readme/readme-gate-implementation.md
# STATUS: COMPLETE

# ========== PHASE 5 — Harden Evidence Validator ==========

# [Phase 5] Implement evidence_validator.py
# Create: src/plugin_examples/evidence_validator.py (584+ lines, 12 rules)
# Create: tests/unit/test_evidence_validator.py (27 tests)
# .venv/Scripts/python.exe -m pytest tests/unit/test_evidence_validator.py -v → 1 failed (fix: stricter pytest detection)
# Fix: _rule_evidence_validator_actually_ran — require \d+ passed|PASSED|passed in
# .venv/Scripts/python.exe -m pytest tests/unit/test_evidence_validator.py -v → 27 passed
# git add src/plugin_examples/evidence_validator.py tests/unit/test_evidence_validator.py
# git diff --cached > reports/sprint60/evidence/validator-hardening-source-proof.patch (1030 lines)
# .venv/Scripts/python.exe -m pytest tests/unit/test_evidence_validator.py -v > validator-test-results.txt
# Create: reports/sprint60/evidence/validator-gap-analysis.md
# STATUS: COMPLETE

# ========== PHASE 6 — Package Authority Deepening ==========

# [Phase 6] Confirm format authority and add destination ID authority
# Format authority: inherited from Sprint 59 (42/42 from format_contract, zero change)
# Destination ID authority: 4 gaps closed by DestinationIdMapper (Gap 1-4)
# Create: reports/sprint60/io-authority/package-authority-depth-matrix.json
# Create: reports/sprint60/io-authority/package-authority-depth-summary.md
# STATUS: COMPLETE

# ========== PHASE 7 — Branch Auto-Delete Integration Check ==========

# [Phase 7] Verify branch auto-delete tests still pass
# .venv/Scripts/python.exe -m pytest tests/unit/test_merge_governance.py -v -k "AutoDelete or branch" → 7 passed
# > reports/sprint60/branch-delete/test-results.txt
# Create: reports/sprint60/branch-delete/integration-proof.md
# STATUS: COMPLETE

# ========== PHASE 8 — TODO and Process Control Repair ==========

# [Phase 8] Update todo.md with all completed phases checked
# Update: reports/sprint60/todo.md (phases 0-8 all checked)
# Create: reports/sprint60/process/todo-closeout.md
# Create: reports/sprint60/process/next-work-register.md
# STATUS: COMPLETE

# ========== PHASE 9 — Full Test Suite ==========

# [Phase 9] Run full pytest suite
# .venv/Scripts/python.exe -m pytest tests/ -v --tb=short 2>&1 | tee reports/sprint60/lanes/lane-I/test-run.log
#   Result: 2889 passed, 3 skipped, 0 failed in 94.05s
# git status --short > reports/sprint60/lanes/lane-I/git-status.txt
# STATUS: COMPLETE

# ========== PHASE 10 — Final Bundle ==========
# (to be updated when Phase 10 executes)

# [Phase 10] Build final bundle artifacts
# Create: reports/sprint60/sprint-state.json
# Create: reports/sprint60/final-verdict.md
# Update: reports/sprint60/evidence-contract.json (all 36 categories PRESENT)
# Update: reports/sprint60/todo.md (Phase 10 items checked)
# Compute SHA256 for all bundle files -> reports/sprint60/bundle-manifest.json
# git add reports/sprint60/ && git commit (sprint60-bundle)
# git status --short -> empty -> reports/sprint60/git/final-clean-proof.txt
# git add reports/sprint60/git/final-clean-proof.txt && git commit (sprint60-clean-proof)
# STATUS: COMPLETE
