[2026-06-01T13:45:36.553846+00:00] === SPRINT: lowcode-pub-proof-repair-pass2-20260601 ===
[2026-06-01T13:45:36.554092+00:00] === TRAIN A: PREFLIGHT ===
[2026-06-01T13:45:36.555730+00:00] CMD-001 [preflight] Capture git status: git status --short
[2026-06-01T13:45:36.842980+00:00] CMD-002 [preflight] Capture Python/dotnet/OS versions: python --version
[2026-06-01T13:45:36.892974+00:00] CMD-003 [preflight] Capture dotnet version: dotnet --version
[2026-06-01T13:45:37.229510+00:00] Preflight complete
[2026-06-01T13:45:37.254688+00:00] Found 49 examples, 56 decisions
[2026-06-01T13:45:37.254800+00:00] === TRAIN E: FULL PACKAGE ARTIFACTS ===
[2026-06-01T13:45:38.351182+00:00] Package artifacts: 44 (main=42, companion=1, env_dep=1)
[2026-06-01T13:45:38.351348+00:00]   With README: 43
[2026-06-01T13:45:38.351386+00:00]   With expected-output: 43
[2026-06-01T13:45:38.351422+00:00] === TRAIN F: E2E + OUTPUT VALIDATION ===
[2026-06-01T13:45:38.351495+00:00] CMD-004 [package-replay] Replay package artifact verification: python -c import json,pathlib; p=pathlib.Path(r'C:\Users\prora\OneDrive\Documents\GitHub\lowcode-example-generator-gitlab\reports\lowcode-pub-proof-repair-pass2-20260601')/r'packaging/package-manifest.json'; d=json.loads(p.read_text()); print(f\"Packages: {d['total']}\")
[2026-06-01T13:52:16.924492+00:00] E2E publishable: 44/44
[2026-06-01T13:52:16.924601+00:00] E2E diagnostic: 5/5
[2026-06-01T13:52:16.924636+00:00] Output proofs: 49 (44 pub, 5 diag)
[2026-06-01T13:52:16.924721+00:00] === TRAIN G: DECISION BOARD LOCK ===
[2026-06-01T13:52:16.952579+00:00] Decision board locked: 44 publish, 12 exclude
[2026-06-01T13:52:16.952699+00:00] === TRAIN H: PYTEST ===
[2026-06-01T13:52:16.953567+00:00] CMD-006 [pytest] Full pytest suite: C:\Users\prora\OneDrive\Documents\GitHub\lowcode-example-generator-gitlab\.venv\Scripts\python.exe -m pytest tests/ -v --tb=short -q
[2026-06-01T13:58:30.568568+00:00] pytest: 3222 passed, 18 skipped, 0 failed
[2026-06-01T13:58:30.583025+00:00] === TRAIN C: VALIDATORS ===
[2026-06-01T13:58:30.583692+00:00]   [PASS] V01: Sidecar validated post-ZIP build -- deferred to post-build verification
[2026-06-01T13:58:30.604518+00:00]   [PASS] V02: Package artifacts contain real directories -- found 44
[2026-06-01T13:58:30.605217+00:00]   [PASS] V03: Command ledger has stdout/stderr files -- found 6
[2026-06-01T13:58:30.608117+00:00]   [PASS] V03b: Command index file references valid -- all 6 commands verified
[2026-06-01T13:58:30.608397+00:00]   [PASS] V04: per-example-output-proof.json exists
[2026-06-01T13:58:30.609039+00:00]   [PASS] V05: FormImporter NOT in E2E denominator
[2026-06-01T13:58:30.609095+00:00]   [PASS] V06: Publishable count matches package count -- pkg=44
[2026-06-01T13:58:30.609781+00:00]   [PASS] V07: Duplicates excluded from packages -- found: []
[2026-06-01T13:58:30.609996+00:00]   [PASS] V08: Helper (slides/for-each) not in packages
[2026-06-01T13:58:30.610039+00:00]   [PASS] V09: FormImporter not in E2E pass counts -- FormImporter excluded from E2E by design
[2026-06-01T13:58:30.611027+00:00]   [PASS] V10: No deferred decision items -- found 0
[2026-06-01T13:58:30.611084+00:00]   [PASS] V11: E2E publishable all pass -- 44/44
[2026-06-01T13:58:30.807239+00:00]   [PASS] V12: No static PFX in tracked git -- found: []
[2026-06-01T13:58:30.807386+00:00]   [PASS] V13: Package completeness policy enforced -- all 44 satisfy policy
[2026-06-01T13:58:30.825845+00:00] Validators: 14/14 PASS
[2026-06-01T13:58:30.840286+00:00] === TRAIN I: PUBLICATION DRY-RUN ===
[2026-06-01T13:58:30.877991+00:00] Publication dry-run: 6 families, approval-blocked
[2026-06-01T13:58:30.878125+00:00] === ZIP BUILD (NON-CIRCULAR SIDECAR) ===
[2026-06-01T13:58:31.610306+00:00] ZIP: 340 entries, 219159 bytes
[2026-06-01T13:58:31.610455+00:00] SHA-256: cd88844851f08d7865101cb0d0845ace51e1b98b8e5ce7224ee699eb772b4c4c
[2026-06-01T13:58:31.610492+00:00] Sidecar verified: True
[2026-06-01T13:58:31.639782+00:00] === TRAIN J: INDEPENDENT VERIFICATION ===
[2026-06-01T13:58:31.681986+00:00] IV: 13/13 gates pass