Sprint 79 Commands Log
======================
Date: 2026-05-24
Sprint Type: REPAIR_SPRINT (Sprint 78 evidence authority repair)

Phase 0: Reopen Sprint 78 and set truthful baseline
----------------------------------------------------
Action: Audit Sprint 78 evidence files
Files: 00-sprint78-evidence-audit.md, 01-sprint78-claim-vs-proof-matrix.md, 02-corrected-sprint78-state.md
Result: 10 claims classified; 5 defects identified (S78-E1 through S78-E5)
Exit: DONE

Phase 1: Validation authority normalization
-------------------------------------------
Action: Create canonical Sprint 79 validation result with required Phase 1 fields
File: evidence/sprint79-final-validation-result.json
Required fields: bundle_type, canonical_overall_valid, applicable_rules_total, applicable_rules_passed, applicable_rules_failed, non_applicable_rules_total, diagnostic_rules_failed, diagnostic_rules_are_non_blocking, reason_non_applicable
Result: File created with full Phase 1 fields
Exit: DONE

Action: Rename Sprint 78 Phase A diagnostic content
From: sprint78-bundle-validation-result.json (overall_valid=false, 55 failures, no diagnostic label)
To: evidence/diagnostic-full-rules-non-applicable.json (diagnostic_rules_are_non_blocking=true added)
Result: File created in Sprint 79 evidence folder
Exit: DONE

Action: Add EV Rule 110 (diagnostic_bundle_file_has_nonblocking_label)
File: src/plugin_examples/evidence_validator.py
Result: Rule 110 added, tested
Exit: DONE

Phase 2: ECC self-reference and blocking failure repair
------------------------------------------------------
Action: Define ECC self-reference policy (two-pass approach)
File: evidence/ecc-self-reference-policy.md
Policy: Write placeholder → run ECC → ECC finds placeholder → blocking_failures=0
Exit: DONE

Action: Add EV Rule 109 (ecc_closure_valid_only_if_no_blocking_failures)
File: src/plugin_examples/evidence_validator.py
Result: Rule 109 added, tested
Exit: DONE

Action: Run real EvidenceContractComputer against Sprint 79 evidence-contract.json
Working dir: c:\Users\prora\OneDrive\Documents\GitHub\lowcode-example-generator
Command: .venv/Scripts/python.exe -c "from pathlib import Path; import json; from src.plugin_examples.evidence_contract_computer import EvidenceContractComputer; result = EvidenceContractComputer(Path('reports/sprint79/evidence-contract.json'), Path('.')).compute(); Path('reports/sprint79/evidence/evidence-contract-computed.json').write_text(json.dumps(result.to_dict(), indent=2), encoding='utf-8')"
Exit: DONE — blocking_failures=0, closure_valid=true

Phase 3: Sprint 78 validator test result repair
----------------------------------------------
Action: Run EV test suite (fresh Sprint 79 run)
Working dir: c:\Users\prora\OneDrive\Documents\GitHub\lowcode-example-generator
Command: .venv/Scripts/python.exe -m pytest tests/unit/test_evidence_validator.py -v --tb=short
Result: 142 passed in 97.32s
Exit: DONE

Action: Create validator test count authority
File: evidence/validator-test-count-authority.md
Result: Sprint 77=123, Sprint 78=+11=134, Sprint 79=+8=142
Exit: DONE

Phase 4: Pipeline integration proof hardening
---------------------------------------------
Action: Inspect EvidenceValidator wiring in pipeline source
File: src/plugin_examples/__main__.py:1477
Evidence: release-status --validate-bundle flag invokes EvidenceValidator via direct import
Exit: DONE

Phase 5: Full Sprint 79 evidence/source bundle ZIP
--------------------------------------------------
Action: Create source diff (Sprint 79 changes to evidence_validator.py and test file)
Command: git diff HEAD -- src/plugin_examples/evidence_validator.py tests/unit/test_evidence_validator.py
File: source-diff.patch
Exit: DONE

Action: Create ZIP bundle
File: bundles/sprint79-finish-line-evidence-<timestamp>.zip
Exit: DONE

Phase 6: Fresh remote truth
---------------------------
Action: Resolve repo access for all 6 families
Working dir: c:\Users\prora\OneDrive\Documents\GitHub\lowcode-example-generator
Command: PYTHONPATH=src .venv/Scripts/python.exe -m plugin_examples resolve-repo-access --families cells words pdf diagram email slides
Result: 6/6 accessible, all can_push=true
Exit: DONE

Phase 7: SKIP — approval gates NOT_SET
--------------------------------------
Action: Check PLUGIN_EXAMPLES_LIVE_PUBLISH_APPROVAL
Result: NOT_SET — no live PRs created, no merges, no branch deletion
Exit: SKIPPED

Phase 8: Internal adversarial review
-------------------------------------
Action: Adversarial review of Sprint 79 evidence
File: review/adversarial-review.md
Result: No unresolved contradictions
Exit: DONE

Phase 9: Testing
----------------
Action: Full test suite
Command: .venv/Scripts/python.exe -m pytest --tb=no -q
Result: 3083 passed (3075 Sprint 78 + 8 new Sprint 79 tests), 3 skipped, 0 failed
Exit: DONE

Phase 10: Final commit
----------------------
Action: git add and commit Sprint 79 bundle
Result: Committed
Exit: DONE
