# epub — dotnet restore probe
# Package: N/A
# Status: EXTERNAL_PACKAGE_BLOCKER
# Sprint: lowcode-systemization-pass2-20260530

Build started 30/05/2026 4:30:52 pm.
     1>Project "C:\Users\prora\AppData\Local\Temp\tmps8rvp27d\probe-epub\probe-epub.csproj" on node 1 (Restore target(s)).
     1>_GetAllRestoreProjectPathItems:
         Determining projects to restore...
       Restore:
         X.509 certificate chain validation will use the default trust store selected by .NET for code signing.
         X.509 certificate chain validation will use the default trust store selected by .NET for timestamping.
         Restoring packages for C:\Users\prora\AppData\Local\Temp\tmps8rvp27d\probe-epub\probe-epub.csproj...
           GET https://api.nuget.org/v3-flatcontainer/aspose.epub/index.json
           NotFound https://api.nuget.org/v3-flatcontainer/aspose.epub/index.json 643ms
     1>C:\Users\prora\AppData\Local\Temp\tmps8rvp27d\probe-epub\probe-epub.csproj : error NU1101: Unable to find package Aspose.Epub. No packages exist with this id in source(s): Microsoft Visual Studio Offline Packages, nuget.org
           CACHE https://api.nuget.org/v3/vulnerabilities/index.json
           CACHE https://api.nuget.org/v3-vulnerabilities/2026.05.30.05.46.15/vulnerability.base.json
           CACHE https://api.nuget.org/v3-vulnerabilities/2026.05.30.05.46.15/2026.05.30.05.46.15/vulnerability.update.json
         Generating MSBuild file C:\Users\prora\AppData\Local\Temp\tmps8rvp27d\probe-epub\obj\probe-epub.csproj.nuget.g.props.
         Generating MSBuild file C:\Users\prora\AppData\Local\Temp\tmps8rvp27d\probe-epub\obj\probe-epub.csproj.nuget.g.targets.
         Writing assets file to disk. Path: C:\Users\prora\AppData\Local\Temp\tmps8rvp27d\probe-epub\obj\project.assets.json
         Failed to restore C:\Users\prora\AppData\Local\Temp\tmps8rvp27d\probe-epub\probe-epub.csproj (in 1.16 sec).
         
         NuGet Config files used:
             C:\Users\prora\AppData\Roaming\NuGet\NuGet.Config
             C:\Program Files (x86)\NuGet\Config\Microsoft.VisualStudio.FallbackLocation.config
             C:\Program Files (x86)\NuGet\Config\Microsoft.VisualStudio.Offline.config
         
         Feeds used:
             https://api.nuget.org/v3/index.json
             C:\Program Files (x86)\Microsoft SDKs\NuGetPackages\
     1>Done Building Project "C:\Users\prora\AppData\Local\Temp\tmps8rvp27d\probe-epub\probe-epub.csproj" (Restore target(s)) -- FAILED.

Build FAILED.

       "C:\Users\prora\AppData\Local\Temp\tmps8rvp27d\probe-epub\probe-epub.csproj" (Restore target) (1) ->
       (Restore target) -> 
         C:\Users\prora\AppData\Local\Temp\tmps8rvp27d\probe-epub\probe-epub.csproj : error NU1101: Unable to find package Aspose.Epub. No packages exist with this id in source(s): Microsoft Visual Studio Offline Packages, nuget.org

    0 Warning(s)
    1 Error(s)

Time Elapsed 00:00:02.65